stm32f103c6_exti_driver.c:13:6:update_EXTI	24	static
stm32f103c6_exti_driver.c:134:6:MCAL_EXTI_deInit	4	static
stm32f103c6_exti_driver.c:171:6:MCAL_EXTI_init	16	static
stm32f103c6_exti_driver.c:185:6:MCAL_EXTI_update	16	static
stm32f103c6_exti_driver.c:191:6:EXTI0_IRQHandler	8	static
stm32f103c6_exti_driver.c:196:6:EXTI1_IRQHandler	8	static
stm32f103c6_exti_driver.c:202:6:EXTI2_IRQHandler	8	static
stm32f103c6_exti_driver.c:206:6:EXTI3_IRQHandler	8	static
stm32f103c6_exti_driver.c:210:6:EXTI4_IRQHandler	8	static
stm32f103c6_exti_driver.c:214:6:EXTI9_5_IRQHandler	8	static
stm32f103c6_exti_driver.c:233:6:EXTI15_10_IRQHandler	8	static
