Archive member included to satisfy reference by file (symbol)

c:/st/stm32cubeide_1.4.0/stm32cubeide/plugins/com.st.stm32cube.ide.mcu.externaltools.gnu-tools-for-stm32.10.3-2021.10.win32_1.0.0.202111181127/tools/bin/../lib/gcc/arm-none-eabi/10.3.1/../../../../arm-none-eabi/lib/thumb/v7-m/nofp\libc_nano.a(lib_a-errno.o)
                              ./Src/syscalls.o (__errno)
c:/st/stm32cubeide_1.4.0/stm32cubeide/plugins/com.st.stm32cube.ide.mcu.externaltools.gnu-tools-for-stm32.10.3-2021.10.win32_1.0.0.202111181127/tools/bin/../lib/gcc/arm-none-eabi/10.3.1/../../../../arm-none-eabi/lib/thumb/v7-m/nofp\libc_nano.a(lib_a-exit.o)
                              c:/st/stm32cubeide_1.4.0/stm32cubeide/plugins/com.st.stm32cube.ide.mcu.externaltools.gnu-tools-for-stm32.10.3-2021.10.win32_1.0.0.202111181127/tools/bin/../lib/gcc/arm-none-eabi/10.3.1/../../../../arm-none-eabi/lib/thumb/v7-m/nofp/crt0.o (exit)
c:/st/stm32cubeide_1.4.0/stm32cubeide/plugins/com.st.stm32cube.ide.mcu.externaltools.gnu-tools-for-stm32.10.3-2021.10.win32_1.0.0.202111181127/tools/bin/../lib/gcc/arm-none-eabi/10.3.1/../../../../arm-none-eabi/lib/thumb/v7-m/nofp\libc_nano.a(lib_a-impure.o)
                              c:/st/stm32cubeide_1.4.0/stm32cubeide/plugins/com.st.stm32cube.ide.mcu.externaltools.gnu-tools-for-stm32.10.3-2021.10.win32_1.0.0.202111181127/tools/bin/../lib/gcc/arm-none-eabi/10.3.1/../../../../arm-none-eabi/lib/thumb/v7-m/nofp\libc_nano.a(lib_a-exit.o) (_global_impure_ptr)
c:/st/stm32cubeide_1.4.0/stm32cubeide/plugins/com.st.stm32cube.ide.mcu.externaltools.gnu-tools-for-stm32.10.3-2021.10.win32_1.0.0.202111181127/tools/bin/../lib/gcc/arm-none-eabi/10.3.1/../../../../arm-none-eabi/lib/thumb/v7-m/nofp\libc_nano.a(lib_a-init.o)
                              c:/st/stm32cubeide_1.4.0/stm32cubeide/plugins/com.st.stm32cube.ide.mcu.externaltools.gnu-tools-for-stm32.10.3-2021.10.win32_1.0.0.202111181127/tools/bin/../lib/gcc/arm-none-eabi/10.3.1/../../../../arm-none-eabi/lib/thumb/v7-m/nofp/crt0.o (__libc_init_array)
c:/st/stm32cubeide_1.4.0/stm32cubeide/plugins/com.st.stm32cube.ide.mcu.externaltools.gnu-tools-for-stm32.10.3-2021.10.win32_1.0.0.202111181127/tools/bin/../lib/gcc/arm-none-eabi/10.3.1/../../../../arm-none-eabi/lib/thumb/v7-m/nofp\libc_nano.a(lib_a-memset.o)
                              c:/st/stm32cubeide_1.4.0/stm32cubeide/plugins/com.st.stm32cube.ide.mcu.externaltools.gnu-tools-for-stm32.10.3-2021.10.win32_1.0.0.202111181127/tools/bin/../lib/gcc/arm-none-eabi/10.3.1/../../../../arm-none-eabi/lib/thumb/v7-m/nofp/crt0.o (memset)

Discarded input sections

 .text          0x0000000000000000        0x0 c:/st/stm32cubeide_1.4.0/stm32cubeide/plugins/com.st.stm32cube.ide.mcu.externaltools.gnu-tools-for-stm32.10.3-2021.10.win32_1.0.0.202111181127/tools/bin/../lib/gcc/arm-none-eabi/10.3.1/thumb/v7-m/nofp/crti.o
 .data          0x0000000000000000        0x0 c:/st/stm32cubeide_1.4.0/stm32cubeide/plugins/com.st.stm32cube.ide.mcu.externaltools.gnu-tools-for-stm32.10.3-2021.10.win32_1.0.0.202111181127/tools/bin/../lib/gcc/arm-none-eabi/10.3.1/thumb/v7-m/nofp/crti.o
 .bss           0x0000000000000000        0x0 c:/st/stm32cubeide_1.4.0/stm32cubeide/plugins/com.st.stm32cube.ide.mcu.externaltools.gnu-tools-for-stm32.10.3-2021.10.win32_1.0.0.202111181127/tools/bin/../lib/gcc/arm-none-eabi/10.3.1/thumb/v7-m/nofp/crti.o
 .data          0x0000000000000000        0x4 c:/st/stm32cubeide_1.4.0/stm32cubeide/plugins/com.st.stm32cube.ide.mcu.externaltools.gnu-tools-for-stm32.10.3-2021.10.win32_1.0.0.202111181127/tools/bin/../lib/gcc/arm-none-eabi/10.3.1/thumb/v7-m/nofp/crtbegin.o
 .rodata        0x0000000000000000       0x24 c:/st/stm32cubeide_1.4.0/stm32cubeide/plugins/com.st.stm32cube.ide.mcu.externaltools.gnu-tools-for-stm32.10.3-2021.10.win32_1.0.0.202111181127/tools/bin/../lib/gcc/arm-none-eabi/10.3.1/thumb/v7-m/nofp/crtbegin.o
 .text          0x0000000000000000       0x7c c:/st/stm32cubeide_1.4.0/stm32cubeide/plugins/com.st.stm32cube.ide.mcu.externaltools.gnu-tools-for-stm32.10.3-2021.10.win32_1.0.0.202111181127/tools/bin/../lib/gcc/arm-none-eabi/10.3.1/../../../../arm-none-eabi/lib/thumb/v7-m/nofp/crt0.o
 .data          0x0000000000000000        0x0 c:/st/stm32cubeide_1.4.0/stm32cubeide/plugins/com.st.stm32cube.ide.mcu.externaltools.gnu-tools-for-stm32.10.3-2021.10.win32_1.0.0.202111181127/tools/bin/../lib/gcc/arm-none-eabi/10.3.1/../../../../arm-none-eabi/lib/thumb/v7-m/nofp/crt0.o
 .bss           0x0000000000000000        0x0 c:/st/stm32cubeide_1.4.0/stm32cubeide/plugins/com.st.stm32cube.ide.mcu.externaltools.gnu-tools-for-stm32.10.3-2021.10.win32_1.0.0.202111181127/tools/bin/../lib/gcc/arm-none-eabi/10.3.1/../../../../arm-none-eabi/lib/thumb/v7-m/nofp/crt0.o
 .ARM.extab     0x0000000000000000        0x0 c:/st/stm32cubeide_1.4.0/stm32cubeide/plugins/com.st.stm32cube.ide.mcu.externaltools.gnu-tools-for-stm32.10.3-2021.10.win32_1.0.0.202111181127/tools/bin/../lib/gcc/arm-none-eabi/10.3.1/../../../../arm-none-eabi/lib/thumb/v7-m/nofp/crt0.o
 .ARM.exidx     0x0000000000000000       0x10 c:/st/stm32cubeide_1.4.0/stm32cubeide/plugins/com.st.stm32cube.ide.mcu.externaltools.gnu-tools-for-stm32.10.3-2021.10.win32_1.0.0.202111181127/tools/bin/../lib/gcc/arm-none-eabi/10.3.1/../../../../arm-none-eabi/lib/thumb/v7-m/nofp/crt0.o
 .ARM.attributes
                0x0000000000000000       0x1b c:/st/stm32cubeide_1.4.0/stm32cubeide/plugins/com.st.stm32cube.ide.mcu.externaltools.gnu-tools-for-stm32.10.3-2021.10.win32_1.0.0.202111181127/tools/bin/../lib/gcc/arm-none-eabi/10.3.1/../../../../arm-none-eabi/lib/thumb/v7-m/nofp/crt0.o
 .group         0x0000000000000000        0xc ./HAL/7Segment_Driver/7segment.o
 .group         0x0000000000000000        0xc ./HAL/7Segment_Driver/7segment.o
 .group         0x0000000000000000        0xc ./HAL/7Segment_Driver/7segment.o
 .group         0x0000000000000000        0xc ./HAL/7Segment_Driver/7segment.o
 .group         0x0000000000000000        0xc ./HAL/7Segment_Driver/7segment.o
 .text          0x0000000000000000        0x0 ./HAL/7Segment_Driver/7segment.o
 .data          0x0000000000000000        0x0 ./HAL/7Segment_Driver/7segment.o
 .bss           0x0000000000000000        0x0 ./HAL/7Segment_Driver/7segment.o
 .data.numbers  0x0000000000000000        0xa ./HAL/7Segment_Driver/7segment.o
 .text._7segment_init
                0x0000000000000000       0xb8 ./HAL/7Segment_Driver/7segment.o
 .text._7segment_printNumber
                0x0000000000000000       0x30 ./HAL/7Segment_Driver/7segment.o
 .debug_info    0x0000000000000000      0xd75 ./HAL/7Segment_Driver/7segment.o
 .debug_abbrev  0x0000000000000000      0x195 ./HAL/7Segment_Driver/7segment.o
 .debug_loc     0x0000000000000000       0xa0 ./HAL/7Segment_Driver/7segment.o
 .debug_aranges
                0x0000000000000000       0x28 ./HAL/7Segment_Driver/7segment.o
 .debug_ranges  0x0000000000000000       0x18 ./HAL/7Segment_Driver/7segment.o
 .debug_macro   0x0000000000000000       0x35 ./HAL/7Segment_Driver/7segment.o
 .debug_macro   0x0000000000000000      0xa72 ./HAL/7Segment_Driver/7segment.o
 .debug_macro   0x0000000000000000       0x1c ./HAL/7Segment_Driver/7segment.o
 .debug_macro   0x0000000000000000      0x23a ./HAL/7Segment_Driver/7segment.o
 .debug_macro   0x0000000000000000       0xd0 ./HAL/7Segment_Driver/7segment.o
 .debug_macro   0x0000000000000000       0x76 ./HAL/7Segment_Driver/7segment.o
 .debug_line    0x0000000000000000      0x19f ./HAL/7Segment_Driver/7segment.o
 .debug_str     0x0000000000000000     0x43fc ./HAL/7Segment_Driver/7segment.o
 .comment       0x0000000000000000       0x51 ./HAL/7Segment_Driver/7segment.o
 .debug_frame   0x0000000000000000       0x58 ./HAL/7Segment_Driver/7segment.o
 .ARM.attributes
                0x0000000000000000       0x2d ./HAL/7Segment_Driver/7segment.o
 .group         0x0000000000000000        0xc ./HAL/EEPROM_Driver/EEPROM.o
 .group         0x0000000000000000        0xc ./HAL/EEPROM_Driver/EEPROM.o
 .group         0x0000000000000000        0xc ./HAL/EEPROM_Driver/EEPROM.o
 .group         0x0000000000000000        0xc ./HAL/EEPROM_Driver/EEPROM.o
 .group         0x0000000000000000        0xc ./HAL/EEPROM_Driver/EEPROM.o
 .text          0x0000000000000000        0x0 ./HAL/EEPROM_Driver/EEPROM.o
 .data          0x0000000000000000        0x0 ./HAL/EEPROM_Driver/EEPROM.o
 .bss           0x0000000000000000        0x0 ./HAL/EEPROM_Driver/EEPROM.o
 .debug_macro   0x0000000000000000      0xa72 ./HAL/EEPROM_Driver/EEPROM.o
 .debug_macro   0x0000000000000000       0x1c ./HAL/EEPROM_Driver/EEPROM.o
 .debug_macro   0x0000000000000000      0x23a ./HAL/EEPROM_Driver/EEPROM.o
 .group         0x0000000000000000        0xc ./HAL/Keypad_Driver/Keypad.o
 .group         0x0000000000000000        0xc ./HAL/Keypad_Driver/Keypad.o
 .group         0x0000000000000000        0xc ./HAL/Keypad_Driver/Keypad.o
 .group         0x0000000000000000        0xc ./HAL/Keypad_Driver/Keypad.o
 .group         0x0000000000000000        0xc ./HAL/Keypad_Driver/Keypad.o
 .text          0x0000000000000000        0x0 ./HAL/Keypad_Driver/Keypad.o
 .data          0x0000000000000000        0x0 ./HAL/Keypad_Driver/Keypad.o
 .bss           0x0000000000000000        0x0 ./HAL/Keypad_Driver/Keypad.o
 .data.KEYPAD_row
                0x0000000000000000        0x4 ./HAL/Keypad_Driver/Keypad.o
 .data.KEYPAD_col
                0x0000000000000000        0x4 ./HAL/Keypad_Driver/Keypad.o
 .text.KEYPAD_init
                0x0000000000000000       0x74 ./HAL/Keypad_Driver/Keypad.o
 .text.KEYPAD_getChar
                0x0000000000000000      0x16c ./HAL/Keypad_Driver/Keypad.o
 .debug_info    0x0000000000000000      0xdc3 ./HAL/Keypad_Driver/Keypad.o
 .debug_abbrev  0x0000000000000000      0x19f ./HAL/Keypad_Driver/Keypad.o
 .debug_loc     0x0000000000000000       0xa0 ./HAL/Keypad_Driver/Keypad.o
 .debug_aranges
                0x0000000000000000       0x28 ./HAL/Keypad_Driver/Keypad.o
 .debug_ranges  0x0000000000000000       0x18 ./HAL/Keypad_Driver/Keypad.o
 .debug_macro   0x0000000000000000       0x35 ./HAL/Keypad_Driver/Keypad.o
 .debug_macro   0x0000000000000000      0xa72 ./HAL/Keypad_Driver/Keypad.o
 .debug_macro   0x0000000000000000       0x1c ./HAL/Keypad_Driver/Keypad.o
 .debug_macro   0x0000000000000000      0x23a ./HAL/Keypad_Driver/Keypad.o
 .debug_macro   0x0000000000000000       0xd0 ./HAL/Keypad_Driver/Keypad.o
 .debug_macro   0x0000000000000000       0x40 ./HAL/Keypad_Driver/Keypad.o
 .debug_line    0x0000000000000000      0x247 ./HAL/Keypad_Driver/Keypad.o
 .debug_str     0x0000000000000000     0x4362 ./HAL/Keypad_Driver/Keypad.o
 .comment       0x0000000000000000       0x51 ./HAL/Keypad_Driver/Keypad.o
 .debug_frame   0x0000000000000000       0x58 ./HAL/Keypad_Driver/Keypad.o
 .ARM.attributes
                0x0000000000000000       0x2d ./HAL/Keypad_Driver/Keypad.o
 .group         0x0000000000000000        0xc ./HAL/LCD_Driver/LCD.o
 .group         0x0000000000000000        0xc ./HAL/LCD_Driver/LCD.o
 .group         0x0000000000000000        0xc ./HAL/LCD_Driver/LCD.o
 .group         0x0000000000000000        0xc ./HAL/LCD_Driver/LCD.o
 .group         0x0000000000000000        0xc ./HAL/LCD_Driver/LCD.o
 .text          0x0000000000000000        0x0 ./HAL/LCD_Driver/LCD.o
 .data          0x0000000000000000        0x0 ./HAL/LCD_Driver/LCD.o
 .bss           0x0000000000000000        0x0 ./HAL/LCD_Driver/LCD.o
 .bss.cfg       0x0000000000000000        0x3 ./HAL/LCD_Driver/LCD.o
 .bss.LCD_cursor_position
                0x0000000000000000        0x1 ./HAL/LCD_Driver/LCD.o
 .data.LCD_Pins
                0x0000000000000000        0xb ./HAL/LCD_Driver/LCD.o
 .text.delay    0x0000000000000000       0x3a ./HAL/LCD_Driver/LCD.o
 .text.LCD_kick
                0x0000000000000000       0x28 ./HAL/LCD_Driver/LCD.o
 .text.LCD_isBusy
                0x0000000000000000       0xb4 ./HAL/LCD_Driver/LCD.o
 .text.LCD_sendCommand
                0x0000000000000000       0x40 ./HAL/LCD_Driver/LCD.o
 .text.LCD_clearScreen
                0x0000000000000000       0x18 ./HAL/LCD_Driver/LCD.o
 .text.LCD_init
                0x0000000000000000       0x78 ./HAL/LCD_Driver/LCD.o
 .text.LCD_printChar
                0x0000000000000000       0x74 ./HAL/LCD_Driver/LCD.o
 .text.LCD_printString
                0x0000000000000000       0x2c ./HAL/LCD_Driver/LCD.o
 .text.LCD_goToXY
                0x0000000000000000       0x68 ./HAL/LCD_Driver/LCD.o
 .debug_info    0x0000000000000000      0xf0e ./HAL/LCD_Driver/LCD.o
 .debug_abbrev  0x0000000000000000      0x1ec ./HAL/LCD_Driver/LCD.o
 .debug_loc     0x0000000000000000      0x294 ./HAL/LCD_Driver/LCD.o
 .debug_aranges
                0x0000000000000000       0x60 ./HAL/LCD_Driver/LCD.o
 .debug_ranges  0x0000000000000000       0x50 ./HAL/LCD_Driver/LCD.o
 .debug_macro   0x0000000000000000       0x35 ./HAL/LCD_Driver/LCD.o
 .debug_macro   0x0000000000000000      0xa72 ./HAL/LCD_Driver/LCD.o
 .debug_macro   0x0000000000000000       0x1c ./HAL/LCD_Driver/LCD.o
 .debug_macro   0x0000000000000000      0x23a ./HAL/LCD_Driver/LCD.o
 .debug_macro   0x0000000000000000       0xd0 ./HAL/LCD_Driver/LCD.o
 .debug_macro   0x0000000000000000       0xa0 ./HAL/LCD_Driver/LCD.o
 .debug_line    0x0000000000000000      0x340 ./HAL/LCD_Driver/LCD.o
 .debug_str     0x0000000000000000     0x45a7 ./HAL/LCD_Driver/LCD.o
 .comment       0x0000000000000000       0x51 ./HAL/LCD_Driver/LCD.o
 .debug_frame   0x0000000000000000      0x148 ./HAL/LCD_Driver/LCD.o
 .ARM.attributes
                0x0000000000000000       0x2d ./HAL/LCD_Driver/LCD.o
 .group         0x0000000000000000        0xc ./STM32F103C6_Drivers/EXTI/stm32f103c6_exti_driver.o
 .group         0x0000000000000000        0xc ./STM32F103C6_Drivers/EXTI/stm32f103c6_exti_driver.o
 .group         0x0000000000000000        0xc ./STM32F103C6_Drivers/EXTI/stm32f103c6_exti_driver.o
 .group         0x0000000000000000        0xc ./STM32F103C6_Drivers/EXTI/stm32f103c6_exti_driver.o
 .group         0x0000000000000000        0xc ./STM32F103C6_Drivers/EXTI/stm32f103c6_exti_driver.o
 .text          0x0000000000000000        0x0 ./STM32F103C6_Drivers/EXTI/stm32f103c6_exti_driver.o
 .data          0x0000000000000000        0x0 ./STM32F103C6_Drivers/EXTI/stm32f103c6_exti_driver.o
 .bss           0x0000000000000000        0x0 ./STM32F103C6_Drivers/EXTI/stm32f103c6_exti_driver.o
 .text.update_EXTI
                0x0000000000000000      0x2fc ./STM32F103C6_Drivers/EXTI/stm32f103c6_exti_driver.o
 .text.MCAL_EXTI_deInit
                0x0000000000000000       0xa0 ./STM32F103C6_Drivers/EXTI/stm32f103c6_exti_driver.o
 .text.MCAL_EXTI_init
                0x0000000000000000       0x16 ./STM32F103C6_Drivers/EXTI/stm32f103c6_exti_driver.o
 .text.MCAL_EXTI_update
                0x0000000000000000       0x16 ./STM32F103C6_Drivers/EXTI/stm32f103c6_exti_driver.o
 .debug_macro   0x0000000000000000      0xa72 ./STM32F103C6_Drivers/EXTI/stm32f103c6_exti_driver.o
 .debug_macro   0x0000000000000000       0x1c ./STM32F103C6_Drivers/EXTI/stm32f103c6_exti_driver.o
 .debug_macro   0x0000000000000000      0x23a ./STM32F103C6_Drivers/EXTI/stm32f103c6_exti_driver.o
 .debug_macro   0x0000000000000000       0xd0 ./STM32F103C6_Drivers/EXTI/stm32f103c6_exti_driver.o
 .group         0x0000000000000000        0xc ./STM32F103C6_Drivers/GPIO/stm32f103c6_gpio_driver.o
 .group         0x0000000000000000        0xc ./STM32F103C6_Drivers/GPIO/stm32f103c6_gpio_driver.o
 .group         0x0000000000000000        0xc ./STM32F103C6_Drivers/GPIO/stm32f103c6_gpio_driver.o
 .group         0x0000000000000000        0xc ./STM32F103C6_Drivers/GPIO/stm32f103c6_gpio_driver.o
 .text          0x0000000000000000        0x0 ./STM32F103C6_Drivers/GPIO/stm32f103c6_gpio_driver.o
 .data          0x0000000000000000        0x0 ./STM32F103C6_Drivers/GPIO/stm32f103c6_gpio_driver.o
 .bss           0x0000000000000000        0x0 ./STM32F103C6_Drivers/GPIO/stm32f103c6_gpio_driver.o
 .text.MCAL_GPIO_deinit
                0x0000000000000000       0xc0 ./STM32F103C6_Drivers/GPIO/stm32f103c6_gpio_driver.o
 .text.MCAL_GPIO_readPin
                0x0000000000000000      0x16c ./STM32F103C6_Drivers/GPIO/stm32f103c6_gpio_driver.o
 .text.MCAL_GPIO_readPort
                0x0000000000000000       0x1a ./STM32F103C6_Drivers/GPIO/stm32f103c6_gpio_driver.o
 .text.MCAL_GPIO_writePin
                0x0000000000000000      0x38c ./STM32F103C6_Drivers/GPIO/stm32f103c6_gpio_driver.o
 .text.MCAL_GPIO_writePort
                0x0000000000000000       0x56 ./STM32F103C6_Drivers/GPIO/stm32f103c6_gpio_driver.o
 .text.MCAL_GPIO_togglePin
                0x0000000000000000      0x228 ./STM32F103C6_Drivers/GPIO/stm32f103c6_gpio_driver.o
 .text.MCAL_GPIO_lockPin
                0x0000000000000000      0x160 ./STM32F103C6_Drivers/GPIO/stm32f103c6_gpio_driver.o
 .debug_macro   0x0000000000000000      0xa72 ./STM32F103C6_Drivers/GPIO/stm32f103c6_gpio_driver.o
 .debug_macro   0x0000000000000000       0x1c ./STM32F103C6_Drivers/GPIO/stm32f103c6_gpio_driver.o
 .debug_macro   0x0000000000000000      0x23a ./STM32F103C6_Drivers/GPIO/stm32f103c6_gpio_driver.o
 .debug_macro   0x0000000000000000       0xd0 ./STM32F103C6_Drivers/GPIO/stm32f103c6_gpio_driver.o
 .group         0x0000000000000000        0xc ./STM32F103C6_Drivers/I2C/stm32f103c6_i2c_driver.o
 .group         0x0000000000000000        0xc ./STM32F103C6_Drivers/I2C/stm32f103c6_i2c_driver.o
 .group         0x0000000000000000        0xc ./STM32F103C6_Drivers/I2C/stm32f103c6_i2c_driver.o
 .group         0x0000000000000000        0xc ./STM32F103C6_Drivers/I2C/stm32f103c6_i2c_driver.o
 .group         0x0000000000000000        0xc ./STM32F103C6_Drivers/I2C/stm32f103c6_i2c_driver.o
 .group         0x0000000000000000        0xc ./STM32F103C6_Drivers/I2C/stm32f103c6_i2c_driver.o
 .text          0x0000000000000000        0x0 ./STM32F103C6_Drivers/I2C/stm32f103c6_i2c_driver.o
 .data          0x0000000000000000        0x0 ./STM32F103C6_Drivers/I2C/stm32f103c6_i2c_driver.o
 .bss           0x0000000000000000        0x0 ./STM32F103C6_Drivers/I2C/stm32f103c6_i2c_driver.o
 .bss.I2C_P_ISR_CallBack
                0x0000000000000000        0x4 ./STM32F103C6_Drivers/I2C/stm32f103c6_i2c_driver.o
 .text.MCAL_I2C_deinit
                0x0000000000000000       0x84 ./STM32F103C6_Drivers/I2C/stm32f103c6_i2c_driver.o
 .text.MCAL_I2C_SlaveSendData
                0x0000000000000000       0x22 ./STM32F103C6_Drivers/I2C/stm32f103c6_i2c_driver.o
 .text.MCAL_I2C_SlaveRecieveData
                0x0000000000000000       0x18 ./STM32F103C6_Drivers/I2C/stm32f103c6_i2c_driver.o
 .debug_macro   0x0000000000000000      0xa72 ./STM32F103C6_Drivers/I2C/stm32f103c6_i2c_driver.o
 .debug_macro   0x0000000000000000       0x1c ./STM32F103C6_Drivers/I2C/stm32f103c6_i2c_driver.o
 .debug_macro   0x0000000000000000      0x23a ./STM32F103C6_Drivers/I2C/stm32f103c6_i2c_driver.o
 .debug_macro   0x0000000000000000       0x64 ./STM32F103C6_Drivers/I2C/stm32f103c6_i2c_driver.o
 .debug_macro   0x0000000000000000       0xd0 ./STM32F103C6_Drivers/I2C/stm32f103c6_i2c_driver.o
 .group         0x0000000000000000        0xc ./STM32F103C6_Drivers/RCC/stm32f103c6_rcc_driver.o
 .group         0x0000000000000000        0xc ./STM32F103C6_Drivers/RCC/stm32f103c6_rcc_driver.o
 .group         0x0000000000000000        0xc ./STM32F103C6_Drivers/RCC/stm32f103c6_rcc_driver.o
 .group         0x0000000000000000        0xc ./STM32F103C6_Drivers/RCC/stm32f103c6_rcc_driver.o
 .text          0x0000000000000000        0x0 ./STM32F103C6_Drivers/RCC/stm32f103c6_rcc_driver.o
 .data          0x0000000000000000        0x0 ./STM32F103C6_Drivers/RCC/stm32f103c6_rcc_driver.o
 .bss           0x0000000000000000        0x0 ./STM32F103C6_Drivers/RCC/stm32f103c6_rcc_driver.o
 .text.MCAL_RCC_PCLCK2Freq
                0x0000000000000000       0x2c ./STM32F103C6_Drivers/RCC/stm32f103c6_rcc_driver.o
 .debug_macro   0x0000000000000000      0xa72 ./STM32F103C6_Drivers/RCC/stm32f103c6_rcc_driver.o
 .debug_macro   0x0000000000000000       0x1c ./STM32F103C6_Drivers/RCC/stm32f103c6_rcc_driver.o
 .debug_macro   0x0000000000000000      0x23a ./STM32F103C6_Drivers/RCC/stm32f103c6_rcc_driver.o
 .debug_macro   0x0000000000000000       0x16 ./STM32F103C6_Drivers/RCC/stm32f103c6_rcc_driver.o
 .group         0x0000000000000000        0xc ./STM32F103C6_Drivers/SPI/stm32f103c6_spi_driver.o
 .group         0x0000000000000000        0xc ./STM32F103C6_Drivers/SPI/stm32f103c6_spi_driver.o
 .group         0x0000000000000000        0xc ./STM32F103C6_Drivers/SPI/stm32f103c6_spi_driver.o
 .group         0x0000000000000000        0xc ./STM32F103C6_Drivers/SPI/stm32f103c6_spi_driver.o
 .group         0x0000000000000000        0xc ./STM32F103C6_Drivers/SPI/stm32f103c6_spi_driver.o
 .text          0x0000000000000000        0x0 ./STM32F103C6_Drivers/SPI/stm32f103c6_spi_driver.o
 .data          0x0000000000000000        0x0 ./STM32F103C6_Drivers/SPI/stm32f103c6_spi_driver.o
 .bss           0x0000000000000000        0x0 ./STM32F103C6_Drivers/SPI/stm32f103c6_spi_driver.o
 .text.MCAL_SPI_init
                0x0000000000000000      0x330 ./STM32F103C6_Drivers/SPI/stm32f103c6_spi_driver.o
 .text.MCAL_SPI_deinit
                0x0000000000000000       0x40 ./STM32F103C6_Drivers/SPI/stm32f103c6_spi_driver.o
 .text.MCAL_SPI_TxRx
                0x0000000000000000       0x54 ./STM32F103C6_Drivers/SPI/stm32f103c6_spi_driver.o
 .debug_macro   0x0000000000000000      0xa72 ./STM32F103C6_Drivers/SPI/stm32f103c6_spi_driver.o
 .debug_macro   0x0000000000000000       0x1c ./STM32F103C6_Drivers/SPI/stm32f103c6_spi_driver.o
 .debug_macro   0x0000000000000000      0x23a ./STM32F103C6_Drivers/SPI/stm32f103c6_spi_driver.o
 .debug_macro   0x0000000000000000       0xd0 ./STM32F103C6_Drivers/SPI/stm32f103c6_spi_driver.o
 .group         0x0000000000000000        0xc ./STM32F103C6_Drivers/USART/stm32f103c6_usart_driver.o
 .group         0x0000000000000000        0xc ./STM32F103C6_Drivers/USART/stm32f103c6_usart_driver.o
 .group         0x0000000000000000        0xc ./STM32F103C6_Drivers/USART/stm32f103c6_usart_driver.o
 .group         0x0000000000000000        0xc ./STM32F103C6_Drivers/USART/stm32f103c6_usart_driver.o
 .group         0x0000000000000000        0xc ./STM32F103C6_Drivers/USART/stm32f103c6_usart_driver.o
 .group         0x0000000000000000        0xc ./STM32F103C6_Drivers/USART/stm32f103c6_usart_driver.o
 .text          0x0000000000000000        0x0 ./STM32F103C6_Drivers/USART/stm32f103c6_usart_driver.o
 .data          0x0000000000000000        0x0 ./STM32F103C6_Drivers/USART/stm32f103c6_usart_driver.o
 .bss           0x0000000000000000        0x0 ./STM32F103C6_Drivers/USART/stm32f103c6_usart_driver.o
 .text.MCAL_USART_init
                0x0000000000000000      0x200 ./STM32F103C6_Drivers/USART/stm32f103c6_usart_driver.o
 .text.MCAL_USART_deinit
                0x0000000000000000       0x7c ./STM32F103C6_Drivers/USART/stm32f103c6_usart_driver.o
 .text.MCAL_USART_transmit
                0x0000000000000000       0x68 ./STM32F103C6_Drivers/USART/stm32f103c6_usart_driver.o
 .text.MCAL_USART_receive
                0x0000000000000000       0x96 ./STM32F103C6_Drivers/USART/stm32f103c6_usart_driver.o
 .text.MCAL_USART_transmitString
                0x0000000000000000       0x54 ./STM32F103C6_Drivers/USART/stm32f103c6_usart_driver.o
 .text.MCAL_USART_receiveString
                0x0000000000000000       0x40 ./STM32F103C6_Drivers/USART/stm32f103c6_usart_driver.o
 .debug_macro   0x0000000000000000      0xa72 ./STM32F103C6_Drivers/USART/stm32f103c6_usart_driver.o
 .debug_macro   0x0000000000000000       0x1c ./STM32F103C6_Drivers/USART/stm32f103c6_usart_driver.o
 .debug_macro   0x0000000000000000      0x23a ./STM32F103C6_Drivers/USART/stm32f103c6_usart_driver.o
 .debug_macro   0x0000000000000000       0xd0 ./STM32F103C6_Drivers/USART/stm32f103c6_usart_driver.o
 .debug_macro   0x0000000000000000       0x16 ./STM32F103C6_Drivers/USART/stm32f103c6_usart_driver.o
 .group         0x0000000000000000        0xc ./Src/main.o
 .group         0x0000000000000000        0xc ./Src/main.o
 .group         0x0000000000000000        0xc ./Src/main.o
 .group         0x0000000000000000        0xc ./Src/main.o
 .group         0x0000000000000000        0xc ./Src/main.o
 .group         0x0000000000000000        0xc ./Src/main.o
 .group         0x0000000000000000        0xc ./Src/main.o
 .group         0x0000000000000000        0xc ./Src/main.o
 .text          0x0000000000000000        0x0 ./Src/main.o
 .data          0x0000000000000000        0x0 ./Src/main.o
 .bss           0x0000000000000000        0x0 ./Src/main.o
 .debug_macro   0x0000000000000000      0xa72 ./Src/main.o
 .debug_macro   0x0000000000000000       0x1c ./Src/main.o
 .debug_macro   0x0000000000000000      0x23a ./Src/main.o
 .debug_macro   0x0000000000000000       0xa0 ./Src/main.o
 .debug_macro   0x0000000000000000       0xac ./Src/main.o
 .debug_macro   0x0000000000000000       0x64 ./Src/main.o
 .debug_macro   0x0000000000000000       0xd0 ./Src/main.o
 .debug_macro   0x0000000000000000       0x10 ./Src/main.o
 .group         0x0000000000000000        0xc ./Src/syscalls.o
 .group         0x0000000000000000        0xc ./Src/syscalls.o
 .group         0x0000000000000000        0xc ./Src/syscalls.o
 .group         0x0000000000000000        0xc ./Src/syscalls.o
 .group         0x0000000000000000        0xc ./Src/syscalls.o
 .group         0x0000000000000000        0xc ./Src/syscalls.o
 .group         0x0000000000000000        0xc ./Src/syscalls.o
 .group         0x0000000000000000        0xc ./Src/syscalls.o
 .group         0x0000000000000000        0xc ./Src/syscalls.o
 .group         0x0000000000000000        0xc ./Src/syscalls.o
 .group         0x0000000000000000        0xc ./Src/syscalls.o
 .group         0x0000000000000000        0xc ./Src/syscalls.o
 .group         0x0000000000000000        0xc ./Src/syscalls.o
 .group         0x0000000000000000        0xc ./Src/syscalls.o
 .group         0x0000000000000000        0xc ./Src/syscalls.o
 .group         0x0000000000000000        0xc ./Src/syscalls.o
 .group         0x0000000000000000        0xc ./Src/syscalls.o
 .group         0x0000000000000000        0xc ./Src/syscalls.o
 .group         0x0000000000000000        0xc ./Src/syscalls.o
 .group         0x0000000000000000        0xc ./Src/syscalls.o
 .group         0x0000000000000000        0xc ./Src/syscalls.o
 .group         0x0000000000000000        0xc ./Src/syscalls.o
 .group         0x0000000000000000        0xc ./Src/syscalls.o
 .group         0x0000000000000000        0xc ./Src/syscalls.o
 .group         0x0000000000000000        0xc ./Src/syscalls.o
 .group         0x0000000000000000        0xc ./Src/syscalls.o
 .group         0x0000000000000000        0xc ./Src/syscalls.o
 .group         0x0000000000000000        0xc ./Src/syscalls.o
 .group         0x0000000000000000        0xc ./Src/syscalls.o
 .group         0x0000000000000000        0xc ./Src/syscalls.o
 .group         0x0000000000000000        0xc ./Src/syscalls.o
 .group         0x0000000000000000        0xc ./Src/syscalls.o
 .group         0x0000000000000000        0xc ./Src/syscalls.o
 .group         0x0000000000000000        0xc ./Src/syscalls.o
 .group         0x0000000000000000        0xc ./Src/syscalls.o
 .group         0x0000000000000000        0xc ./Src/syscalls.o
 .group         0x0000000000000000        0xc ./Src/syscalls.o
 .group         0x0000000000000000        0xc ./Src/syscalls.o
 .group         0x0000000000000000        0xc ./Src/syscalls.o
 .group         0x0000000000000000        0xc ./Src/syscalls.o
 .group         0x0000000000000000        0xc ./Src/syscalls.o
 .group         0x0000000000000000        0xc ./Src/syscalls.o
 .group         0x0000000000000000        0xc ./Src/syscalls.o
 .group         0x0000000000000000        0xc ./Src/syscalls.o
 .group         0x0000000000000000        0xc ./Src/syscalls.o
 .group         0x0000000000000000        0xc ./Src/syscalls.o
 .group         0x0000000000000000        0xc ./Src/syscalls.o
 .text          0x0000000000000000        0x0 ./Src/syscalls.o
 .data          0x0000000000000000        0x0 ./Src/syscalls.o
 .bss           0x0000000000000000        0x0 ./Src/syscalls.o
 .bss.__env     0x0000000000000000        0x4 ./Src/syscalls.o
 .data.environ  0x0000000000000000        0x4 ./Src/syscalls.o
 .text.initialise_monitor_handles
                0x0000000000000000        0xc ./Src/syscalls.o
 .text._getpid  0x0000000000000000        0xe ./Src/syscalls.o
 .text._kill    0x0000000000000000       0x20 ./Src/syscalls.o
 .text._exit    0x0000000000000000       0x14 ./Src/syscalls.o
 .text._read    0x0000000000000000       0x3a ./Src/syscalls.o
 .text._write   0x0000000000000000       0x38 ./Src/syscalls.o
 .text._close   0x0000000000000000       0x16 ./Src/syscalls.o
 .text._fstat   0x0000000000000000       0x1e ./Src/syscalls.o
 .text._isatty  0x0000000000000000       0x14 ./Src/syscalls.o
 .text._lseek   0x0000000000000000       0x18 ./Src/syscalls.o
 .text._open    0x0000000000000000       0x1a ./Src/syscalls.o
 .text._wait    0x0000000000000000       0x1e ./Src/syscalls.o
 .text._unlink  0x0000000000000000       0x1e ./Src/syscalls.o
 .text._times   0x0000000000000000       0x16 ./Src/syscalls.o
 .text._stat    0x0000000000000000       0x1e ./Src/syscalls.o
 .text._link    0x0000000000000000       0x20 ./Src/syscalls.o
 .text._fork    0x0000000000000000       0x16 ./Src/syscalls.o
 .text._execve  0x0000000000000000       0x22 ./Src/syscalls.o
 .debug_info    0x0000000000000000      0x77e ./Src/syscalls.o
 .debug_abbrev  0x0000000000000000      0x1c6 ./Src/syscalls.o
 .debug_loc     0x0000000000000000      0x5b8 ./Src/syscalls.o
 .debug_aranges
                0x0000000000000000       0xa8 ./Src/syscalls.o
 .debug_ranges  0x0000000000000000       0x98 ./Src/syscalls.o
 .debug_macro   0x0000000000000000      0x24c ./Src/syscalls.o
 .debug_macro   0x0000000000000000      0xa72 ./Src/syscalls.o
 .debug_macro   0x0000000000000000       0x22 ./Src/syscalls.o
 .debug_macro   0x0000000000000000       0x4c ./Src/syscalls.o
 .debug_macro   0x0000000000000000       0x18 ./Src/syscalls.o
 .debug_macro   0x0000000000000000       0x94 ./Src/syscalls.o
 .debug_macro   0x0000000000000000       0x3c ./Src/syscalls.o
 .debug_macro   0x0000000000000000       0x34 ./Src/syscalls.o
 .debug_macro   0x0000000000000000       0x57 ./Src/syscalls.o
 .debug_macro   0x0000000000000000      0x174 ./Src/syscalls.o
 .debug_macro   0x0000000000000000      0x341 ./Src/syscalls.o
 .debug_macro   0x0000000000000000       0x16 ./Src/syscalls.o
 .debug_macro   0x0000000000000000       0x43 ./Src/syscalls.o
 .debug_macro   0x0000000000000000       0x34 ./Src/syscalls.o
 .debug_macro   0x0000000000000000       0x10 ./Src/syscalls.o
 .debug_macro   0x0000000000000000       0x58 ./Src/syscalls.o
 .debug_macro   0x0000000000000000       0x71 ./Src/syscalls.o
 .debug_macro   0x0000000000000000       0x1c ./Src/syscalls.o
 .debug_macro   0x0000000000000000      0x12a ./Src/syscalls.o
 .debug_macro   0x0000000000000000       0x10 ./Src/syscalls.o
 .debug_macro   0x0000000000000000       0x35 ./Src/syscalls.o
 .debug_macro   0x0000000000000000       0x10 ./Src/syscalls.o
 .debug_macro   0x0000000000000000       0x10 ./Src/syscalls.o
 .debug_macro   0x0000000000000000       0x10 ./Src/syscalls.o
 .debug_macro   0x0000000000000000       0x6a ./Src/syscalls.o
 .debug_macro   0x0000000000000000       0x1c ./Src/syscalls.o
 .debug_macro   0x0000000000000000       0x52 ./Src/syscalls.o
 .debug_macro   0x0000000000000000       0x22 ./Src/syscalls.o
 .debug_macro   0x0000000000000000       0x10 ./Src/syscalls.o
 .debug_macro   0x0000000000000000       0x52 ./Src/syscalls.o
 .debug_macro   0x0000000000000000       0xd5 ./Src/syscalls.o
 .debug_macro   0x0000000000000000       0x1c ./Src/syscalls.o
 .debug_macro   0x0000000000000000       0x3d ./Src/syscalls.o
 .debug_macro   0x0000000000000000       0x35 ./Src/syscalls.o
 .debug_macro   0x0000000000000000      0x12c ./Src/syscalls.o
 .debug_macro   0x0000000000000000       0x16 ./Src/syscalls.o
 .debug_macro   0x0000000000000000       0x16 ./Src/syscalls.o
 .debug_macro   0x0000000000000000       0x29 ./Src/syscalls.o
 .debug_macro   0x0000000000000000       0x10 ./Src/syscalls.o
 .debug_macro   0x0000000000000000      0x241 ./Src/syscalls.o
 .debug_macro   0x0000000000000000       0x1c ./Src/syscalls.o
 .debug_macro   0x0000000000000000       0x10 ./Src/syscalls.o
 .debug_macro   0x0000000000000000       0x10 ./Src/syscalls.o
 .debug_macro   0x0000000000000000       0x16 ./Src/syscalls.o
 .debug_macro   0x0000000000000000      0x145 ./Src/syscalls.o
 .debug_macro   0x0000000000000000      0x189 ./Src/syscalls.o
 .debug_macro   0x0000000000000000       0x16 ./Src/syscalls.o
 .debug_macro   0x0000000000000000       0xce ./Src/syscalls.o
 .debug_line    0x0000000000000000      0x7ea ./Src/syscalls.o
 .debug_str     0x0000000000000000     0x8a39 ./Src/syscalls.o
 .comment       0x0000000000000000       0x51 ./Src/syscalls.o
 .debug_frame   0x0000000000000000      0x2ac ./Src/syscalls.o
 .ARM.attributes
                0x0000000000000000       0x2d ./Src/syscalls.o
 .group         0x0000000000000000        0xc ./Src/sysmem.o
 .group         0x0000000000000000        0xc ./Src/sysmem.o
 .group         0x0000000000000000        0xc ./Src/sysmem.o
 .group         0x0000000000000000        0xc ./Src/sysmem.o
 .group         0x0000000000000000        0xc ./Src/sysmem.o
 .group         0x0000000000000000        0xc ./Src/sysmem.o
 .group         0x0000000000000000        0xc ./Src/sysmem.o
 .group         0x0000000000000000        0xc ./Src/sysmem.o
 .group         0x0000000000000000        0xc ./Src/sysmem.o
 .group         0x0000000000000000        0xc ./Src/sysmem.o
 .group         0x0000000000000000        0xc ./Src/sysmem.o
 .group         0x0000000000000000        0xc ./Src/sysmem.o
 .group         0x0000000000000000        0xc ./Src/sysmem.o
 .group         0x0000000000000000        0xc ./Src/sysmem.o
 .group         0x0000000000000000        0xc ./Src/sysmem.o
 .group         0x0000000000000000        0xc ./Src/sysmem.o
 .group         0x0000000000000000        0xc ./Src/sysmem.o
 .group         0x0000000000000000        0xc ./Src/sysmem.o
 .group         0x0000000000000000        0xc ./Src/sysmem.o
 .group         0x0000000000000000        0xc ./Src/sysmem.o
 .group         0x0000000000000000        0xc ./Src/sysmem.o
 .group         0x0000000000000000        0xc ./Src/sysmem.o
 .text          0x0000000000000000        0x0 ./Src/sysmem.o
 .data          0x0000000000000000        0x0 ./Src/sysmem.o
 .bss           0x0000000000000000        0x0 ./Src/sysmem.o
 .bss.__sbrk_heap_end
                0x0000000000000000        0x4 ./Src/sysmem.o
 .text._sbrk    0x0000000000000000       0x6c ./Src/sysmem.o
 .debug_info    0x0000000000000000      0x183 ./Src/sysmem.o
 .debug_abbrev  0x0000000000000000       0xbd ./Src/sysmem.o
 .debug_loc     0x0000000000000000       0x50 ./Src/sysmem.o
 .debug_aranges
                0x0000000000000000       0x20 ./Src/sysmem.o
 .debug_ranges  0x0000000000000000       0x10 ./Src/sysmem.o
 .debug_macro   0x0000000000000000       0xff ./Src/sysmem.o
 .debug_macro   0x0000000000000000      0xa72 ./Src/sysmem.o
 .debug_macro   0x0000000000000000       0x10 ./Src/sysmem.o
 .debug_macro   0x0000000000000000       0x22 ./Src/sysmem.o
 .debug_macro   0x0000000000000000       0x4c ./Src/sysmem.o
 .debug_macro   0x0000000000000000       0x18 ./Src/sysmem.o
 .debug_macro   0x0000000000000000       0x94 ./Src/sysmem.o
 .debug_macro   0x0000000000000000       0x3c ./Src/sysmem.o
 .debug_macro   0x0000000000000000       0x34 ./Src/sysmem.o
 .debug_macro   0x0000000000000000      0x174 ./Src/sysmem.o
 .debug_macro   0x0000000000000000       0x16 ./Src/sysmem.o
 .debug_macro   0x0000000000000000       0x43 ./Src/sysmem.o
 .debug_macro   0x0000000000000000       0x57 ./Src/sysmem.o
 .debug_macro   0x0000000000000000       0x34 ./Src/sysmem.o
 .debug_macro   0x0000000000000000       0x10 ./Src/sysmem.o
 .debug_macro   0x0000000000000000       0x58 ./Src/sysmem.o
 .debug_macro   0x0000000000000000       0x71 ./Src/sysmem.o
 .debug_macro   0x0000000000000000       0x1c ./Src/sysmem.o
 .debug_macro   0x0000000000000000      0x12a ./Src/sysmem.o
 .debug_macro   0x0000000000000000      0x23b ./Src/sysmem.o
 .debug_macro   0x0000000000000000      0x103 ./Src/sysmem.o
 .debug_macro   0x0000000000000000       0x6a ./Src/sysmem.o
 .debug_macro   0x0000000000000000      0x1df ./Src/sysmem.o
 .debug_line    0x0000000000000000      0x4e0 ./Src/sysmem.o
 .debug_str     0x0000000000000000     0x5d6b ./Src/sysmem.o
 .comment       0x0000000000000000       0x51 ./Src/sysmem.o
 .debug_frame   0x0000000000000000       0x34 ./Src/sysmem.o
 .ARM.attributes
                0x0000000000000000       0x2d ./Src/sysmem.o
 .text          0x0000000000000000       0x14 ./Startup/startup_stm32f103c6tx.o
 .data          0x0000000000000000        0x0 ./Startup/startup_stm32f103c6tx.o
 .bss           0x0000000000000000        0x0 ./Startup/startup_stm32f103c6tx.o
 .text          0x0000000000000000        0x0 c:/st/stm32cubeide_1.4.0/stm32cubeide/plugins/com.st.stm32cube.ide.mcu.externaltools.gnu-tools-for-stm32.10.3-2021.10.win32_1.0.0.202111181127/tools/bin/../lib/gcc/arm-none-eabi/10.3.1/../../../../arm-none-eabi/lib/thumb/v7-m/nofp\libc_nano.a(lib_a-errno.o)
 .data          0x0000000000000000        0x0 c:/st/stm32cubeide_1.4.0/stm32cubeide/plugins/com.st.stm32cube.ide.mcu.externaltools.gnu-tools-for-stm32.10.3-2021.10.win32_1.0.0.202111181127/tools/bin/../lib/gcc/arm-none-eabi/10.3.1/../../../../arm-none-eabi/lib/thumb/v7-m/nofp\libc_nano.a(lib_a-errno.o)
 .bss           0x0000000000000000        0x0 c:/st/stm32cubeide_1.4.0/stm32cubeide/plugins/com.st.stm32cube.ide.mcu.externaltools.gnu-tools-for-stm32.10.3-2021.10.win32_1.0.0.202111181127/tools/bin/../lib/gcc/arm-none-eabi/10.3.1/../../../../arm-none-eabi/lib/thumb/v7-m/nofp\libc_nano.a(lib_a-errno.o)
 .text.__errno  0x0000000000000000        0xc c:/st/stm32cubeide_1.4.0/stm32cubeide/plugins/com.st.stm32cube.ide.mcu.externaltools.gnu-tools-for-stm32.10.3-2021.10.win32_1.0.0.202111181127/tools/bin/../lib/gcc/arm-none-eabi/10.3.1/../../../../arm-none-eabi/lib/thumb/v7-m/nofp\libc_nano.a(lib_a-errno.o)
 .debug_frame   0x0000000000000000       0x20 c:/st/stm32cubeide_1.4.0/stm32cubeide/plugins/com.st.stm32cube.ide.mcu.externaltools.gnu-tools-for-stm32.10.3-2021.10.win32_1.0.0.202111181127/tools/bin/../lib/gcc/arm-none-eabi/10.3.1/../../../../arm-none-eabi/lib/thumb/v7-m/nofp\libc_nano.a(lib_a-errno.o)
 .ARM.attributes
                0x0000000000000000       0x2d c:/st/stm32cubeide_1.4.0/stm32cubeide/plugins/com.st.stm32cube.ide.mcu.externaltools.gnu-tools-for-stm32.10.3-2021.10.win32_1.0.0.202111181127/tools/bin/../lib/gcc/arm-none-eabi/10.3.1/../../../../arm-none-eabi/lib/thumb/v7-m/nofp\libc_nano.a(lib_a-errno.o)
 .text          0x0000000000000000        0x0 c:/st/stm32cubeide_1.4.0/stm32cubeide/plugins/com.st.stm32cube.ide.mcu.externaltools.gnu-tools-for-stm32.10.3-2021.10.win32_1.0.0.202111181127/tools/bin/../lib/gcc/arm-none-eabi/10.3.1/../../../../arm-none-eabi/lib/thumb/v7-m/nofp\libc_nano.a(lib_a-exit.o)
 .data          0x0000000000000000        0x0 c:/st/stm32cubeide_1.4.0/stm32cubeide/plugins/com.st.stm32cube.ide.mcu.externaltools.gnu-tools-for-stm32.10.3-2021.10.win32_1.0.0.202111181127/tools/bin/../lib/gcc/arm-none-eabi/10.3.1/../../../../arm-none-eabi/lib/thumb/v7-m/nofp\libc_nano.a(lib_a-exit.o)
 .bss           0x0000000000000000        0x0 c:/st/stm32cubeide_1.4.0/stm32cubeide/plugins/com.st.stm32cube.ide.mcu.externaltools.gnu-tools-for-stm32.10.3-2021.10.win32_1.0.0.202111181127/tools/bin/../lib/gcc/arm-none-eabi/10.3.1/../../../../arm-none-eabi/lib/thumb/v7-m/nofp\libc_nano.a(lib_a-exit.o)
 .text.exit     0x0000000000000000       0x28 c:/st/stm32cubeide_1.4.0/stm32cubeide/plugins/com.st.stm32cube.ide.mcu.externaltools.gnu-tools-for-stm32.10.3-2021.10.win32_1.0.0.202111181127/tools/bin/../lib/gcc/arm-none-eabi/10.3.1/../../../../arm-none-eabi/lib/thumb/v7-m/nofp\libc_nano.a(lib_a-exit.o)
 .debug_frame   0x0000000000000000       0x28 c:/st/stm32cubeide_1.4.0/stm32cubeide/plugins/com.st.stm32cube.ide.mcu.externaltools.gnu-tools-for-stm32.10.3-2021.10.win32_1.0.0.202111181127/tools/bin/../lib/gcc/arm-none-eabi/10.3.1/../../../../arm-none-eabi/lib/thumb/v7-m/nofp\libc_nano.a(lib_a-exit.o)
 .ARM.attributes
                0x0000000000000000       0x2d c:/st/stm32cubeide_1.4.0/stm32cubeide/plugins/com.st.stm32cube.ide.mcu.externaltools.gnu-tools-for-stm32.10.3-2021.10.win32_1.0.0.202111181127/tools/bin/../lib/gcc/arm-none-eabi/10.3.1/../../../../arm-none-eabi/lib/thumb/v7-m/nofp\libc_nano.a(lib_a-exit.o)
 .text          0x0000000000000000        0x0 c:/st/stm32cubeide_1.4.0/stm32cubeide/plugins/com.st.stm32cube.ide.mcu.externaltools.gnu-tools-for-stm32.10.3-2021.10.win32_1.0.0.202111181127/tools/bin/../lib/gcc/arm-none-eabi/10.3.1/../../../../arm-none-eabi/lib/thumb/v7-m/nofp\libc_nano.a(lib_a-impure.o)
 .data          0x0000000000000000        0x0 c:/st/stm32cubeide_1.4.0/stm32cubeide/plugins/com.st.stm32cube.ide.mcu.externaltools.gnu-tools-for-stm32.10.3-2021.10.win32_1.0.0.202111181127/tools/bin/../lib/gcc/arm-none-eabi/10.3.1/../../../../arm-none-eabi/lib/thumb/v7-m/nofp\libc_nano.a(lib_a-impure.o)
 .bss           0x0000000000000000        0x0 c:/st/stm32cubeide_1.4.0/stm32cubeide/plugins/com.st.stm32cube.ide.mcu.externaltools.gnu-tools-for-stm32.10.3-2021.10.win32_1.0.0.202111181127/tools/bin/../lib/gcc/arm-none-eabi/10.3.1/../../../../arm-none-eabi/lib/thumb/v7-m/nofp\libc_nano.a(lib_a-impure.o)
 .data._impure_ptr
                0x0000000000000000        0x4 c:/st/stm32cubeide_1.4.0/stm32cubeide/plugins/com.st.stm32cube.ide.mcu.externaltools.gnu-tools-for-stm32.10.3-2021.10.win32_1.0.0.202111181127/tools/bin/../lib/gcc/arm-none-eabi/10.3.1/../../../../arm-none-eabi/lib/thumb/v7-m/nofp\libc_nano.a(lib_a-impure.o)
 .data.impure_data
                0x0000000000000000       0x60 c:/st/stm32cubeide_1.4.0/stm32cubeide/plugins/com.st.stm32cube.ide.mcu.externaltools.gnu-tools-for-stm32.10.3-2021.10.win32_1.0.0.202111181127/tools/bin/../lib/gcc/arm-none-eabi/10.3.1/../../../../arm-none-eabi/lib/thumb/v7-m/nofp\libc_nano.a(lib_a-impure.o)
 .rodata._global_impure_ptr
                0x0000000000000000        0x4 c:/st/stm32cubeide_1.4.0/stm32cubeide/plugins/com.st.stm32cube.ide.mcu.externaltools.gnu-tools-for-stm32.10.3-2021.10.win32_1.0.0.202111181127/tools/bin/../lib/gcc/arm-none-eabi/10.3.1/../../../../arm-none-eabi/lib/thumb/v7-m/nofp\libc_nano.a(lib_a-impure.o)
 .ARM.attributes
                0x0000000000000000       0x2d c:/st/stm32cubeide_1.4.0/stm32cubeide/plugins/com.st.stm32cube.ide.mcu.externaltools.gnu-tools-for-stm32.10.3-2021.10.win32_1.0.0.202111181127/tools/bin/../lib/gcc/arm-none-eabi/10.3.1/../../../../arm-none-eabi/lib/thumb/v7-m/nofp\libc_nano.a(lib_a-impure.o)
 .text          0x0000000000000000        0x0 c:/st/stm32cubeide_1.4.0/stm32cubeide/plugins/com.st.stm32cube.ide.mcu.externaltools.gnu-tools-for-stm32.10.3-2021.10.win32_1.0.0.202111181127/tools/bin/../lib/gcc/arm-none-eabi/10.3.1/../../../../arm-none-eabi/lib/thumb/v7-m/nofp\libc_nano.a(lib_a-init.o)
 .data          0x0000000000000000        0x0 c:/st/stm32cubeide_1.4.0/stm32cubeide/plugins/com.st.stm32cube.ide.mcu.externaltools.gnu-tools-for-stm32.10.3-2021.10.win32_1.0.0.202111181127/tools/bin/../lib/gcc/arm-none-eabi/10.3.1/../../../../arm-none-eabi/lib/thumb/v7-m/nofp\libc_nano.a(lib_a-init.o)
 .bss           0x0000000000000000        0x0 c:/st/stm32cubeide_1.4.0/stm32cubeide/plugins/com.st.stm32cube.ide.mcu.externaltools.gnu-tools-for-stm32.10.3-2021.10.win32_1.0.0.202111181127/tools/bin/../lib/gcc/arm-none-eabi/10.3.1/../../../../arm-none-eabi/lib/thumb/v7-m/nofp\libc_nano.a(lib_a-init.o)
 .text          0x0000000000000000        0x0 c:/st/stm32cubeide_1.4.0/stm32cubeide/plugins/com.st.stm32cube.ide.mcu.externaltools.gnu-tools-for-stm32.10.3-2021.10.win32_1.0.0.202111181127/tools/bin/../lib/gcc/arm-none-eabi/10.3.1/../../../../arm-none-eabi/lib/thumb/v7-m/nofp\libc_nano.a(lib_a-memset.o)
 .data          0x0000000000000000        0x0 c:/st/stm32cubeide_1.4.0/stm32cubeide/plugins/com.st.stm32cube.ide.mcu.externaltools.gnu-tools-for-stm32.10.3-2021.10.win32_1.0.0.202111181127/tools/bin/../lib/gcc/arm-none-eabi/10.3.1/../../../../arm-none-eabi/lib/thumb/v7-m/nofp\libc_nano.a(lib_a-memset.o)
 .bss           0x0000000000000000        0x0 c:/st/stm32cubeide_1.4.0/stm32cubeide/plugins/com.st.stm32cube.ide.mcu.externaltools.gnu-tools-for-stm32.10.3-2021.10.win32_1.0.0.202111181127/tools/bin/../lib/gcc/arm-none-eabi/10.3.1/../../../../arm-none-eabi/lib/thumb/v7-m/nofp\libc_nano.a(lib_a-memset.o)
 .text.memset   0x0000000000000000       0x10 c:/st/stm32cubeide_1.4.0/stm32cubeide/plugins/com.st.stm32cube.ide.mcu.externaltools.gnu-tools-for-stm32.10.3-2021.10.win32_1.0.0.202111181127/tools/bin/../lib/gcc/arm-none-eabi/10.3.1/../../../../arm-none-eabi/lib/thumb/v7-m/nofp\libc_nano.a(lib_a-memset.o)
 .debug_frame   0x0000000000000000       0x20 c:/st/stm32cubeide_1.4.0/stm32cubeide/plugins/com.st.stm32cube.ide.mcu.externaltools.gnu-tools-for-stm32.10.3-2021.10.win32_1.0.0.202111181127/tools/bin/../lib/gcc/arm-none-eabi/10.3.1/../../../../arm-none-eabi/lib/thumb/v7-m/nofp\libc_nano.a(lib_a-memset.o)
 .ARM.attributes
                0x0000000000000000       0x2d c:/st/stm32cubeide_1.4.0/stm32cubeide/plugins/com.st.stm32cube.ide.mcu.externaltools.gnu-tools-for-stm32.10.3-2021.10.win32_1.0.0.202111181127/tools/bin/../lib/gcc/arm-none-eabi/10.3.1/../../../../arm-none-eabi/lib/thumb/v7-m/nofp\libc_nano.a(lib_a-memset.o)
 .text          0x0000000000000000        0x0 c:/st/stm32cubeide_1.4.0/stm32cubeide/plugins/com.st.stm32cube.ide.mcu.externaltools.gnu-tools-for-stm32.10.3-2021.10.win32_1.0.0.202111181127/tools/bin/../lib/gcc/arm-none-eabi/10.3.1/thumb/v7-m/nofp/crtend.o
 .data          0x0000000000000000        0x0 c:/st/stm32cubeide_1.4.0/stm32cubeide/plugins/com.st.stm32cube.ide.mcu.externaltools.gnu-tools-for-stm32.10.3-2021.10.win32_1.0.0.202111181127/tools/bin/../lib/gcc/arm-none-eabi/10.3.1/thumb/v7-m/nofp/crtend.o
 .bss           0x0000000000000000        0x0 c:/st/stm32cubeide_1.4.0/stm32cubeide/plugins/com.st.stm32cube.ide.mcu.externaltools.gnu-tools-for-stm32.10.3-2021.10.win32_1.0.0.202111181127/tools/bin/../lib/gcc/arm-none-eabi/10.3.1/thumb/v7-m/nofp/crtend.o
 .rodata        0x0000000000000000       0x24 c:/st/stm32cubeide_1.4.0/stm32cubeide/plugins/com.st.stm32cube.ide.mcu.externaltools.gnu-tools-for-stm32.10.3-2021.10.win32_1.0.0.202111181127/tools/bin/../lib/gcc/arm-none-eabi/10.3.1/thumb/v7-m/nofp/crtend.o
 .eh_frame      0x0000000000000000        0x4 c:/st/stm32cubeide_1.4.0/stm32cubeide/plugins/com.st.stm32cube.ide.mcu.externaltools.gnu-tools-for-stm32.10.3-2021.10.win32_1.0.0.202111181127/tools/bin/../lib/gcc/arm-none-eabi/10.3.1/thumb/v7-m/nofp/crtend.o
 .ARM.attributes
                0x0000000000000000       0x2d c:/st/stm32cubeide_1.4.0/stm32cubeide/plugins/com.st.stm32cube.ide.mcu.externaltools.gnu-tools-for-stm32.10.3-2021.10.win32_1.0.0.202111181127/tools/bin/../lib/gcc/arm-none-eabi/10.3.1/thumb/v7-m/nofp/crtend.o
 .text          0x0000000000000000        0x0 c:/st/stm32cubeide_1.4.0/stm32cubeide/plugins/com.st.stm32cube.ide.mcu.externaltools.gnu-tools-for-stm32.10.3-2021.10.win32_1.0.0.202111181127/tools/bin/../lib/gcc/arm-none-eabi/10.3.1/thumb/v7-m/nofp/crtn.o
 .data          0x0000000000000000        0x0 c:/st/stm32cubeide_1.4.0/stm32cubeide/plugins/com.st.stm32cube.ide.mcu.externaltools.gnu-tools-for-stm32.10.3-2021.10.win32_1.0.0.202111181127/tools/bin/../lib/gcc/arm-none-eabi/10.3.1/thumb/v7-m/nofp/crtn.o
 .bss           0x0000000000000000        0x0 c:/st/stm32cubeide_1.4.0/stm32cubeide/plugins/com.st.stm32cube.ide.mcu.externaltools.gnu-tools-for-stm32.10.3-2021.10.win32_1.0.0.202111181127/tools/bin/../lib/gcc/arm-none-eabi/10.3.1/thumb/v7-m/nofp/crtn.o

Memory Configuration

Name             Origin             Length             Attributes
RAM              0x0000000020000000 0x0000000000005000 xrw
ROM              0x0000000008000000 0x0000000000020000 xr
*default*        0x0000000000000000 0xffffffffffffffff

Linker script and memory map

LOAD c:/st/stm32cubeide_1.4.0/stm32cubeide/plugins/com.st.stm32cube.ide.mcu.externaltools.gnu-tools-for-stm32.10.3-2021.10.win32_1.0.0.202111181127/tools/bin/../lib/gcc/arm-none-eabi/10.3.1/thumb/v7-m/nofp/crti.o
LOAD c:/st/stm32cubeide_1.4.0/stm32cubeide/plugins/com.st.stm32cube.ide.mcu.externaltools.gnu-tools-for-stm32.10.3-2021.10.win32_1.0.0.202111181127/tools/bin/../lib/gcc/arm-none-eabi/10.3.1/thumb/v7-m/nofp/crtbegin.o
LOAD c:/st/stm32cubeide_1.4.0/stm32cubeide/plugins/com.st.stm32cube.ide.mcu.externaltools.gnu-tools-for-stm32.10.3-2021.10.win32_1.0.0.202111181127/tools/bin/../lib/gcc/arm-none-eabi/10.3.1/../../../../arm-none-eabi/lib/thumb/v7-m/nofp/crt0.o
LOAD ./HAL/7Segment_Driver/7segment.o
LOAD ./HAL/EEPROM_Driver/EEPROM.o
LOAD ./HAL/Keypad_Driver/Keypad.o
LOAD ./HAL/LCD_Driver/LCD.o
LOAD ./STM32F103C6_Drivers/EXTI/stm32f103c6_exti_driver.o
LOAD ./STM32F103C6_Drivers/GPIO/stm32f103c6_gpio_driver.o
LOAD ./STM32F103C6_Drivers/I2C/stm32f103c6_i2c_driver.o
LOAD ./STM32F103C6_Drivers/RCC/stm32f103c6_rcc_driver.o
LOAD ./STM32F103C6_Drivers/SPI/stm32f103c6_spi_driver.o
LOAD ./STM32F103C6_Drivers/USART/stm32f103c6_usart_driver.o
LOAD ./Src/main.o
LOAD ./Src/syscalls.o
LOAD ./Src/sysmem.o
LOAD ./Startup/startup_stm32f103c6tx.o
START GROUP
LOAD c:/st/stm32cubeide_1.4.0/stm32cubeide/plugins/com.st.stm32cube.ide.mcu.externaltools.gnu-tools-for-stm32.10.3-2021.10.win32_1.0.0.202111181127/tools/bin/../lib/gcc/arm-none-eabi/10.3.1/../../../../arm-none-eabi/lib/thumb/v7-m/nofp\libc_nano.a
LOAD c:/st/stm32cubeide_1.4.0/stm32cubeide/plugins/com.st.stm32cube.ide.mcu.externaltools.gnu-tools-for-stm32.10.3-2021.10.win32_1.0.0.202111181127/tools/bin/../lib/gcc/arm-none-eabi/10.3.1/../../../../arm-none-eabi/lib/thumb/v7-m/nofp\libm.a
END GROUP
START GROUP
LOAD c:/st/stm32cubeide_1.4.0/stm32cubeide/plugins/com.st.stm32cube.ide.mcu.externaltools.gnu-tools-for-stm32.10.3-2021.10.win32_1.0.0.202111181127/tools/bin/../lib/gcc/arm-none-eabi/10.3.1/thumb/v7-m/nofp\libgcc.a
LOAD c:/st/stm32cubeide_1.4.0/stm32cubeide/plugins/com.st.stm32cube.ide.mcu.externaltools.gnu-tools-for-stm32.10.3-2021.10.win32_1.0.0.202111181127/tools/bin/../lib/gcc/arm-none-eabi/10.3.1/../../../../arm-none-eabi/lib/thumb/v7-m/nofp\libg_nano.a
LOAD c:/st/stm32cubeide_1.4.0/stm32cubeide/plugins/com.st.stm32cube.ide.mcu.externaltools.gnu-tools-for-stm32.10.3-2021.10.win32_1.0.0.202111181127/tools/bin/../lib/gcc/arm-none-eabi/10.3.1/../../../../arm-none-eabi/lib/thumb/v7-m/nofp\libc_nano.a
END GROUP
START GROUP
LOAD c:/st/stm32cubeide_1.4.0/stm32cubeide/plugins/com.st.stm32cube.ide.mcu.externaltools.gnu-tools-for-stm32.10.3-2021.10.win32_1.0.0.202111181127/tools/bin/../lib/gcc/arm-none-eabi/10.3.1/thumb/v7-m/nofp\libgcc.a
LOAD c:/st/stm32cubeide_1.4.0/stm32cubeide/plugins/com.st.stm32cube.ide.mcu.externaltools.gnu-tools-for-stm32.10.3-2021.10.win32_1.0.0.202111181127/tools/bin/../lib/gcc/arm-none-eabi/10.3.1/../../../../arm-none-eabi/lib/thumb/v7-m/nofp\libc_nano.a
LOAD c:/st/stm32cubeide_1.4.0/stm32cubeide/plugins/com.st.stm32cube.ide.mcu.externaltools.gnu-tools-for-stm32.10.3-2021.10.win32_1.0.0.202111181127/tools/bin/../lib/gcc/arm-none-eabi/10.3.1/../../../../arm-none-eabi/lib/thumb/v7-m/nofp\libnosys.a
END GROUP
START GROUP
LOAD c:/st/stm32cubeide_1.4.0/stm32cubeide/plugins/com.st.stm32cube.ide.mcu.externaltools.gnu-tools-for-stm32.10.3-2021.10.win32_1.0.0.202111181127/tools/bin/../lib/gcc/arm-none-eabi/10.3.1/thumb/v7-m/nofp\libgcc.a
LOAD c:/st/stm32cubeide_1.4.0/stm32cubeide/plugins/com.st.stm32cube.ide.mcu.externaltools.gnu-tools-for-stm32.10.3-2021.10.win32_1.0.0.202111181127/tools/bin/../lib/gcc/arm-none-eabi/10.3.1/../../../../arm-none-eabi/lib/thumb/v7-m/nofp\libc_nano.a
LOAD c:/st/stm32cubeide_1.4.0/stm32cubeide/plugins/com.st.stm32cube.ide.mcu.externaltools.gnu-tools-for-stm32.10.3-2021.10.win32_1.0.0.202111181127/tools/bin/../lib/gcc/arm-none-eabi/10.3.1/../../../../arm-none-eabi/lib/thumb/v7-m/nofp\libnosys.a
END GROUP
LOAD c:/st/stm32cubeide_1.4.0/stm32cubeide/plugins/com.st.stm32cube.ide.mcu.externaltools.gnu-tools-for-stm32.10.3-2021.10.win32_1.0.0.202111181127/tools/bin/../lib/gcc/arm-none-eabi/10.3.1/thumb/v7-m/nofp/crtend.o
LOAD c:/st/stm32cubeide_1.4.0/stm32cubeide/plugins/com.st.stm32cube.ide.mcu.externaltools.gnu-tools-for-stm32.10.3-2021.10.win32_1.0.0.202111181127/tools/bin/../lib/gcc/arm-none-eabi/10.3.1/thumb/v7-m/nofp/crtn.o
                0x0000000020005000                _estack = (ORIGIN (RAM) + LENGTH (RAM))
                0x0000000000000200                _Min_Heap_Size = 0x200
                0x0000000000000400                _Min_Stack_Size = 0x400

.isr_vector     0x0000000008000000      0x130
                0x0000000008000000                . = ALIGN (0x4)
 *(.isr_vector)
 .isr_vector    0x0000000008000000      0x130 ./Startup/startup_stm32f103c6tx.o
                0x0000000008000000                g_pfnVectors
                0x0000000008000130                . = ALIGN (0x4)

.text           0x0000000008000130     0x1ffc
                0x0000000008000130                . = ALIGN (0x4)
 *(.text)
 .text          0x0000000008000130       0x40 c:/st/stm32cubeide_1.4.0/stm32cubeide/plugins/com.st.stm32cube.ide.mcu.externaltools.gnu-tools-for-stm32.10.3-2021.10.win32_1.0.0.202111181127/tools/bin/../lib/gcc/arm-none-eabi/10.3.1/thumb/v7-m/nofp/crtbegin.o
 *(.text*)
 .text.EEPROM_init
                0x0000000008000170       0x48 ./HAL/EEPROM_Driver/EEPROM.o
                0x0000000008000170                EEPROM_init
 .text.EEPROM_WriteNBytes
                0x00000000080001b8       0xcc ./HAL/EEPROM_Driver/EEPROM.o
                0x00000000080001b8                EEPROM_WriteNBytes
 .text.EEPROM_ReadByte
                0x0000000008000284       0x54 ./HAL/EEPROM_Driver/EEPROM.o
                0x0000000008000284                EEPROM_ReadByte
 .text.EXTI0_IRQHandler
                0x00000000080002d8       0x20 ./STM32F103C6_Drivers/EXTI/stm32f103c6_exti_driver.o
                0x00000000080002d8                EXTI0_IRQHandler
 .text.EXTI1_IRQHandler
                0x00000000080002f8       0x20 ./STM32F103C6_Drivers/EXTI/stm32f103c6_exti_driver.o
                0x00000000080002f8                EXTI1_IRQHandler
 .text.EXTI2_IRQHandler
                0x0000000008000318       0x20 ./STM32F103C6_Drivers/EXTI/stm32f103c6_exti_driver.o
                0x0000000008000318                EXTI2_IRQHandler
 .text.EXTI3_IRQHandler
                0x0000000008000338       0x20 ./STM32F103C6_Drivers/EXTI/stm32f103c6_exti_driver.o
                0x0000000008000338                EXTI3_IRQHandler
 .text.EXTI4_IRQHandler
                0x0000000008000358       0x20 ./STM32F103C6_Drivers/EXTI/stm32f103c6_exti_driver.o
                0x0000000008000358                EXTI4_IRQHandler
 .text.EXTI9_5_IRQHandler
                0x0000000008000378       0xb0 ./STM32F103C6_Drivers/EXTI/stm32f103c6_exti_driver.o
                0x0000000008000378                EXTI9_5_IRQHandler
 .text.EXTI15_10_IRQHandler
                0x0000000008000428       0xd0 ./STM32F103C6_Drivers/EXTI/stm32f103c6_exti_driver.o
                0x0000000008000428                EXTI15_10_IRQHandler
 .text.MCAL_GPIO_init
                0x00000000080004f8     0x1420 ./STM32F103C6_Drivers/GPIO/stm32f103c6_gpio_driver.o
                0x00000000080004f8                MCAL_GPIO_init
 .text.MCAL_I2C_init
                0x0000000008001918      0x280 ./STM32F103C6_Drivers/I2C/stm32f103c6_i2c_driver.o
                0x0000000008001918                MCAL_I2C_init
 .text.MCAL_I2C_Master_TX
                0x0000000008001b98       0xa4 ./STM32F103C6_Drivers/I2C/stm32f103c6_i2c_driver.o
                0x0000000008001b98                MCAL_I2C_Master_TX
 .text.MCAL_I2C_Master_RX
                0x0000000008001c3c       0xd4 ./STM32F103C6_Drivers/I2C/stm32f103c6_i2c_driver.o
                0x0000000008001c3c                MCAL_I2C_Master_RX
 .text.I2C_GenerateStart
                0x0000000008001d10       0x4a ./STM32F103C6_Drivers/I2C/stm32f103c6_i2c_driver.o
                0x0000000008001d10                I2C_GenerateStart
 .text.I2C_SendAddress
                0x0000000008001d5a       0x34 ./STM32F103C6_Drivers/I2C/stm32f103c6_i2c_driver.o
                0x0000000008001d5a                I2C_SendAddress
 .text.I2C_GenerateStop
                0x0000000008001d8e       0x32 ./STM32F103C6_Drivers/I2C/stm32f103c6_i2c_driver.o
                0x0000000008001d8e                I2C_GenerateStop
 .text.I2C_GetFlagStatus
                0x0000000008001dc0      0x110 ./STM32F103C6_Drivers/I2C/stm32f103c6_i2c_driver.o
                0x0000000008001dc0                I2C_GetFlagStatus
 .text.I2C1_EV_IRQHandler
                0x0000000008001ed0        0xc ./STM32F103C6_Drivers/I2C/stm32f103c6_i2c_driver.o
                0x0000000008001ed0                I2C1_EV_IRQHandler
 .text.I2C2_EV_IRQHandler
                0x0000000008001edc        0xc ./STM32F103C6_Drivers/I2C/stm32f103c6_i2c_driver.o
                0x0000000008001edc                I2C2_EV_IRQHandler
 .text.MCAL_RCC_SYSCLCKFreq
                0x0000000008001ee8       0x2c ./STM32F103C6_Drivers/RCC/stm32f103c6_rcc_driver.o
                0x0000000008001ee8                MCAL_RCC_SYSCLCKFreq
 .text.MCAL_RCC_HCLCKFreq
                0x0000000008001f14       0x2c ./STM32F103C6_Drivers/RCC/stm32f103c6_rcc_driver.o
                0x0000000008001f14                MCAL_RCC_HCLCKFreq
 .text.MCAL_RCC_PCLCK1Freq
                0x0000000008001f40       0x2c ./STM32F103C6_Drivers/RCC/stm32f103c6_rcc_driver.o
                0x0000000008001f40                MCAL_RCC_PCLCK1Freq
 .text.SPI1_IRQHandler
                0x0000000008001f6c       0x14 ./STM32F103C6_Drivers/SPI/stm32f103c6_spi_driver.o
                0x0000000008001f6c                SPI1_IRQHandler
 .text.SPI2_IRQHandler
                0x0000000008001f80       0x14 ./STM32F103C6_Drivers/SPI/stm32f103c6_spi_driver.o
                0x0000000008001f80                SPI2_IRQHandler
 .text.USART1_IRQHandler
                0x0000000008001f94       0x14 ./STM32F103C6_Drivers/USART/stm32f103c6_usart_driver.o
                0x0000000008001f94                USART1_IRQHandler
 .text.USART2_IRQHandler
                0x0000000008001fa8       0x14 ./STM32F103C6_Drivers/USART/stm32f103c6_usart_driver.o
                0x0000000008001fa8                USART2_IRQHandler
 .text.USART3_IRQHandler
                0x0000000008001fbc       0x14 ./STM32F103C6_Drivers/USART/stm32f103c6_usart_driver.o
                0x0000000008001fbc                USART3_IRQHandler
 .text.clockInit
                0x0000000008001fd0       0x24 ./Src/main.o
                0x0000000008001fd0                clockInit
 .text.main     0x0000000008001ff4       0x84 ./Src/main.o
                0x0000000008001ff4                main
 .text.Reset_Handler
                0x0000000008002078       0x50 ./Startup/startup_stm32f103c6tx.o
                0x0000000008002078                Reset_Handler
 .text.Default_Handler
                0x00000000080020c8        0x2 ./Startup/startup_stm32f103c6tx.o
                0x00000000080020c8                TIM8_TRG_COM_IRQHandler
                0x00000000080020c8                TIM8_CC_IRQHandler
                0x00000000080020c8                DebugMon_Handler
                0x00000000080020c8                TIM1_CC_IRQHandler
                0x00000000080020c8                HardFault_Handler
                0x00000000080020c8                TIM6_IRQHandler
                0x00000000080020c8                SysTick_Handler
                0x00000000080020c8                PVD_IRQHandler
                0x00000000080020c8                SDIO_IRQHandler
                0x00000000080020c8                PendSV_Handler
                0x00000000080020c8                NMI_Handler
                0x00000000080020c8                USB_HP_CAN_TX_IRQHandler
                0x00000000080020c8                UsageFault_Handler
                0x00000000080020c8                ADC1_2_IRQHandler
                0x00000000080020c8                CAN_SCE_IRQHandler
                0x00000000080020c8                TAMPER_IRQHandler
                0x00000000080020c8                TIM8_UP_IRQHandler
                0x00000000080020c8                DMA2_Channel2_IRQHandler
                0x00000000080020c8                DMA1_Channel4_IRQHandler
                0x00000000080020c8                RTC_IRQHandler
                0x00000000080020c8                DMA1_Channel7_IRQHandler
                0x00000000080020c8                UART5_IRQHandler
                0x00000000080020c8                ADC3_IRQHandler
                0x00000000080020c8                TIM4_IRQHandler
                0x00000000080020c8                CAN_RX1_IRQHandler
                0x00000000080020c8                DMA2_Channel1_IRQHandler
                0x00000000080020c8                DMA1_Channel6_IRQHandler
                0x00000000080020c8                UART4_IRQHandler
                0x00000000080020c8                TIM3_IRQHandler
                0x00000000080020c8                RCC_IRQHandler
                0x00000000080020c8                TIM1_TRG_COM_IRQHandler
                0x00000000080020c8                DMA1_Channel1_IRQHandler
                0x00000000080020c8                Default_Handler
                0x00000000080020c8                TIM7_IRQHandler
                0x00000000080020c8                TIM5_IRQHandler
                0x00000000080020c8                USB_LP_CAN_RX0_IRQHandler
                0x00000000080020c8                MemManage_Handler
                0x00000000080020c8                SVC_Handler
                0x00000000080020c8                DMA1_Channel5_IRQHandler
                0x00000000080020c8                DMA1_Channel3_IRQHandler
                0x00000000080020c8                FSMC_IRQHandler
                0x00000000080020c8                TIM1_UP_IRQHandler
                0x00000000080020c8                WWDG_IRQHandler
                0x00000000080020c8                TIM2_IRQHandler
                0x00000000080020c8                TIM1_BRK_IRQHandler
                0x00000000080020c8                RTCAlarm_IRQHandler
                0x00000000080020c8                DMA2_Channel4_5_IRQHandler
                0x00000000080020c8                I2C2_ER_IRQHandler
                0x00000000080020c8                DMA1_Channel2_IRQHandler
                0x00000000080020c8                TIM8_BRK_IRQHandler
                0x00000000080020c8                FLASH_IRQHandler
                0x00000000080020c8                BusFault_Handler
                0x00000000080020c8                SPI3_IRQHandler
                0x00000000080020c8                I2C1_ER_IRQHandler
                0x00000000080020c8                DMA2_Channel3_IRQHandler
 *fill*         0x00000000080020ca        0x2 
 .text.__libc_init_array
                0x00000000080020cc       0x48 c:/st/stm32cubeide_1.4.0/stm32cubeide/plugins/com.st.stm32cube.ide.mcu.externaltools.gnu-tools-for-stm32.10.3-2021.10.win32_1.0.0.202111181127/tools/bin/../lib/gcc/arm-none-eabi/10.3.1/../../../../arm-none-eabi/lib/thumb/v7-m/nofp\libc_nano.a(lib_a-init.o)
                0x00000000080020cc                __libc_init_array
 *(.glue_7)
 .glue_7        0x0000000008002114        0x0 linker stubs
 *(.glue_7t)
 .glue_7t       0x0000000008002114        0x0 linker stubs
 *(.eh_frame)
 .eh_frame      0x0000000008002114        0x0 c:/st/stm32cubeide_1.4.0/stm32cubeide/plugins/com.st.stm32cube.ide.mcu.externaltools.gnu-tools-for-stm32.10.3-2021.10.win32_1.0.0.202111181127/tools/bin/../lib/gcc/arm-none-eabi/10.3.1/thumb/v7-m/nofp/crtbegin.o
 *(.init)
 .init          0x0000000008002114        0x4 c:/st/stm32cubeide_1.4.0/stm32cubeide/plugins/com.st.stm32cube.ide.mcu.externaltools.gnu-tools-for-stm32.10.3-2021.10.win32_1.0.0.202111181127/tools/bin/../lib/gcc/arm-none-eabi/10.3.1/thumb/v7-m/nofp/crti.o
                0x0000000008002114                _init
 .init          0x0000000008002118        0x8 c:/st/stm32cubeide_1.4.0/stm32cubeide/plugins/com.st.stm32cube.ide.mcu.externaltools.gnu-tools-for-stm32.10.3-2021.10.win32_1.0.0.202111181127/tools/bin/../lib/gcc/arm-none-eabi/10.3.1/thumb/v7-m/nofp/crtn.o
 *(.fini)
 .fini          0x0000000008002120        0x4 c:/st/stm32cubeide_1.4.0/stm32cubeide/plugins/com.st.stm32cube.ide.mcu.externaltools.gnu-tools-for-stm32.10.3-2021.10.win32_1.0.0.202111181127/tools/bin/../lib/gcc/arm-none-eabi/10.3.1/thumb/v7-m/nofp/crti.o
                0x0000000008002120                _fini
 .fini          0x0000000008002124        0x8 c:/st/stm32cubeide_1.4.0/stm32cubeide/plugins/com.st.stm32cube.ide.mcu.externaltools.gnu-tools-for-stm32.10.3-2021.10.win32_1.0.0.202111181127/tools/bin/../lib/gcc/arm-none-eabi/10.3.1/thumb/v7-m/nofp/crtn.o
                0x000000000800212c                . = ALIGN (0x4)
                0x000000000800212c                _etext = .

.vfp11_veneer   0x000000000800212c        0x0
 .vfp11_veneer  0x000000000800212c        0x0 linker stubs

.v4_bx          0x000000000800212c        0x0
 .v4_bx         0x000000000800212c        0x0 linker stubs

.iplt           0x000000000800212c        0x0
 .iplt          0x000000000800212c        0x0 c:/st/stm32cubeide_1.4.0/stm32cubeide/plugins/com.st.stm32cube.ide.mcu.externaltools.gnu-tools-for-stm32.10.3-2021.10.win32_1.0.0.202111181127/tools/bin/../lib/gcc/arm-none-eabi/10.3.1/thumb/v7-m/nofp/crtbegin.o

.rodata         0x000000000800212c        0x8
                0x000000000800212c                . = ALIGN (0x4)
 *(.rodata)
 .rodata        0x000000000800212c        0x7 ./Src/main.o
 *(.rodata*)
                0x0000000008002134                . = ALIGN (0x4)
 *fill*         0x0000000008002133        0x1 

.rel.dyn        0x0000000008002134        0x0
 .rel.iplt      0x0000000008002134        0x0 c:/st/stm32cubeide_1.4.0/stm32cubeide/plugins/com.st.stm32cube.ide.mcu.externaltools.gnu-tools-for-stm32.10.3-2021.10.win32_1.0.0.202111181127/tools/bin/../lib/gcc/arm-none-eabi/10.3.1/thumb/v7-m/nofp/crtbegin.o

.ARM.extab      0x0000000008002134        0x0
                0x0000000008002134                . = ALIGN (0x4)
 *(.ARM.extab* .gnu.linkonce.armextab.*)
                0x0000000008002134                . = ALIGN (0x4)

.ARM            0x0000000008002134        0x0
                0x0000000008002134                . = ALIGN (0x4)
                0x0000000008002134                __exidx_start = .
 *(.ARM.exidx*)
                0x0000000008002134                __exidx_end = .
                0x0000000008002134                . = ALIGN (0x4)

.preinit_array  0x0000000008002134        0x0
                0x0000000008002134                . = ALIGN (0x4)
                0x0000000008002134                PROVIDE (__preinit_array_start = .)
 *(.preinit_array*)
                0x0000000008002134                PROVIDE (__preinit_array_end = .)
                0x0000000008002134                . = ALIGN (0x4)

.init_array     0x0000000008002134        0x4
                0x0000000008002134                . = ALIGN (0x4)
                0x0000000008002134                PROVIDE (__init_array_start = .)
 *(SORT_BY_NAME(.init_array.*))
 *(.init_array*)
 .init_array    0x0000000008002134        0x4 c:/st/stm32cubeide_1.4.0/stm32cubeide/plugins/com.st.stm32cube.ide.mcu.externaltools.gnu-tools-for-stm32.10.3-2021.10.win32_1.0.0.202111181127/tools/bin/../lib/gcc/arm-none-eabi/10.3.1/thumb/v7-m/nofp/crtbegin.o
                0x0000000008002138                PROVIDE (__init_array_end = .)
                0x0000000008002138                . = ALIGN (0x4)

.fini_array     0x0000000008002138        0x4
                0x0000000008002138                . = ALIGN (0x4)
                [!provide]                        PROVIDE (__fini_array_start = .)
 *(SORT_BY_NAME(.fini_array.*))
 *(.fini_array*)
 .fini_array    0x0000000008002138        0x4 c:/st/stm32cubeide_1.4.0/stm32cubeide/plugins/com.st.stm32cube.ide.mcu.externaltools.gnu-tools-for-stm32.10.3-2021.10.win32_1.0.0.202111181127/tools/bin/../lib/gcc/arm-none-eabi/10.3.1/thumb/v7-m/nofp/crtbegin.o
                [!provide]                        PROVIDE (__fini_array_end = .)
                0x000000000800213c                . = ALIGN (0x4)
                0x000000000800213c                _sidata = LOADADDR (.data)

.data           0x0000000020000000       0x18 load address 0x000000000800213c
                0x0000000020000000                . = ALIGN (0x4)
                0x0000000020000000                _sdata = .
 *(.data)
 *(.data*)
 .data.AHBPre   0x0000000020000000        0x8 ./STM32F103C6_Drivers/RCC/stm32f103c6_rcc_driver.o
                0x0000000020000000                AHBPre
 .data.APBPre   0x0000000020000008       0x10 ./STM32F103C6_Drivers/RCC/stm32f103c6_rcc_driver.o
                0x0000000020000008                APBPre
                0x0000000020000018                . = ALIGN (0x4)
                0x0000000020000018                _edata = .

.igot.plt       0x0000000020000018        0x0 load address 0x0000000008002154
 .igot.plt      0x0000000020000018        0x0 c:/st/stm32cubeide_1.4.0/stm32cubeide/plugins/com.st.stm32cube.ide.mcu.externaltools.gnu-tools-for-stm32.10.3-2021.10.win32_1.0.0.202111181127/tools/bin/../lib/gcc/arm-none-eabi/10.3.1/thumb/v7-m/nofp/crtbegin.o
                0x0000000020000018                . = ALIGN (0x4)

.bss            0x0000000020000018       0x64 load address 0x0000000008002154
                0x0000000020000018                _sbss = .
                0x0000000020000018                __bss_start__ = _sbss
 *(.bss)
 .bss           0x0000000020000018       0x1c c:/st/stm32cubeide_1.4.0/stm32cubeide/plugins/com.st.stm32cube.ide.mcu.externaltools.gnu-tools-for-stm32.10.3-2021.10.win32_1.0.0.202111181127/tools/bin/../lib/gcc/arm-none-eabi/10.3.1/thumb/v7-m/nofp/crtbegin.o
 *(.bss*)
 .bss.GP_IRQHanderler
                0x0000000020000034       0x40 ./STM32F103C6_Drivers/EXTI/stm32f103c6_exti_driver.o
                0x0000000020000034                GP_IRQHanderler
 .bss.P_ISR_CallBack_SPI
                0x0000000020000074        0x4 ./STM32F103C6_Drivers/SPI/stm32f103c6_spi_driver.o
                0x0000000020000074                P_ISR_CallBack_SPI
 .bss.P_ISR_CallBack
                0x0000000020000078        0x4 ./STM32F103C6_Drivers/USART/stm32f103c6_usart_driver.o
                0x0000000020000078                P_ISR_CallBack
 *(COMMON)
                0x000000002000007c                . = ALIGN (0x4)
                0x000000002000007c                _ebss = .
                0x000000002000007c                __bss_end__ = _ebss

._user_heap_stack
                0x000000002000007c      0x604 load address 0x0000000008002154
                0x0000000020000080                . = ALIGN (0x8)
 *fill*         0x000000002000007c        0x4 
                [!provide]                        PROVIDE (end = .)
                0x0000000020000080                PROVIDE (_end = .)
                0x0000000020000280                . = (. + _Min_Heap_Size)
 *fill*         0x0000000020000080      0x200 
                0x0000000020000680                . = (. + _Min_Stack_Size)
 *fill*         0x0000000020000280      0x400 
                0x0000000020000680                . = ALIGN (0x8)

/DISCARD/
 libc.a(*)
 libm.a(*)
 libgcc.a(*)

.ARM.attributes
                0x0000000000000000       0x29
 *(.ARM.attributes)
 .ARM.attributes
                0x0000000000000000       0x1d c:/st/stm32cubeide_1.4.0/stm32cubeide/plugins/com.st.stm32cube.ide.mcu.externaltools.gnu-tools-for-stm32.10.3-2021.10.win32_1.0.0.202111181127/tools/bin/../lib/gcc/arm-none-eabi/10.3.1/thumb/v7-m/nofp/crti.o
 .ARM.attributes
                0x000000000000001d       0x2d c:/st/stm32cubeide_1.4.0/stm32cubeide/plugins/com.st.stm32cube.ide.mcu.externaltools.gnu-tools-for-stm32.10.3-2021.10.win32_1.0.0.202111181127/tools/bin/../lib/gcc/arm-none-eabi/10.3.1/thumb/v7-m/nofp/crtbegin.o
 .ARM.attributes
                0x000000000000004a       0x2d ./HAL/EEPROM_Driver/EEPROM.o
 .ARM.attributes
                0x0000000000000077       0x2d ./STM32F103C6_Drivers/EXTI/stm32f103c6_exti_driver.o
 .ARM.attributes
                0x00000000000000a4       0x2d ./STM32F103C6_Drivers/GPIO/stm32f103c6_gpio_driver.o
 .ARM.attributes
                0x00000000000000d1       0x2d ./STM32F103C6_Drivers/I2C/stm32f103c6_i2c_driver.o
 .ARM.attributes
                0x00000000000000fe       0x2d ./STM32F103C6_Drivers/RCC/stm32f103c6_rcc_driver.o
 .ARM.attributes
                0x000000000000012b       0x2d ./STM32F103C6_Drivers/SPI/stm32f103c6_spi_driver.o
 .ARM.attributes
                0x0000000000000158       0x2d ./STM32F103C6_Drivers/USART/stm32f103c6_usart_driver.o
 .ARM.attributes
                0x0000000000000185       0x2d ./Src/main.o
 .ARM.attributes
                0x00000000000001b2       0x21 ./Startup/startup_stm32f103c6tx.o
 .ARM.attributes
                0x00000000000001d3       0x2d c:/st/stm32cubeide_1.4.0/stm32cubeide/plugins/com.st.stm32cube.ide.mcu.externaltools.gnu-tools-for-stm32.10.3-2021.10.win32_1.0.0.202111181127/tools/bin/../lib/gcc/arm-none-eabi/10.3.1/../../../../arm-none-eabi/lib/thumb/v7-m/nofp\libc_nano.a(lib_a-init.o)
 .ARM.attributes
                0x0000000000000200       0x1d c:/st/stm32cubeide_1.4.0/stm32cubeide/plugins/com.st.stm32cube.ide.mcu.externaltools.gnu-tools-for-stm32.10.3-2021.10.win32_1.0.0.202111181127/tools/bin/../lib/gcc/arm-none-eabi/10.3.1/thumb/v7-m/nofp/crtn.o
OUTPUT(Drivers.axf elf32-littlearm)
LOAD linker stubs
LOAD c:/st/stm32cubeide_1.4.0/stm32cubeide/plugins/com.st.stm32cube.ide.mcu.externaltools.gnu-tools-for-stm32.10.3-2021.10.win32_1.0.0.202111181127/tools/bin/../lib/gcc/arm-none-eabi/10.3.1/../../../../arm-none-eabi/lib/thumb/v7-m/nofp\libc.a
LOAD c:/st/stm32cubeide_1.4.0/stm32cubeide/plugins/com.st.stm32cube.ide.mcu.externaltools.gnu-tools-for-stm32.10.3-2021.10.win32_1.0.0.202111181127/tools/bin/../lib/gcc/arm-none-eabi/10.3.1/../../../../arm-none-eabi/lib/thumb/v7-m/nofp\libm.a
LOAD c:/st/stm32cubeide_1.4.0/stm32cubeide/plugins/com.st.stm32cube.ide.mcu.externaltools.gnu-tools-for-stm32.10.3-2021.10.win32_1.0.0.202111181127/tools/bin/../lib/gcc/arm-none-eabi/10.3.1/thumb/v7-m/nofp\libgcc.a

.debug_info     0x0000000000000000    0x1084c
 .debug_info    0x0000000000000000      0xb49 ./HAL/EEPROM_Driver/EEPROM.o
 .debug_info    0x0000000000000b49     0x2d28 ./STM32F103C6_Drivers/EXTI/stm32f103c6_exti_driver.o
 .debug_info    0x0000000000003871     0x1ee5 ./STM32F103C6_Drivers/GPIO/stm32f103c6_gpio_driver.o
 .debug_info    0x0000000000005756     0x379b ./STM32F103C6_Drivers/I2C/stm32f103c6_i2c_driver.o
 .debug_info    0x0000000000008ef1     0x115a ./STM32F103C6_Drivers/RCC/stm32f103c6_rcc_driver.o
 .debug_info    0x000000000000a04b     0x2a35 ./STM32F103C6_Drivers/SPI/stm32f103c6_spi_driver.o
 .debug_info    0x000000000000ca80     0x2c3b ./STM32F103C6_Drivers/USART/stm32f103c6_usart_driver.o
 .debug_info    0x000000000000f6bb     0x116f ./Src/main.o
 .debug_info    0x000000000001082a       0x22 ./Startup/startup_stm32f103c6tx.o

.debug_abbrev   0x0000000000000000      0xf5b
 .debug_abbrev  0x0000000000000000      0x1ab ./HAL/EEPROM_Driver/EEPROM.o
 .debug_abbrev  0x00000000000001ab      0x205 ./STM32F103C6_Drivers/EXTI/stm32f103c6_exti_driver.o
 .debug_abbrev  0x00000000000003b0      0x1c5 ./STM32F103C6_Drivers/GPIO/stm32f103c6_gpio_driver.o
 .debug_abbrev  0x0000000000000575      0x2a4 ./STM32F103C6_Drivers/I2C/stm32f103c6_i2c_driver.o
 .debug_abbrev  0x0000000000000819      0x132 ./STM32F103C6_Drivers/RCC/stm32f103c6_rcc_driver.o
 .debug_abbrev  0x000000000000094b      0x23b ./STM32F103C6_Drivers/SPI/stm32f103c6_spi_driver.o
 .debug_abbrev  0x0000000000000b86      0x250 ./STM32F103C6_Drivers/USART/stm32f103c6_usart_driver.o
 .debug_abbrev  0x0000000000000dd6      0x173 ./Src/main.o
 .debug_abbrev  0x0000000000000f49       0x12 ./Startup/startup_stm32f103c6tx.o

.debug_loc      0x0000000000000000      0xf62
 .debug_loc     0x0000000000000000       0xf2 ./HAL/EEPROM_Driver/EEPROM.o
 .debug_loc     0x00000000000000f2      0x268 ./STM32F103C6_Drivers/EXTI/stm32f103c6_exti_driver.o
 .debug_loc     0x000000000000035a      0x2d4 ./STM32F103C6_Drivers/GPIO/stm32f103c6_gpio_driver.o
 .debug_loc     0x000000000000062e      0x3f0 ./STM32F103C6_Drivers/I2C/stm32f103c6_i2c_driver.o
 .debug_loc     0x0000000000000a1e       0xc8 ./STM32F103C6_Drivers/RCC/stm32f103c6_rcc_driver.o
 .debug_loc     0x0000000000000ae6      0x160 ./STM32F103C6_Drivers/SPI/stm32f103c6_spi_driver.o
 .debug_loc     0x0000000000000c46      0x2a0 ./STM32F103C6_Drivers/USART/stm32f103c6_usart_driver.o
 .debug_loc     0x0000000000000ee6       0x7c ./Src/main.o

.debug_aranges  0x0000000000000000      0x298
 .debug_aranges
                0x0000000000000000       0x30 ./HAL/EEPROM_Driver/EEPROM.o
 .debug_aranges
                0x0000000000000030       0x70 ./STM32F103C6_Drivers/EXTI/stm32f103c6_exti_driver.o
 .debug_aranges
                0x00000000000000a0       0x58 ./STM32F103C6_Drivers/GPIO/stm32f103c6_gpio_driver.o
 .debug_aranges
                0x00000000000000f8       0x78 ./STM32F103C6_Drivers/I2C/stm32f103c6_i2c_driver.o
 .debug_aranges
                0x0000000000000170       0x38 ./STM32F103C6_Drivers/RCC/stm32f103c6_rcc_driver.o
 .debug_aranges
                0x00000000000001a8       0x40 ./STM32F103C6_Drivers/SPI/stm32f103c6_spi_driver.o
 .debug_aranges
                0x00000000000001e8       0x60 ./STM32F103C6_Drivers/USART/stm32f103c6_usart_driver.o
 .debug_aranges
                0x0000000000000248       0x28 ./Src/main.o
 .debug_aranges
                0x0000000000000270       0x28 ./Startup/startup_stm32f103c6tx.o

.debug_ranges   0x0000000000000000      0x210
 .debug_ranges  0x0000000000000000       0x20 ./HAL/EEPROM_Driver/EEPROM.o
 .debug_ranges  0x0000000000000020       0x60 ./STM32F103C6_Drivers/EXTI/stm32f103c6_exti_driver.o
 .debug_ranges  0x0000000000000080       0x48 ./STM32F103C6_Drivers/GPIO/stm32f103c6_gpio_driver.o
 .debug_ranges  0x00000000000000c8       0x68 ./STM32F103C6_Drivers/I2C/stm32f103c6_i2c_driver.o
 .debug_ranges  0x0000000000000130       0x28 ./STM32F103C6_Drivers/RCC/stm32f103c6_rcc_driver.o
 .debug_ranges  0x0000000000000158       0x30 ./STM32F103C6_Drivers/SPI/stm32f103c6_spi_driver.o
 .debug_ranges  0x0000000000000188       0x50 ./STM32F103C6_Drivers/USART/stm32f103c6_usart_driver.o
 .debug_ranges  0x00000000000001d8       0x18 ./Src/main.o
 .debug_ranges  0x00000000000001f0       0x20 ./Startup/startup_stm32f103c6tx.o

.debug_macro    0x0000000000000000      0x5e6
 .debug_macro   0x0000000000000000       0x35 ./HAL/EEPROM_Driver/EEPROM.o
 .debug_macro   0x0000000000000035       0x64 ./HAL/EEPROM_Driver/EEPROM.o
 .debug_macro   0x0000000000000099       0x10 ./HAL/EEPROM_Driver/EEPROM.o
 .debug_macro   0x00000000000000a9       0x3f ./STM32F103C6_Drivers/EXTI/stm32f103c6_exti_driver.o
 .debug_macro   0x00000000000000e8      0x21b ./STM32F103C6_Drivers/EXTI/stm32f103c6_exti_driver.o
 .debug_macro   0x0000000000000303       0x2c ./STM32F103C6_Drivers/GPIO/stm32f103c6_gpio_driver.o
 .debug_macro   0x000000000000032f       0x46 ./STM32F103C6_Drivers/I2C/stm32f103c6_i2c_driver.o
 .debug_macro   0x0000000000000375       0x16 ./STM32F103C6_Drivers/I2C/stm32f103c6_i2c_driver.o
 .debug_macro   0x000000000000038b       0x2c ./STM32F103C6_Drivers/RCC/stm32f103c6_rcc_driver.o
 .debug_macro   0x00000000000003b7       0x39 ./STM32F103C6_Drivers/SPI/stm32f103c6_spi_driver.o
 .debug_macro   0x00000000000003f0       0xac ./STM32F103C6_Drivers/SPI/stm32f103c6_spi_driver.o
 .debug_macro   0x000000000000049c       0x46 ./STM32F103C6_Drivers/USART/stm32f103c6_usart_driver.o
 .debug_macro   0x00000000000004e2       0xa0 ./STM32F103C6_Drivers/USART/stm32f103c6_usart_driver.o
 .debug_macro   0x0000000000000582       0x64 ./Src/main.o

.debug_line     0x0000000000000000     0x244f
 .debug_line    0x0000000000000000      0x1d8 ./HAL/EEPROM_Driver/EEPROM.o
 .debug_line    0x00000000000001d8      0x49f ./STM32F103C6_Drivers/EXTI/stm32f103c6_exti_driver.o
 .debug_line    0x0000000000000677      0xe68 ./STM32F103C6_Drivers/GPIO/stm32f103c6_gpio_driver.o
 .debug_line    0x00000000000014df      0x4f2 ./STM32F103C6_Drivers/I2C/stm32f103c6_i2c_driver.o
 .debug_line    0x00000000000019d1      0x178 ./STM32F103C6_Drivers/RCC/stm32f103c6_rcc_driver.o
 .debug_line    0x0000000000001b49      0x31c ./STM32F103C6_Drivers/SPI/stm32f103c6_spi_driver.o
 .debug_line    0x0000000000001e65      0x3aa ./STM32F103C6_Drivers/USART/stm32f103c6_usart_driver.o
 .debug_line    0x000000000000220f      0x1bc ./Src/main.o
 .debug_line    0x00000000000023cb       0x84 ./Startup/startup_stm32f103c6tx.o

.debug_str      0x0000000000000000     0x733c
 .debug_str     0x0000000000000000     0x4151 ./HAL/EEPROM_Driver/EEPROM.o
                                       0x41f2 (size before relaxing)
 .debug_str     0x0000000000004151     0x1fba ./STM32F103C6_Drivers/EXTI/stm32f103c6_exti_driver.o
                                       0x5cb9 (size before relaxing)
 .debug_str     0x000000000000610b      0x54a ./STM32F103C6_Drivers/GPIO/stm32f103c6_gpio_driver.o
                                       0x47e4 (size before relaxing)
 .debug_str     0x0000000000006655      0x241 ./STM32F103C6_Drivers/I2C/stm32f103c6_i2c_driver.o
                                       0x53e1 (size before relaxing)
 .debug_str     0x0000000000006896       0x7e ./STM32F103C6_Drivers/RCC/stm32f103c6_rcc_driver.o
                                       0x426c (size before relaxing)
 .debug_str     0x0000000000006914      0x4ea ./STM32F103C6_Drivers/SPI/stm32f103c6_spi_driver.o
                                       0x4f00 (size before relaxing)
 .debug_str     0x0000000000006dfe      0x4f0 ./STM32F103C6_Drivers/USART/stm32f103c6_usart_driver.o
                                       0x4fad (size before relaxing)
 .debug_str     0x00000000000072ee       0x1d ./Src/main.o
                                       0x4bb5 (size before relaxing)
 .debug_str     0x000000000000730b       0x31 ./Startup/startup_stm32f103c6tx.o
                                         0x78 (size before relaxing)

.comment        0x0000000000000000       0x50
 .comment       0x0000000000000000       0x50 ./HAL/EEPROM_Driver/EEPROM.o
                                         0x51 (size before relaxing)
 .comment       0x0000000000000050       0x51 ./STM32F103C6_Drivers/EXTI/stm32f103c6_exti_driver.o
 .comment       0x0000000000000050       0x51 ./STM32F103C6_Drivers/GPIO/stm32f103c6_gpio_driver.o
 .comment       0x0000000000000050       0x51 ./STM32F103C6_Drivers/I2C/stm32f103c6_i2c_driver.o
 .comment       0x0000000000000050       0x51 ./STM32F103C6_Drivers/RCC/stm32f103c6_rcc_driver.o
 .comment       0x0000000000000050       0x51 ./STM32F103C6_Drivers/SPI/stm32f103c6_spi_driver.o
 .comment       0x0000000000000050       0x51 ./STM32F103C6_Drivers/USART/stm32f103c6_usart_driver.o
 .comment       0x0000000000000050       0x51 ./Src/main.o

.debug_frame    0x0000000000000000      0x814
 .debug_frame   0x0000000000000000       0x80 ./HAL/EEPROM_Driver/EEPROM.o
 .debug_frame   0x0000000000000080      0x164 ./STM32F103C6_Drivers/EXTI/stm32f103c6_exti_driver.o
 .debug_frame   0x00000000000001e4      0x14c ./STM32F103C6_Drivers/GPIO/stm32f103c6_gpio_driver.o
 .debug_frame   0x0000000000000330      0x1d4 ./STM32F103C6_Drivers/I2C/stm32f103c6_i2c_driver.o
 .debug_frame   0x0000000000000504       0x84 ./STM32F103C6_Drivers/RCC/stm32f103c6_rcc_driver.o
 .debug_frame   0x0000000000000588       0xc0 ./STM32F103C6_Drivers/SPI/stm32f103c6_spi_driver.o
 .debug_frame   0x0000000000000648      0x150 ./STM32F103C6_Drivers/USART/stm32f103c6_usart_driver.o
 .debug_frame   0x0000000000000798       0x50 ./Src/main.o
 .debug_frame   0x00000000000007e8       0x2c c:/st/stm32cubeide_1.4.0/stm32cubeide/plugins/com.st.stm32cube.ide.mcu.externaltools.gnu-tools-for-stm32.10.3-2021.10.win32_1.0.0.202111181127/tools/bin/../lib/gcc/arm-none-eabi/10.3.1/../../../../arm-none-eabi/lib/thumb/v7-m/nofp\libc_nano.a(lib_a-init.o)
