
Allocating common symbols
Common symbol       size              file

i                   0x4               main.o

Memory Configuration

Name             Origin             Length             Attributes
flash            0x08000000         0x00020000         xr
sram             0x20000000         0x00005000         xrw
*default*        0x00000000         0xffffffff

Linker script and memory map


.text           0x08000000      0x1a8
 *(.vectors*)
 .vectors       0x08000000       0x1c startup.o
                0x08000000                vectors
 *(.text*)
 .text          0x0800001c       0xcc main.o
                0x0800001c                main
 .text          0x080000e8       0xc0 startup.o
                0x080000e8                Bus_fault_Handler
                0x080000e8                MM_fault_Handler
                0x080000e8                Usage_fault_Handler
                0x080000e8                H_fault_Handler
                0x080000e8                Default_Handler
                0x080000e8                NMI_Handler
                0x080000f4                Reset_Handler
 *(.rodata*)
                0x080001a8                _E_text = .

.glue_7         0x080001a8        0x0
 .glue_7        0x00000000        0x0 linker stubs

.glue_7t        0x080001a8        0x0
 .glue_7t       0x00000000        0x0 linker stubs

.vfp11_veneer   0x080001a8        0x0
 .vfp11_veneer  0x00000000        0x0 linker stubs

.v4_bx          0x080001a8        0x0
 .v4_bx         0x00000000        0x0 linker stubs

.iplt           0x080001a8        0x0
 .iplt          0x00000000        0x0 main.o

.rel.dyn        0x080001a8        0x0
 .rel.iplt      0x00000000        0x0 main.o

.data           0x20000000        0x8 load address 0x080001a8
                0x20000000                _S_data = .
 *(.data)
 .data          0x20000000        0x8 main.o
                0x20000000                CRH
                0x20000004                ODR
 .data          0x20000008        0x0 startup.o
                0x20000008                . = ALIGN (0x4)
                0x20000008                _E_data = .

.igot.plt       0x20000008        0x0 load address 0x080001b0
 .igot.plt      0x00000000        0x0 main.o

.bss            0x20000008     0x1004 load address 0x080001b0
                0x20000008                _S_bss = .
 *(.bss)
 .bss           0x20000008        0x0 main.o
 .bss           0x20000008        0x0 startup.o
                0x20000008                . = ALIGN (0x4)
                0x20000008                _E_bss = .
                0x20000008                . = ALIGN (0x4)
                0x20001008                . = (. + 0x1000)
 *fill*         0x20000008     0x1000 
                0x20001008                _stack_top = .
 COMMON         0x20001008        0x4 main.o
                0x20001008                i
LOAD main.o
LOAD startup.o
OUTPUT(led_toggle.elf elf32-littlearm)

.debug_info     0x00000000      0x2e1
 .debug_info    0x00000000      0x16f main.o
 .debug_info    0x0000016f      0x172 startup.o

.debug_abbrev   0x00000000      0x163
 .debug_abbrev  0x00000000       0xae main.o
 .debug_abbrev  0x000000ae       0xb5 startup.o

.debug_loc      0x00000000       0x90
 .debug_loc     0x00000000       0x2c main.o
 .debug_loc     0x0000002c       0x64 startup.o

.debug_aranges  0x00000000       0x40
 .debug_aranges
                0x00000000       0x20 main.o
 .debug_aranges
                0x00000020       0x20 startup.o

.debug_line     0x00000000       0xe4
 .debug_line    0x00000000       0x69 main.o
 .debug_line    0x00000069       0x7b startup.o

.debug_str      0x00000000      0x17a
 .debug_str     0x00000000       0xeb main.o
                                0x118 (size before relaxing)
 .debug_str     0x000000eb       0x8f startup.o
                                0x15f (size before relaxing)

.comment        0x00000000       0x11
 .comment       0x00000000       0x11 main.o
                                 0x12 (size before relaxing)
 .comment       0x00000000       0x12 startup.o

.ARM.attributes
                0x00000000       0x33
 .ARM.attributes
                0x00000000       0x33 main.o
 .ARM.attributes
                0x00000033       0x33 startup.o

.debug_frame    0x00000000       0x74
 .debug_frame   0x00000000       0x28 main.o
 .debug_frame   0x00000028       0x4c startup.o
