Archive member included to satisfy reference by file (symbol)

c:/st/stm32cubeide_1.11.0/stm32cubeide/plugins/com.st.stm32cube.ide.mcu.externaltools.gnu-tools-for-stm32.10.3-2021.10.win32_1.0.100.202210260954/tools/bin/../lib/gcc/arm-none-eabi/10.3.1/../../../../arm-none-eabi/lib/thumb/v7-m/nofp\libc_nano.a(lib_a-errno.o)
                              ./Src/syscalls.o (__errno)
c:/st/stm32cubeide_1.11.0/stm32cubeide/plugins/com.st.stm32cube.ide.mcu.externaltools.gnu-tools-for-stm32.10.3-2021.10.win32_1.0.100.202210260954/tools/bin/../lib/gcc/arm-none-eabi/10.3.1/../../../../arm-none-eabi/lib/thumb/v7-m/nofp\libc_nano.a(lib_a-exit.o)
                              c:/st/stm32cubeide_1.11.0/stm32cubeide/plugins/com.st.stm32cube.ide.mcu.externaltools.gnu-tools-for-stm32.10.3-2021.10.win32_1.0.100.202210260954/tools/bin/../lib/gcc/arm-none-eabi/10.3.1/../../../../arm-none-eabi/lib/thumb/v7-m/nofp/crt0.o (exit)
c:/st/stm32cubeide_1.11.0/stm32cubeide/plugins/com.st.stm32cube.ide.mcu.externaltools.gnu-tools-for-stm32.10.3-2021.10.win32_1.0.100.202210260954/tools/bin/../lib/gcc/arm-none-eabi/10.3.1/../../../../arm-none-eabi/lib/thumb/v7-m/nofp\libc_nano.a(lib_a-impure.o)
                              c:/st/stm32cubeide_1.11.0/stm32cubeide/plugins/com.st.stm32cube.ide.mcu.externaltools.gnu-tools-for-stm32.10.3-2021.10.win32_1.0.100.202210260954/tools/bin/../lib/gcc/arm-none-eabi/10.3.1/../../../../arm-none-eabi/lib/thumb/v7-m/nofp\libc_nano.a(lib_a-exit.o) (_global_impure_ptr)
c:/st/stm32cubeide_1.11.0/stm32cubeide/plugins/com.st.stm32cube.ide.mcu.externaltools.gnu-tools-for-stm32.10.3-2021.10.win32_1.0.100.202210260954/tools/bin/../lib/gcc/arm-none-eabi/10.3.1/../../../../arm-none-eabi/lib/thumb/v7-m/nofp\libc_nano.a(lib_a-init.o)
                              c:/st/stm32cubeide_1.11.0/stm32cubeide/plugins/com.st.stm32cube.ide.mcu.externaltools.gnu-tools-for-stm32.10.3-2021.10.win32_1.0.100.202210260954/tools/bin/../lib/gcc/arm-none-eabi/10.3.1/../../../../arm-none-eabi/lib/thumb/v7-m/nofp/crt0.o (__libc_init_array)
c:/st/stm32cubeide_1.11.0/stm32cubeide/plugins/com.st.stm32cube.ide.mcu.externaltools.gnu-tools-for-stm32.10.3-2021.10.win32_1.0.100.202210260954/tools/bin/../lib/gcc/arm-none-eabi/10.3.1/../../../../arm-none-eabi/lib/thumb/v7-m/nofp\libc_nano.a(lib_a-memset.o)
                              c:/st/stm32cubeide_1.11.0/stm32cubeide/plugins/com.st.stm32cube.ide.mcu.externaltools.gnu-tools-for-stm32.10.3-2021.10.win32_1.0.100.202210260954/tools/bin/../lib/gcc/arm-none-eabi/10.3.1/../../../../arm-none-eabi/lib/thumb/v7-m/nofp/crt0.o (memset)

Discarded input sections

 .text          0x0000000000000000        0x0 c:/st/stm32cubeide_1.11.0/stm32cubeide/plugins/com.st.stm32cube.ide.mcu.externaltools.gnu-tools-for-stm32.10.3-2021.10.win32_1.0.100.202210260954/tools/bin/../lib/gcc/arm-none-eabi/10.3.1/thumb/v7-m/nofp/crti.o
 .data          0x0000000000000000        0x0 c:/st/stm32cubeide_1.11.0/stm32cubeide/plugins/com.st.stm32cube.ide.mcu.externaltools.gnu-tools-for-stm32.10.3-2021.10.win32_1.0.100.202210260954/tools/bin/../lib/gcc/arm-none-eabi/10.3.1/thumb/v7-m/nofp/crti.o
 .bss           0x0000000000000000        0x0 c:/st/stm32cubeide_1.11.0/stm32cubeide/plugins/com.st.stm32cube.ide.mcu.externaltools.gnu-tools-for-stm32.10.3-2021.10.win32_1.0.100.202210260954/tools/bin/../lib/gcc/arm-none-eabi/10.3.1/thumb/v7-m/nofp/crti.o
 .data          0x0000000000000000        0x4 c:/st/stm32cubeide_1.11.0/stm32cubeide/plugins/com.st.stm32cube.ide.mcu.externaltools.gnu-tools-for-stm32.10.3-2021.10.win32_1.0.100.202210260954/tools/bin/../lib/gcc/arm-none-eabi/10.3.1/thumb/v7-m/nofp/crtbegin.o
 .rodata        0x0000000000000000       0x24 c:/st/stm32cubeide_1.11.0/stm32cubeide/plugins/com.st.stm32cube.ide.mcu.externaltools.gnu-tools-for-stm32.10.3-2021.10.win32_1.0.100.202210260954/tools/bin/../lib/gcc/arm-none-eabi/10.3.1/thumb/v7-m/nofp/crtbegin.o
 .text          0x0000000000000000       0x7c c:/st/stm32cubeide_1.11.0/stm32cubeide/plugins/com.st.stm32cube.ide.mcu.externaltools.gnu-tools-for-stm32.10.3-2021.10.win32_1.0.100.202210260954/tools/bin/../lib/gcc/arm-none-eabi/10.3.1/../../../../arm-none-eabi/lib/thumb/v7-m/nofp/crt0.o
 .data          0x0000000000000000        0x0 c:/st/stm32cubeide_1.11.0/stm32cubeide/plugins/com.st.stm32cube.ide.mcu.externaltools.gnu-tools-for-stm32.10.3-2021.10.win32_1.0.100.202210260954/tools/bin/../lib/gcc/arm-none-eabi/10.3.1/../../../../arm-none-eabi/lib/thumb/v7-m/nofp/crt0.o
 .bss           0x0000000000000000        0x0 c:/st/stm32cubeide_1.11.0/stm32cubeide/plugins/com.st.stm32cube.ide.mcu.externaltools.gnu-tools-for-stm32.10.3-2021.10.win32_1.0.100.202210260954/tools/bin/../lib/gcc/arm-none-eabi/10.3.1/../../../../arm-none-eabi/lib/thumb/v7-m/nofp/crt0.o
 .ARM.extab     0x0000000000000000        0x0 c:/st/stm32cubeide_1.11.0/stm32cubeide/plugins/com.st.stm32cube.ide.mcu.externaltools.gnu-tools-for-stm32.10.3-2021.10.win32_1.0.100.202210260954/tools/bin/../lib/gcc/arm-none-eabi/10.3.1/../../../../arm-none-eabi/lib/thumb/v7-m/nofp/crt0.o
 .ARM.exidx     0x0000000000000000       0x10 c:/st/stm32cubeide_1.11.0/stm32cubeide/plugins/com.st.stm32cube.ide.mcu.externaltools.gnu-tools-for-stm32.10.3-2021.10.win32_1.0.100.202210260954/tools/bin/../lib/gcc/arm-none-eabi/10.3.1/../../../../arm-none-eabi/lib/thumb/v7-m/nofp/crt0.o
 .ARM.attributes
                0x0000000000000000       0x1b c:/st/stm32cubeide_1.11.0/stm32cubeide/plugins/com.st.stm32cube.ide.mcu.externaltools.gnu-tools-for-stm32.10.3-2021.10.win32_1.0.100.202210260954/tools/bin/../lib/gcc/arm-none-eabi/10.3.1/../../../../arm-none-eabi/lib/thumb/v7-m/nofp/crt0.o
 .group         0x0000000000000000        0xc ./HAL/7Segment_Driver/7segment.o
 .group         0x0000000000000000        0xc ./HAL/7Segment_Driver/7segment.o
 .group         0x0000000000000000        0xc ./HAL/7Segment_Driver/7segment.o
 .group         0x0000000000000000        0xc ./HAL/7Segment_Driver/7segment.o
 .group         0x0000000000000000        0xc ./HAL/7Segment_Driver/7segment.o
 .text          0x0000000000000000        0x0 ./HAL/7Segment_Driver/7segment.o
 .data          0x0000000000000000        0x0 ./HAL/7Segment_Driver/7segment.o
 .bss           0x0000000000000000        0x0 ./HAL/7Segment_Driver/7segment.o
 .data.numbers  0x0000000000000000        0xa ./HAL/7Segment_Driver/7segment.o
 .text._7segment_init
                0x0000000000000000       0xb8 ./HAL/7Segment_Driver/7segment.o
 .text._7segment_printNumber
                0x0000000000000000       0x30 ./HAL/7Segment_Driver/7segment.o
 .debug_info    0x0000000000000000      0xd75 ./HAL/7Segment_Driver/7segment.o
 .debug_abbrev  0x0000000000000000      0x195 ./HAL/7Segment_Driver/7segment.o
 .debug_loc     0x0000000000000000       0xa0 ./HAL/7Segment_Driver/7segment.o
 .debug_aranges
                0x0000000000000000       0x28 ./HAL/7Segment_Driver/7segment.o
 .debug_ranges  0x0000000000000000       0x18 ./HAL/7Segment_Driver/7segment.o
 .debug_macro   0x0000000000000000       0x35 ./HAL/7Segment_Driver/7segment.o
 .debug_macro   0x0000000000000000      0xa72 ./HAL/7Segment_Driver/7segment.o
 .debug_macro   0x0000000000000000       0x1c ./HAL/7Segment_Driver/7segment.o
 .debug_macro   0x0000000000000000      0x23a ./HAL/7Segment_Driver/7segment.o
 .debug_macro   0x0000000000000000       0xd0 ./HAL/7Segment_Driver/7segment.o
 .debug_macro   0x0000000000000000       0x76 ./HAL/7Segment_Driver/7segment.o
 .debug_line    0x0000000000000000      0x19f ./HAL/7Segment_Driver/7segment.o
 .debug_str     0x0000000000000000     0x43fc ./HAL/7Segment_Driver/7segment.o
 .comment       0x0000000000000000       0x51 ./HAL/7Segment_Driver/7segment.o
 .debug_frame   0x0000000000000000       0x58 ./HAL/7Segment_Driver/7segment.o
 .ARM.attributes
                0x0000000000000000       0x2d ./HAL/7Segment_Driver/7segment.o
 .group         0x0000000000000000        0xc ./HAL/EEPROM_Driver/EEPROM.o
 .group         0x0000000000000000        0xc ./HAL/EEPROM_Driver/EEPROM.o
 .group         0x0000000000000000        0xc ./HAL/EEPROM_Driver/EEPROM.o
 .group         0x0000000000000000        0xc ./HAL/EEPROM_Driver/EEPROM.o
 .group         0x0000000000000000        0xc ./HAL/EEPROM_Driver/EEPROM.o
 .text          0x0000000000000000        0x0 ./HAL/EEPROM_Driver/EEPROM.o
 .data          0x0000000000000000        0x0 ./HAL/EEPROM_Driver/EEPROM.o
 .bss           0x0000000000000000        0x0 ./HAL/EEPROM_Driver/EEPROM.o
 .text.EEPROM_init
                0x0000000000000000       0x48 ./HAL/EEPROM_Driver/EEPROM.o
 .text.EEPROM_WriteNBytes
                0x0000000000000000       0xcc ./HAL/EEPROM_Driver/EEPROM.o
 .text.EEPROM_ReadByte
                0x0000000000000000       0x54 ./HAL/EEPROM_Driver/EEPROM.o
 .debug_info    0x0000000000000000      0xb49 ./HAL/EEPROM_Driver/EEPROM.o
 .debug_abbrev  0x0000000000000000      0x1ab ./HAL/EEPROM_Driver/EEPROM.o
 .debug_loc     0x0000000000000000       0xf2 ./HAL/EEPROM_Driver/EEPROM.o
 .debug_aranges
                0x0000000000000000       0x30 ./HAL/EEPROM_Driver/EEPROM.o
 .debug_ranges  0x0000000000000000       0x20 ./HAL/EEPROM_Driver/EEPROM.o
 .debug_macro   0x0000000000000000       0x35 ./HAL/EEPROM_Driver/EEPROM.o
 .debug_macro   0x0000000000000000      0xa72 ./HAL/EEPROM_Driver/EEPROM.o
 .debug_macro   0x0000000000000000       0x1c ./HAL/EEPROM_Driver/EEPROM.o
 .debug_macro   0x0000000000000000      0x23a ./HAL/EEPROM_Driver/EEPROM.o
 .debug_macro   0x0000000000000000       0x64 ./HAL/EEPROM_Driver/EEPROM.o
 .debug_macro   0x0000000000000000       0x10 ./HAL/EEPROM_Driver/EEPROM.o
 .debug_line    0x0000000000000000      0x1d8 ./HAL/EEPROM_Driver/EEPROM.o
 .debug_str     0x0000000000000000     0x41f2 ./HAL/EEPROM_Driver/EEPROM.o
 .comment       0x0000000000000000       0x51 ./HAL/EEPROM_Driver/EEPROM.o
 .debug_frame   0x0000000000000000       0x80 ./HAL/EEPROM_Driver/EEPROM.o
 .ARM.attributes
                0x0000000000000000       0x2d ./HAL/EEPROM_Driver/EEPROM.o
 .group         0x0000000000000000        0xc ./HAL/Keypad_Driver/Keypad.o
 .group         0x0000000000000000        0xc ./HAL/Keypad_Driver/Keypad.o
 .group         0x0000000000000000        0xc ./HAL/Keypad_Driver/Keypad.o
 .group         0x0000000000000000        0xc ./HAL/Keypad_Driver/Keypad.o
 .group         0x0000000000000000        0xc ./HAL/Keypad_Driver/Keypad.o
 .text          0x0000000000000000        0x0 ./HAL/Keypad_Driver/Keypad.o
 .data          0x0000000000000000        0x0 ./HAL/Keypad_Driver/Keypad.o
 .bss           0x0000000000000000        0x0 ./HAL/Keypad_Driver/Keypad.o
 .data.KEYPAD_row
                0x0000000000000000        0x4 ./HAL/Keypad_Driver/Keypad.o
 .data.KEYPAD_col
                0x0000000000000000        0x4 ./HAL/Keypad_Driver/Keypad.o
 .text.KEYPAD_init
                0x0000000000000000       0x74 ./HAL/Keypad_Driver/Keypad.o
 .text.KEYPAD_getChar
                0x0000000000000000      0x16c ./HAL/Keypad_Driver/Keypad.o
 .debug_info    0x0000000000000000      0xdc3 ./HAL/Keypad_Driver/Keypad.o
 .debug_abbrev  0x0000000000000000      0x19f ./HAL/Keypad_Driver/Keypad.o
 .debug_loc     0x0000000000000000       0xa0 ./HAL/Keypad_Driver/Keypad.o
 .debug_aranges
                0x0000000000000000       0x28 ./HAL/Keypad_Driver/Keypad.o
 .debug_ranges  0x0000000000000000       0x18 ./HAL/Keypad_Driver/Keypad.o
 .debug_macro   0x0000000000000000       0x35 ./HAL/Keypad_Driver/Keypad.o
 .debug_macro   0x0000000000000000      0xa72 ./HAL/Keypad_Driver/Keypad.o
 .debug_macro   0x0000000000000000       0x1c ./HAL/Keypad_Driver/Keypad.o
 .debug_macro   0x0000000000000000      0x23a ./HAL/Keypad_Driver/Keypad.o
 .debug_macro   0x0000000000000000       0xd0 ./HAL/Keypad_Driver/Keypad.o
 .debug_macro   0x0000000000000000       0x40 ./HAL/Keypad_Driver/Keypad.o
 .debug_line    0x0000000000000000      0x247 ./HAL/Keypad_Driver/Keypad.o
 .debug_str     0x0000000000000000     0x4362 ./HAL/Keypad_Driver/Keypad.o
 .comment       0x0000000000000000       0x51 ./HAL/Keypad_Driver/Keypad.o
 .debug_frame   0x0000000000000000       0x58 ./HAL/Keypad_Driver/Keypad.o
 .ARM.attributes
                0x0000000000000000       0x2d ./HAL/Keypad_Driver/Keypad.o
 .group         0x0000000000000000        0xc ./HAL/LCD_Driver/LCD.o
 .group         0x0000000000000000        0xc ./HAL/LCD_Driver/LCD.o
 .group         0x0000000000000000        0xc ./HAL/LCD_Driver/LCD.o
 .group         0x0000000000000000        0xc ./HAL/LCD_Driver/LCD.o
 .group         0x0000000000000000        0xc ./HAL/LCD_Driver/LCD.o
 .text          0x0000000000000000        0x0 ./HAL/LCD_Driver/LCD.o
 .data          0x0000000000000000        0x0 ./HAL/LCD_Driver/LCD.o
 .bss           0x0000000000000000        0x0 ./HAL/LCD_Driver/LCD.o
 .bss.cfg       0x0000000000000000        0x3 ./HAL/LCD_Driver/LCD.o
 .bss.LCD_cursor_position
                0x0000000000000000        0x1 ./HAL/LCD_Driver/LCD.o
 .data.LCD_Pins
                0x0000000000000000        0xb ./HAL/LCD_Driver/LCD.o
 .text.delay    0x0000000000000000       0x3a ./HAL/LCD_Driver/LCD.o
 .text.LCD_kick
                0x0000000000000000       0x28 ./HAL/LCD_Driver/LCD.o
 .text.LCD_isBusy
                0x0000000000000000       0xb4 ./HAL/LCD_Driver/LCD.o
 .text.LCD_sendCommand
                0x0000000000000000       0x40 ./HAL/LCD_Driver/LCD.o
 .text.LCD_clearScreen
                0x0000000000000000       0x18 ./HAL/LCD_Driver/LCD.o
 .text.LCD_init
                0x0000000000000000       0x78 ./HAL/LCD_Driver/LCD.o
 .text.LCD_printChar
                0x0000000000000000       0x74 ./HAL/LCD_Driver/LCD.o
 .text.LCD_printString
                0x0000000000000000       0x2c ./HAL/LCD_Driver/LCD.o
 .text.LCD_goToXY
                0x0000000000000000       0x68 ./HAL/LCD_Driver/LCD.o
 .debug_info    0x0000000000000000      0xf0e ./HAL/LCD_Driver/LCD.o
 .debug_abbrev  0x0000000000000000      0x1ec ./HAL/LCD_Driver/LCD.o
 .debug_loc     0x0000000000000000      0x294 ./HAL/LCD_Driver/LCD.o
 .debug_aranges
                0x0000000000000000       0x60 ./HAL/LCD_Driver/LCD.o
 .debug_ranges  0x0000000000000000       0x50 ./HAL/LCD_Driver/LCD.o
 .debug_macro   0x0000000000000000       0x35 ./HAL/LCD_Driver/LCD.o
 .debug_macro   0x0000000000000000      0xa72 ./HAL/LCD_Driver/LCD.o
 .debug_macro   0x0000000000000000       0x1c ./HAL/LCD_Driver/LCD.o
 .debug_macro   0x0000000000000000      0x23a ./HAL/LCD_Driver/LCD.o
 .debug_macro   0x0000000000000000       0xd0 ./HAL/LCD_Driver/LCD.o
 .debug_macro   0x0000000000000000       0xa0 ./HAL/LCD_Driver/LCD.o
 .debug_line    0x0000000000000000      0x340 ./HAL/LCD_Driver/LCD.o
 .debug_str     0x0000000000000000     0x45a7 ./HAL/LCD_Driver/LCD.o
 .comment       0x0000000000000000       0x51 ./HAL/LCD_Driver/LCD.o
 .debug_frame   0x0000000000000000      0x148 ./HAL/LCD_Driver/LCD.o
 .ARM.attributes
                0x0000000000000000       0x2d ./HAL/LCD_Driver/LCD.o
 .group         0x0000000000000000        0xc ./STM32F103C6_Drivers/EXTI/stm32f103c6_exti_driver.o
 .group         0x0000000000000000        0xc ./STM32F103C6_Drivers/EXTI/stm32f103c6_exti_driver.o
 .group         0x0000000000000000        0xc ./STM32F103C6_Drivers/EXTI/stm32f103c6_exti_driver.o
 .group         0x0000000000000000        0xc ./STM32F103C6_Drivers/EXTI/stm32f103c6_exti_driver.o
 .group         0x0000000000000000        0xc ./STM32F103C6_Drivers/EXTI/stm32f103c6_exti_driver.o
 .text          0x0000000000000000        0x0 ./STM32F103C6_Drivers/EXTI/stm32f103c6_exti_driver.o
 .data          0x0000000000000000        0x0 ./STM32F103C6_Drivers/EXTI/stm32f103c6_exti_driver.o
 .bss           0x0000000000000000        0x0 ./STM32F103C6_Drivers/EXTI/stm32f103c6_exti_driver.o
 .text.MCAL_EXTI_deInit
                0x0000000000000000       0xa0 ./STM32F103C6_Drivers/EXTI/stm32f103c6_exti_driver.o
 .text.MCAL_EXTI_update
                0x0000000000000000       0x16 ./STM32F103C6_Drivers/EXTI/stm32f103c6_exti_driver.o
 .debug_macro   0x0000000000000000      0xa72 ./STM32F103C6_Drivers/EXTI/stm32f103c6_exti_driver.o
 .debug_macro   0x0000000000000000       0x1c ./STM32F103C6_Drivers/EXTI/stm32f103c6_exti_driver.o
 .debug_macro   0x0000000000000000      0x23a ./STM32F103C6_Drivers/EXTI/stm32f103c6_exti_driver.o
 .debug_macro   0x0000000000000000       0xd0 ./STM32F103C6_Drivers/EXTI/stm32f103c6_exti_driver.o
 .group         0x0000000000000000        0xc ./STM32F103C6_Drivers/GPIO/stm32f103c6_gpio_driver.o
 .group         0x0000000000000000        0xc ./STM32F103C6_Drivers/GPIO/stm32f103c6_gpio_driver.o
 .group         0x0000000000000000        0xc ./STM32F103C6_Drivers/GPIO/stm32f103c6_gpio_driver.o
 .group         0x0000000000000000        0xc ./STM32F103C6_Drivers/GPIO/stm32f103c6_gpio_driver.o
 .text          0x0000000000000000        0x0 ./STM32F103C6_Drivers/GPIO/stm32f103c6_gpio_driver.o
 .data          0x0000000000000000        0x0 ./STM32F103C6_Drivers/GPIO/stm32f103c6_gpio_driver.o
 .bss           0x0000000000000000        0x0 ./STM32F103C6_Drivers/GPIO/stm32f103c6_gpio_driver.o
 .text.MCAL_GPIO_deinit
                0x0000000000000000       0xc0 ./STM32F103C6_Drivers/GPIO/stm32f103c6_gpio_driver.o
 .text.MCAL_GPIO_readPin
                0x0000000000000000      0x16c ./STM32F103C6_Drivers/GPIO/stm32f103c6_gpio_driver.o
 .text.MCAL_GPIO_readPort
                0x0000000000000000       0x1a ./STM32F103C6_Drivers/GPIO/stm32f103c6_gpio_driver.o
 .text.MCAL_GPIO_writePin
                0x0000000000000000      0x38c ./STM32F103C6_Drivers/GPIO/stm32f103c6_gpio_driver.o
 .text.MCAL_GPIO_writePort
                0x0000000000000000       0x56 ./STM32F103C6_Drivers/GPIO/stm32f103c6_gpio_driver.o
 .text.MCAL_GPIO_togglePin
                0x0000000000000000      0x228 ./STM32F103C6_Drivers/GPIO/stm32f103c6_gpio_driver.o
 .text.MCAL_GPIO_lockPin
                0x0000000000000000      0x160 ./STM32F103C6_Drivers/GPIO/stm32f103c6_gpio_driver.o
 .debug_macro   0x0000000000000000      0xa72 ./STM32F103C6_Drivers/GPIO/stm32f103c6_gpio_driver.o
 .debug_macro   0x0000000000000000       0x1c ./STM32F103C6_Drivers/GPIO/stm32f103c6_gpio_driver.o
 .debug_macro   0x0000000000000000      0x23a ./STM32F103C6_Drivers/GPIO/stm32f103c6_gpio_driver.o
 .debug_macro   0x0000000000000000       0xd0 ./STM32F103C6_Drivers/GPIO/stm32f103c6_gpio_driver.o
 .group         0x0000000000000000        0xc ./STM32F103C6_Drivers/I2C/stm32f103c6_i2c_driver.o
 .group         0x0000000000000000        0xc ./STM32F103C6_Drivers/I2C/stm32f103c6_i2c_driver.o
 .group         0x0000000000000000        0xc ./STM32F103C6_Drivers/I2C/stm32f103c6_i2c_driver.o
 .group         0x0000000000000000        0xc ./STM32F103C6_Drivers/I2C/stm32f103c6_i2c_driver.o
 .group         0x0000000000000000        0xc ./STM32F103C6_Drivers/I2C/stm32f103c6_i2c_driver.o
 .group         0x0000000000000000        0xc ./STM32F103C6_Drivers/I2C/stm32f103c6_i2c_driver.o
 .text          0x0000000000000000        0x0 ./STM32F103C6_Drivers/I2C/stm32f103c6_i2c_driver.o
 .data          0x0000000000000000        0x0 ./STM32F103C6_Drivers/I2C/stm32f103c6_i2c_driver.o
 .bss           0x0000000000000000        0x0 ./STM32F103C6_Drivers/I2C/stm32f103c6_i2c_driver.o
 .bss.I2C_P_ISR_CallBack
                0x0000000000000000        0x4 ./STM32F103C6_Drivers/I2C/stm32f103c6_i2c_driver.o
 .text.MCAL_I2C_init
                0x0000000000000000      0x280 ./STM32F103C6_Drivers/I2C/stm32f103c6_i2c_driver.o
 .text.MCAL_I2C_deinit
                0x0000000000000000       0x84 ./STM32F103C6_Drivers/I2C/stm32f103c6_i2c_driver.o
 .text.MCAL_I2C_Master_TX
                0x0000000000000000       0xa4 ./STM32F103C6_Drivers/I2C/stm32f103c6_i2c_driver.o
 .text.MCAL_I2C_Master_RX
                0x0000000000000000       0xd4 ./STM32F103C6_Drivers/I2C/stm32f103c6_i2c_driver.o
 .text.I2C_GenerateStart
                0x0000000000000000       0x4a ./STM32F103C6_Drivers/I2C/stm32f103c6_i2c_driver.o
 .text.I2C_SendAddress
                0x0000000000000000       0x34 ./STM32F103C6_Drivers/I2C/stm32f103c6_i2c_driver.o
 .text.I2C_GenerateStop
                0x0000000000000000       0x32 ./STM32F103C6_Drivers/I2C/stm32f103c6_i2c_driver.o
 .text.I2C_GetFlagStatus
                0x0000000000000000      0x114 ./STM32F103C6_Drivers/I2C/stm32f103c6_i2c_driver.o
 .text.MCAL_I2C_SlaveSendData
                0x0000000000000000       0x22 ./STM32F103C6_Drivers/I2C/stm32f103c6_i2c_driver.o
 .text.MCAL_I2C_SlaveRecieveData
                0x0000000000000000       0x18 ./STM32F103C6_Drivers/I2C/stm32f103c6_i2c_driver.o
 .debug_macro   0x0000000000000000      0xa72 ./STM32F103C6_Drivers/I2C/stm32f103c6_i2c_driver.o
 .debug_macro   0x0000000000000000       0x1c ./STM32F103C6_Drivers/I2C/stm32f103c6_i2c_driver.o
 .debug_macro   0x0000000000000000      0x23a ./STM32F103C6_Drivers/I2C/stm32f103c6_i2c_driver.o
 .debug_macro   0x0000000000000000       0x64 ./STM32F103C6_Drivers/I2C/stm32f103c6_i2c_driver.o
 .debug_macro   0x0000000000000000       0xd0 ./STM32F103C6_Drivers/I2C/stm32f103c6_i2c_driver.o
 .group         0x0000000000000000        0xc ./STM32F103C6_Drivers/RCC/stm32f103c6_rcc_driver.o
 .group         0x0000000000000000        0xc ./STM32F103C6_Drivers/RCC/stm32f103c6_rcc_driver.o
 .group         0x0000000000000000        0xc ./STM32F103C6_Drivers/RCC/stm32f103c6_rcc_driver.o
 .group         0x0000000000000000        0xc ./STM32F103C6_Drivers/RCC/stm32f103c6_rcc_driver.o
 .text          0x0000000000000000        0x0 ./STM32F103C6_Drivers/RCC/stm32f103c6_rcc_driver.o
 .data          0x0000000000000000        0x0 ./STM32F103C6_Drivers/RCC/stm32f103c6_rcc_driver.o
 .bss           0x0000000000000000        0x0 ./STM32F103C6_Drivers/RCC/stm32f103c6_rcc_driver.o
 .data.AHBPre   0x0000000000000000        0x8 ./STM32F103C6_Drivers/RCC/stm32f103c6_rcc_driver.o
 .data.APBPre   0x0000000000000000       0x10 ./STM32F103C6_Drivers/RCC/stm32f103c6_rcc_driver.o
 .text.MCAL_RCC_SYSCLCKFreq
                0x0000000000000000       0x2c ./STM32F103C6_Drivers/RCC/stm32f103c6_rcc_driver.o
 .text.MCAL_RCC_HCLCKFreq
                0x0000000000000000       0x2c ./STM32F103C6_Drivers/RCC/stm32f103c6_rcc_driver.o
 .text.MCAL_RCC_PCLCK1Freq
                0x0000000000000000       0x2c ./STM32F103C6_Drivers/RCC/stm32f103c6_rcc_driver.o
 .text.MCAL_RCC_PCLCK2Freq
                0x0000000000000000       0x2c ./STM32F103C6_Drivers/RCC/stm32f103c6_rcc_driver.o
 .debug_info    0x0000000000000000     0x115a ./STM32F103C6_Drivers/RCC/stm32f103c6_rcc_driver.o
 .debug_abbrev  0x0000000000000000      0x132 ./STM32F103C6_Drivers/RCC/stm32f103c6_rcc_driver.o
 .debug_loc     0x0000000000000000       0xc8 ./STM32F103C6_Drivers/RCC/stm32f103c6_rcc_driver.o
 .debug_aranges
                0x0000000000000000       0x38 ./STM32F103C6_Drivers/RCC/stm32f103c6_rcc_driver.o
 .debug_ranges  0x0000000000000000       0x28 ./STM32F103C6_Drivers/RCC/stm32f103c6_rcc_driver.o
 .debug_macro   0x0000000000000000       0x2c ./STM32F103C6_Drivers/RCC/stm32f103c6_rcc_driver.o
 .debug_macro   0x0000000000000000      0xa72 ./STM32F103C6_Drivers/RCC/stm32f103c6_rcc_driver.o
 .debug_macro   0x0000000000000000       0x1c ./STM32F103C6_Drivers/RCC/stm32f103c6_rcc_driver.o
 .debug_macro   0x0000000000000000      0x23a ./STM32F103C6_Drivers/RCC/stm32f103c6_rcc_driver.o
 .debug_macro   0x0000000000000000       0x16 ./STM32F103C6_Drivers/RCC/stm32f103c6_rcc_driver.o
 .debug_line    0x0000000000000000      0x178 ./STM32F103C6_Drivers/RCC/stm32f103c6_rcc_driver.o
 .debug_str     0x0000000000000000     0x426c ./STM32F103C6_Drivers/RCC/stm32f103c6_rcc_driver.o
 .comment       0x0000000000000000       0x51 ./STM32F103C6_Drivers/RCC/stm32f103c6_rcc_driver.o
 .debug_frame   0x0000000000000000       0x84 ./STM32F103C6_Drivers/RCC/stm32f103c6_rcc_driver.o
 .ARM.attributes
                0x0000000000000000       0x2d ./STM32F103C6_Drivers/RCC/stm32f103c6_rcc_driver.o
 .group         0x0000000000000000        0xc ./STM32F103C6_Drivers/SPI/stm32f103c6_spi_driver.o
 .group         0x0000000000000000        0xc ./STM32F103C6_Drivers/SPI/stm32f103c6_spi_driver.o
 .group         0x0000000000000000        0xc ./STM32F103C6_Drivers/SPI/stm32f103c6_spi_driver.o
 .group         0x0000000000000000        0xc ./STM32F103C6_Drivers/SPI/stm32f103c6_spi_driver.o
 .group         0x0000000000000000        0xc ./STM32F103C6_Drivers/SPI/stm32f103c6_spi_driver.o
 .text          0x0000000000000000        0x0 ./STM32F103C6_Drivers/SPI/stm32f103c6_spi_driver.o
 .data          0x0000000000000000        0x0 ./STM32F103C6_Drivers/SPI/stm32f103c6_spi_driver.o
 .bss           0x0000000000000000        0x0 ./STM32F103C6_Drivers/SPI/stm32f103c6_spi_driver.o
 .text.MCAL_SPI_init
                0x0000000000000000      0x330 ./STM32F103C6_Drivers/SPI/stm32f103c6_spi_driver.o
 .text.MCAL_SPI_deinit
                0x0000000000000000       0x40 ./STM32F103C6_Drivers/SPI/stm32f103c6_spi_driver.o
 .text.MCAL_SPI_TxRx
                0x0000000000000000       0x54 ./STM32F103C6_Drivers/SPI/stm32f103c6_spi_driver.o
 .debug_macro   0x0000000000000000      0xa72 ./STM32F103C6_Drivers/SPI/stm32f103c6_spi_driver.o
 .debug_macro   0x0000000000000000       0x1c ./STM32F103C6_Drivers/SPI/stm32f103c6_spi_driver.o
 .debug_macro   0x0000000000000000      0x23a ./STM32F103C6_Drivers/SPI/stm32f103c6_spi_driver.o
 .debug_macro   0x0000000000000000       0xd0 ./STM32F103C6_Drivers/SPI/stm32f103c6_spi_driver.o
 .group         0x0000000000000000        0xc ./STM32F103C6_Drivers/USART/stm32f103c6_usart_driver.o
 .group         0x0000000000000000        0xc ./STM32F103C6_Drivers/USART/stm32f103c6_usart_driver.o
 .group         0x0000000000000000        0xc ./STM32F103C6_Drivers/USART/stm32f103c6_usart_driver.o
 .group         0x0000000000000000        0xc ./STM32F103C6_Drivers/USART/stm32f103c6_usart_driver.o
 .group         0x0000000000000000        0xc ./STM32F103C6_Drivers/USART/stm32f103c6_usart_driver.o
 .group         0x0000000000000000        0xc ./STM32F103C6_Drivers/USART/stm32f103c6_usart_driver.o
 .text          0x0000000000000000        0x0 ./STM32F103C6_Drivers/USART/stm32f103c6_usart_driver.o
 .data          0x0000000000000000        0x0 ./STM32F103C6_Drivers/USART/stm32f103c6_usart_driver.o
 .bss           0x0000000000000000        0x0 ./STM32F103C6_Drivers/USART/stm32f103c6_usart_driver.o
 .text.MCAL_USART_init
                0x0000000000000000      0x200 ./STM32F103C6_Drivers/USART/stm32f103c6_usart_driver.o
 .text.MCAL_USART_deinit
                0x0000000000000000       0x7c ./STM32F103C6_Drivers/USART/stm32f103c6_usart_driver.o
 .text.MCAL_USART_transmit
                0x0000000000000000       0x68 ./STM32F103C6_Drivers/USART/stm32f103c6_usart_driver.o
 .text.MCAL_USART_receive
                0x0000000000000000       0x96 ./STM32F103C6_Drivers/USART/stm32f103c6_usart_driver.o
 .text.MCAL_USART_transmitString
                0x0000000000000000       0x54 ./STM32F103C6_Drivers/USART/stm32f103c6_usart_driver.o
 .text.MCAL_USART_receiveString
                0x0000000000000000       0x40 ./STM32F103C6_Drivers/USART/stm32f103c6_usart_driver.o
 .debug_macro   0x0000000000000000      0xa72 ./STM32F103C6_Drivers/USART/stm32f103c6_usart_driver.o
 .debug_macro   0x0000000000000000       0x1c ./STM32F103C6_Drivers/USART/stm32f103c6_usart_driver.o
 .debug_macro   0x0000000000000000      0x23a ./STM32F103C6_Drivers/USART/stm32f103c6_usart_driver.o
 .debug_macro   0x0000000000000000       0xd0 ./STM32F103C6_Drivers/USART/stm32f103c6_usart_driver.o
 .debug_macro   0x0000000000000000       0x16 ./STM32F103C6_Drivers/USART/stm32f103c6_usart_driver.o
 .group         0x0000000000000000        0xc ./Src/main.o
 .group         0x0000000000000000        0xc ./Src/main.o
 .group         0x0000000000000000        0xc ./Src/main.o
 .group         0x0000000000000000        0xc ./Src/main.o
 .group         0x0000000000000000        0xc ./Src/main.o
 .text          0x0000000000000000        0x0 ./Src/main.o
 .data          0x0000000000000000        0x0 ./Src/main.o
 .bss           0x0000000000000000        0x0 ./Src/main.o
 .debug_macro   0x0000000000000000      0xa72 ./Src/main.o
 .debug_macro   0x0000000000000000       0x1c ./Src/main.o
 .debug_macro   0x0000000000000000      0x23a ./Src/main.o
 .debug_macro   0x0000000000000000       0xd0 ./Src/main.o
 .debug_macro   0x0000000000000000      0x21b ./Src/main.o
 .group         0x0000000000000000        0xc ./Src/syscalls.o
 .group         0x0000000000000000        0xc ./Src/syscalls.o
 .group         0x0000000000000000        0xc ./Src/syscalls.o
 .group         0x0000000000000000        0xc ./Src/syscalls.o
 .group         0x0000000000000000        0xc ./Src/syscalls.o
 .group         0x0000000000000000        0xc ./Src/syscalls.o
 .group         0x0000000000000000        0xc ./Src/syscalls.o
 .group         0x0000000000000000        0xc ./Src/syscalls.o
 .group         0x0000000000000000        0xc ./Src/syscalls.o
 .group         0x0000000000000000        0xc ./Src/syscalls.o
 .group         0x0000000000000000        0xc ./Src/syscalls.o
 .group         0x0000000000000000        0xc ./Src/syscalls.o
 .group         0x0000000000000000        0xc ./Src/syscalls.o
 .group         0x0000000000000000        0xc ./Src/syscalls.o
 .group         0x0000000000000000        0xc ./Src/syscalls.o
 .group         0x0000000000000000        0xc ./Src/syscalls.o
 .group         0x0000000000000000        0xc ./Src/syscalls.o
 .group         0x0000000000000000        0xc ./Src/syscalls.o
 .group         0x0000000000000000        0xc ./Src/syscalls.o
 .group         0x0000000000000000        0xc ./Src/syscalls.o
 .group         0x0000000000000000        0xc ./Src/syscalls.o
 .group         0x0000000000000000        0xc ./Src/syscalls.o
 .group         0x0000000000000000        0xc ./Src/syscalls.o
 .group         0x0000000000000000        0xc ./Src/syscalls.o
 .group         0x0000000000000000        0xc ./Src/syscalls.o
 .group         0x0000000000000000        0xc ./Src/syscalls.o
 .group         0x0000000000000000        0xc ./Src/syscalls.o
 .group         0x0000000000000000        0xc ./Src/syscalls.o
 .group         0x0000000000000000        0xc ./Src/syscalls.o
 .group         0x0000000000000000        0xc ./Src/syscalls.o
 .group         0x0000000000000000        0xc ./Src/syscalls.o
 .group         0x0000000000000000        0xc ./Src/syscalls.o
 .group         0x0000000000000000        0xc ./Src/syscalls.o
 .group         0x0000000000000000        0xc ./Src/syscalls.o
 .group         0x0000000000000000        0xc ./Src/syscalls.o
 .group         0x0000000000000000        0xc ./Src/syscalls.o
 .group         0x0000000000000000        0xc ./Src/syscalls.o
 .group         0x0000000000000000        0xc ./Src/syscalls.o
 .group         0x0000000000000000        0xc ./Src/syscalls.o
 .group         0x0000000000000000        0xc ./Src/syscalls.o
 .group         0x0000000000000000        0xc ./Src/syscalls.o
 .group         0x0000000000000000        0xc ./Src/syscalls.o
 .group         0x0000000000000000        0xc ./Src/syscalls.o
 .group         0x0000000000000000        0xc ./Src/syscalls.o
 .group         0x0000000000000000        0xc ./Src/syscalls.o
 .group         0x0000000000000000        0xc ./Src/syscalls.o
 .group         0x0000000000000000        0xc ./Src/syscalls.o
 .text          0x0000000000000000        0x0 ./Src/syscalls.o
 .data          0x0000000000000000        0x0 ./Src/syscalls.o
 .bss           0x0000000000000000        0x0 ./Src/syscalls.o
 .bss.__env     0x0000000000000000        0x4 ./Src/syscalls.o
 .data.environ  0x0000000000000000        0x4 ./Src/syscalls.o
 .text.initialise_monitor_handles
                0x0000000000000000        0xc ./Src/syscalls.o
 .text._getpid  0x0000000000000000        0xe ./Src/syscalls.o
 .text._kill    0x0000000000000000       0x20 ./Src/syscalls.o
 .text._exit    0x0000000000000000       0x14 ./Src/syscalls.o
 .text._read    0x0000000000000000       0x3a ./Src/syscalls.o
 .text._write   0x0000000000000000       0x38 ./Src/syscalls.o
 .text._close   0x0000000000000000       0x16 ./Src/syscalls.o
 .text._fstat   0x0000000000000000       0x1e ./Src/syscalls.o
 .text._isatty  0x0000000000000000       0x14 ./Src/syscalls.o
 .text._lseek   0x0000000000000000       0x18 ./Src/syscalls.o
 .text._open    0x0000000000000000       0x1a ./Src/syscalls.o
 .text._wait    0x0000000000000000       0x1e ./Src/syscalls.o
 .text._unlink  0x0000000000000000       0x1e ./Src/syscalls.o
 .text._times   0x0000000000000000       0x16 ./Src/syscalls.o
 .text._stat    0x0000000000000000       0x1e ./Src/syscalls.o
 .text._link    0x0000000000000000       0x20 ./Src/syscalls.o
 .text._fork    0x0000000000000000       0x16 ./Src/syscalls.o
 .text._execve  0x0000000000000000       0x22 ./Src/syscalls.o
 .debug_info    0x0000000000000000      0x77e ./Src/syscalls.o
 .debug_abbrev  0x0000000000000000      0x1c6 ./Src/syscalls.o
 .debug_loc     0x0000000000000000      0x5b8 ./Src/syscalls.o
 .debug_aranges
                0x0000000000000000       0xa8 ./Src/syscalls.o
 .debug_ranges  0x0000000000000000       0x98 ./Src/syscalls.o
 .debug_macro   0x0000000000000000      0x24c ./Src/syscalls.o
 .debug_macro   0x0000000000000000      0xa72 ./Src/syscalls.o
 .debug_macro   0x0000000000000000       0x22 ./Src/syscalls.o
 .debug_macro   0x0000000000000000       0x4c ./Src/syscalls.o
 .debug_macro   0x0000000000000000       0x18 ./Src/syscalls.o
 .debug_macro   0x0000000000000000       0x94 ./Src/syscalls.o
 .debug_macro   0x0000000000000000       0x3c ./Src/syscalls.o
 .debug_macro   0x0000000000000000       0x34 ./Src/syscalls.o
 .debug_macro   0x0000000000000000       0x57 ./Src/syscalls.o
 .debug_macro   0x0000000000000000      0x174 ./Src/syscalls.o
 .debug_macro   0x0000000000000000      0x341 ./Src/syscalls.o
 .debug_macro   0x0000000000000000       0x16 ./Src/syscalls.o
 .debug_macro   0x0000000000000000       0x43 ./Src/syscalls.o
 .debug_macro   0x0000000000000000       0x34 ./Src/syscalls.o
 .debug_macro   0x0000000000000000       0x10 ./Src/syscalls.o
 .debug_macro   0x0000000000000000       0x58 ./Src/syscalls.o
 .debug_macro   0x0000000000000000       0x71 ./Src/syscalls.o
 .debug_macro   0x0000000000000000       0x1c ./Src/syscalls.o
 .debug_macro   0x0000000000000000      0x12a ./Src/syscalls.o
 .debug_macro   0x0000000000000000       0x10 ./Src/syscalls.o
 .debug_macro   0x0000000000000000       0x35 ./Src/syscalls.o
 .debug_macro   0x0000000000000000       0x10 ./Src/syscalls.o
 .debug_macro   0x0000000000000000       0x10 ./Src/syscalls.o
 .debug_macro   0x0000000000000000       0x10 ./Src/syscalls.o
 .debug_macro   0x0000000000000000       0x6a ./Src/syscalls.o
 .debug_macro   0x0000000000000000       0x1c ./Src/syscalls.o
 .debug_macro   0x0000000000000000       0x52 ./Src/syscalls.o
 .debug_macro   0x0000000000000000       0x22 ./Src/syscalls.o
 .debug_macro   0x0000000000000000       0x10 ./Src/syscalls.o
 .debug_macro   0x0000000000000000       0x52 ./Src/syscalls.o
 .debug_macro   0x0000000000000000       0xd5 ./Src/syscalls.o
 .debug_macro   0x0000000000000000       0x1c ./Src/syscalls.o
 .debug_macro   0x0000000000000000       0x3d ./Src/syscalls.o
 .debug_macro   0x0000000000000000       0x35 ./Src/syscalls.o
 .debug_macro   0x0000000000000000      0x12c ./Src/syscalls.o
 .debug_macro   0x0000000000000000       0x16 ./Src/syscalls.o
 .debug_macro   0x0000000000000000       0x16 ./Src/syscalls.o
 .debug_macro   0x0000000000000000       0x29 ./Src/syscalls.o
 .debug_macro   0x0000000000000000       0x10 ./Src/syscalls.o
 .debug_macro   0x0000000000000000      0x241 ./Src/syscalls.o
 .debug_macro   0x0000000000000000       0x1c ./Src/syscalls.o
 .debug_macro   0x0000000000000000       0x10 ./Src/syscalls.o
 .debug_macro   0x0000000000000000       0x10 ./Src/syscalls.o
 .debug_macro   0x0000000000000000       0x16 ./Src/syscalls.o
 .debug_macro   0x0000000000000000      0x145 ./Src/syscalls.o
 .debug_macro   0x0000000000000000      0x189 ./Src/syscalls.o
 .debug_macro   0x0000000000000000       0x16 ./Src/syscalls.o
 .debug_macro   0x0000000000000000       0xce ./Src/syscalls.o
 .debug_line    0x0000000000000000      0x7f9 ./Src/syscalls.o
 .debug_str     0x0000000000000000     0x8a39 ./Src/syscalls.o
 .comment       0x0000000000000000       0x51 ./Src/syscalls.o
 .debug_frame   0x0000000000000000      0x2ac ./Src/syscalls.o
 .ARM.attributes
                0x0000000000000000       0x2d ./Src/syscalls.o
 .group         0x0000000000000000        0xc ./Src/sysmem.o
 .group         0x0000000000000000        0xc ./Src/sysmem.o
 .group         0x0000000000000000        0xc ./Src/sysmem.o
 .group         0x0000000000000000        0xc ./Src/sysmem.o
 .group         0x0000000000000000        0xc ./Src/sysmem.o
 .group         0x0000000000000000        0xc ./Src/sysmem.o
 .group         0x0000000000000000        0xc ./Src/sysmem.o
 .group         0x0000000000000000        0xc ./Src/sysmem.o
 .group         0x0000000000000000        0xc ./Src/sysmem.o
 .group         0x0000000000000000        0xc ./Src/sysmem.o
 .group         0x0000000000000000        0xc ./Src/sysmem.o
 .group         0x0000000000000000        0xc ./Src/sysmem.o
 .group         0x0000000000000000        0xc ./Src/sysmem.o
 .group         0x0000000000000000        0xc ./Src/sysmem.o
 .group         0x0000000000000000        0xc ./Src/sysmem.o
 .group         0x0000000000000000        0xc ./Src/sysmem.o
 .group         0x0000000000000000        0xc ./Src/sysmem.o
 .group         0x0000000000000000        0xc ./Src/sysmem.o
 .group         0x0000000000000000        0xc ./Src/sysmem.o
 .group         0x0000000000000000        0xc ./Src/sysmem.o
 .group         0x0000000000000000        0xc ./Src/sysmem.o
 .group         0x0000000000000000        0xc ./Src/sysmem.o
 .text          0x0000000000000000        0x0 ./Src/sysmem.o
 .data          0x0000000000000000        0x0 ./Src/sysmem.o
 .bss           0x0000000000000000        0x0 ./Src/sysmem.o
 .bss.__sbrk_heap_end
                0x0000000000000000        0x4 ./Src/sysmem.o
 .text._sbrk    0x0000000000000000       0x6c ./Src/sysmem.o
 .debug_info    0x0000000000000000      0x183 ./Src/sysmem.o
 .debug_abbrev  0x0000000000000000       0xbd ./Src/sysmem.o
 .debug_loc     0x0000000000000000       0x50 ./Src/sysmem.o
 .debug_aranges
                0x0000000000000000       0x20 ./Src/sysmem.o
 .debug_ranges  0x0000000000000000       0x10 ./Src/sysmem.o
 .debug_macro   0x0000000000000000       0xff ./Src/sysmem.o
 .debug_macro   0x0000000000000000      0xa72 ./Src/sysmem.o
 .debug_macro   0x0000000000000000       0x10 ./Src/sysmem.o
 .debug_macro   0x0000000000000000       0x22 ./Src/sysmem.o
 .debug_macro   0x0000000000000000       0x4c ./Src/sysmem.o
 .debug_macro   0x0000000000000000       0x18 ./Src/sysmem.o
 .debug_macro   0x0000000000000000       0x94 ./Src/sysmem.o
 .debug_macro   0x0000000000000000       0x3c ./Src/sysmem.o
 .debug_macro   0x0000000000000000       0x34 ./Src/sysmem.o
 .debug_macro   0x0000000000000000      0x174 ./Src/sysmem.o
 .debug_macro   0x0000000000000000       0x16 ./Src/sysmem.o
 .debug_macro   0x0000000000000000       0x43 ./Src/sysmem.o
 .debug_macro   0x0000000000000000       0x57 ./Src/sysmem.o
 .debug_macro   0x0000000000000000       0x34 ./Src/sysmem.o
 .debug_macro   0x0000000000000000       0x10 ./Src/sysmem.o
 .debug_macro   0x0000000000000000       0x58 ./Src/sysmem.o
 .debug_macro   0x0000000000000000       0x71 ./Src/sysmem.o
 .debug_macro   0x0000000000000000       0x1c ./Src/sysmem.o
 .debug_macro   0x0000000000000000      0x12a ./Src/sysmem.o
 .debug_macro   0x0000000000000000      0x23b ./Src/sysmem.o
 .debug_macro   0x0000000000000000      0x103 ./Src/sysmem.o
 .debug_macro   0x0000000000000000       0x6a ./Src/sysmem.o
 .debug_macro   0x0000000000000000      0x1df ./Src/sysmem.o
 .debug_line    0x0000000000000000      0x4ef ./Src/sysmem.o
 .debug_str     0x0000000000000000     0x5d6b ./Src/sysmem.o
 .comment       0x0000000000000000       0x51 ./Src/sysmem.o
 .debug_frame   0x0000000000000000       0x34 ./Src/sysmem.o
 .ARM.attributes
                0x0000000000000000       0x2d ./Src/sysmem.o
 .text          0x0000000000000000       0x14 ./Startup/startup_stm32f103c6tx.o
 .data          0x0000000000000000        0x0 ./Startup/startup_stm32f103c6tx.o
 .bss           0x0000000000000000        0x0 ./Startup/startup_stm32f103c6tx.o
 .text          0x0000000000000000        0x0 c:/st/stm32cubeide_1.11.0/stm32cubeide/plugins/com.st.stm32cube.ide.mcu.externaltools.gnu-tools-for-stm32.10.3-2021.10.win32_1.0.100.202210260954/tools/bin/../lib/gcc/arm-none-eabi/10.3.1/../../../../arm-none-eabi/lib/thumb/v7-m/nofp\libc_nano.a(lib_a-errno.o)
 .data          0x0000000000000000        0x0 c:/st/stm32cubeide_1.11.0/stm32cubeide/plugins/com.st.stm32cube.ide.mcu.externaltools.gnu-tools-for-stm32.10.3-2021.10.win32_1.0.100.202210260954/tools/bin/../lib/gcc/arm-none-eabi/10.3.1/../../../../arm-none-eabi/lib/thumb/v7-m/nofp\libc_nano.a(lib_a-errno.o)
 .bss           0x0000000000000000        0x0 c:/st/stm32cubeide_1.11.0/stm32cubeide/plugins/com.st.stm32cube.ide.mcu.externaltools.gnu-tools-for-stm32.10.3-2021.10.win32_1.0.100.202210260954/tools/bin/../lib/gcc/arm-none-eabi/10.3.1/../../../../arm-none-eabi/lib/thumb/v7-m/nofp\libc_nano.a(lib_a-errno.o)
 .text.__errno  0x0000000000000000        0xc c:/st/stm32cubeide_1.11.0/stm32cubeide/plugins/com.st.stm32cube.ide.mcu.externaltools.gnu-tools-for-stm32.10.3-2021.10.win32_1.0.100.202210260954/tools/bin/../lib/gcc/arm-none-eabi/10.3.1/../../../../arm-none-eabi/lib/thumb/v7-m/nofp\libc_nano.a(lib_a-errno.o)
 .debug_frame   0x0000000000000000       0x20 c:/st/stm32cubeide_1.11.0/stm32cubeide/plugins/com.st.stm32cube.ide.mcu.externaltools.gnu-tools-for-stm32.10.3-2021.10.win32_1.0.100.202210260954/tools/bin/../lib/gcc/arm-none-eabi/10.3.1/../../../../arm-none-eabi/lib/thumb/v7-m/nofp\libc_nano.a(lib_a-errno.o)
 .ARM.attributes
                0x0000000000000000       0x2d c:/st/stm32cubeide_1.11.0/stm32cubeide/plugins/com.st.stm32cube.ide.mcu.externaltools.gnu-tools-for-stm32.10.3-2021.10.win32_1.0.100.202210260954/tools/bin/../lib/gcc/arm-none-eabi/10.3.1/../../../../arm-none-eabi/lib/thumb/v7-m/nofp\libc_nano.a(lib_a-errno.o)
 .text          0x0000000000000000        0x0 c:/st/stm32cubeide_1.11.0/stm32cubeide/plugins/com.st.stm32cube.ide.mcu.externaltools.gnu-tools-for-stm32.10.3-2021.10.win32_1.0.100.202210260954/tools/bin/../lib/gcc/arm-none-eabi/10.3.1/../../../../arm-none-eabi/lib/thumb/v7-m/nofp\libc_nano.a(lib_a-exit.o)
 .data          0x0000000000000000        0x0 c:/st/stm32cubeide_1.11.0/stm32cubeide/plugins/com.st.stm32cube.ide.mcu.externaltools.gnu-tools-for-stm32.10.3-2021.10.win32_1.0.100.202210260954/tools/bin/../lib/gcc/arm-none-eabi/10.3.1/../../../../arm-none-eabi/lib/thumb/v7-m/nofp\libc_nano.a(lib_a-exit.o)
 .bss           0x0000000000000000        0x0 c:/st/stm32cubeide_1.11.0/stm32cubeide/plugins/com.st.stm32cube.ide.mcu.externaltools.gnu-tools-for-stm32.10.3-2021.10.win32_1.0.100.202210260954/tools/bin/../lib/gcc/arm-none-eabi/10.3.1/../../../../arm-none-eabi/lib/thumb/v7-m/nofp\libc_nano.a(lib_a-exit.o)
 .text.exit     0x0000000000000000       0x28 c:/st/stm32cubeide_1.11.0/stm32cubeide/plugins/com.st.stm32cube.ide.mcu.externaltools.gnu-tools-for-stm32.10.3-2021.10.win32_1.0.100.202210260954/tools/bin/../lib/gcc/arm-none-eabi/10.3.1/../../../../arm-none-eabi/lib/thumb/v7-m/nofp\libc_nano.a(lib_a-exit.o)
 .debug_frame   0x0000000000000000       0x28 c:/st/stm32cubeide_1.11.0/stm32cubeide/plugins/com.st.stm32cube.ide.mcu.externaltools.gnu-tools-for-stm32.10.3-2021.10.win32_1.0.100.202210260954/tools/bin/../lib/gcc/arm-none-eabi/10.3.1/../../../../arm-none-eabi/lib/thumb/v7-m/nofp\libc_nano.a(lib_a-exit.o)
 .ARM.attributes
                0x0000000000000000       0x2d c:/st/stm32cubeide_1.11.0/stm32cubeide/plugins/com.st.stm32cube.ide.mcu.externaltools.gnu-tools-for-stm32.10.3-2021.10.win32_1.0.100.202210260954/tools/bin/../lib/gcc/arm-none-eabi/10.3.1/../../../../arm-none-eabi/lib/thumb/v7-m/nofp\libc_nano.a(lib_a-exit.o)
 .text          0x0000000000000000        0x0 c:/st/stm32cubeide_1.11.0/stm32cubeide/plugins/com.st.stm32cube.ide.mcu.externaltools.gnu-tools-for-stm32.10.3-2021.10.win32_1.0.100.202210260954/tools/bin/../lib/gcc/arm-none-eabi/10.3.1/../../../../arm-none-eabi/lib/thumb/v7-m/nofp\libc_nano.a(lib_a-impure.o)
 .data          0x0000000000000000        0x0 c:/st/stm32cubeide_1.11.0/stm32cubeide/plugins/com.st.stm32cube.ide.mcu.externaltools.gnu-tools-for-stm32.10.3-2021.10.win32_1.0.100.202210260954/tools/bin/../lib/gcc/arm-none-eabi/10.3.1/../../../../arm-none-eabi/lib/thumb/v7-m/nofp\libc_nano.a(lib_a-impure.o)
 .bss           0x0000000000000000        0x0 c:/st/stm32cubeide_1.11.0/stm32cubeide/plugins/com.st.stm32cube.ide.mcu.externaltools.gnu-tools-for-stm32.10.3-2021.10.win32_1.0.100.202210260954/tools/bin/../lib/gcc/arm-none-eabi/10.3.1/../../../../arm-none-eabi/lib/thumb/v7-m/nofp\libc_nano.a(lib_a-impure.o)
 .data._impure_ptr
                0x0000000000000000        0x4 c:/st/stm32cubeide_1.11.0/stm32cubeide/plugins/com.st.stm32cube.ide.mcu.externaltools.gnu-tools-for-stm32.10.3-2021.10.win32_1.0.100.202210260954/tools/bin/../lib/gcc/arm-none-eabi/10.3.1/../../../../arm-none-eabi/lib/thumb/v7-m/nofp\libc_nano.a(lib_a-impure.o)
 .data.impure_data
                0x0000000000000000       0x60 c:/st/stm32cubeide_1.11.0/stm32cubeide/plugins/com.st.stm32cube.ide.mcu.externaltools.gnu-tools-for-stm32.10.3-2021.10.win32_1.0.100.202210260954/tools/bin/../lib/gcc/arm-none-eabi/10.3.1/../../../../arm-none-eabi/lib/thumb/v7-m/nofp\libc_nano.a(lib_a-impure.o)
 .rodata._global_impure_ptr
                0x0000000000000000        0x4 c:/st/stm32cubeide_1.11.0/stm32cubeide/plugins/com.st.stm32cube.ide.mcu.externaltools.gnu-tools-for-stm32.10.3-2021.10.win32_1.0.100.202210260954/tools/bin/../lib/gcc/arm-none-eabi/10.3.1/../../../../arm-none-eabi/lib/thumb/v7-m/nofp\libc_nano.a(lib_a-impure.o)
 .ARM.attributes
                0x0000000000000000       0x2d c:/st/stm32cubeide_1.11.0/stm32cubeide/plugins/com.st.stm32cube.ide.mcu.externaltools.gnu-tools-for-stm32.10.3-2021.10.win32_1.0.100.202210260954/tools/bin/../lib/gcc/arm-none-eabi/10.3.1/../../../../arm-none-eabi/lib/thumb/v7-m/nofp\libc_nano.a(lib_a-impure.o)
 .text          0x0000000000000000        0x0 c:/st/stm32cubeide_1.11.0/stm32cubeide/plugins/com.st.stm32cube.ide.mcu.externaltools.gnu-tools-for-stm32.10.3-2021.10.win32_1.0.100.202210260954/tools/bin/../lib/gcc/arm-none-eabi/10.3.1/../../../../arm-none-eabi/lib/thumb/v7-m/nofp\libc_nano.a(lib_a-init.o)
 .data          0x0000000000000000        0x0 c:/st/stm32cubeide_1.11.0/stm32cubeide/plugins/com.st.stm32cube.ide.mcu.externaltools.gnu-tools-for-stm32.10.3-2021.10.win32_1.0.100.202210260954/tools/bin/../lib/gcc/arm-none-eabi/10.3.1/../../../../arm-none-eabi/lib/thumb/v7-m/nofp\libc_nano.a(lib_a-init.o)
 .bss           0x0000000000000000        0x0 c:/st/stm32cubeide_1.11.0/stm32cubeide/plugins/com.st.stm32cube.ide.mcu.externaltools.gnu-tools-for-stm32.10.3-2021.10.win32_1.0.100.202210260954/tools/bin/../lib/gcc/arm-none-eabi/10.3.1/../../../../arm-none-eabi/lib/thumb/v7-m/nofp\libc_nano.a(lib_a-init.o)
 .text          0x0000000000000000        0x0 c:/st/stm32cubeide_1.11.0/stm32cubeide/plugins/com.st.stm32cube.ide.mcu.externaltools.gnu-tools-for-stm32.10.3-2021.10.win32_1.0.100.202210260954/tools/bin/../lib/gcc/arm-none-eabi/10.3.1/../../../../arm-none-eabi/lib/thumb/v7-m/nofp\libc_nano.a(lib_a-memset.o)
 .data          0x0000000000000000        0x0 c:/st/stm32cubeide_1.11.0/stm32cubeide/plugins/com.st.stm32cube.ide.mcu.externaltools.gnu-tools-for-stm32.10.3-2021.10.win32_1.0.100.202210260954/tools/bin/../lib/gcc/arm-none-eabi/10.3.1/../../../../arm-none-eabi/lib/thumb/v7-m/nofp\libc_nano.a(lib_a-memset.o)
 .bss           0x0000000000000000        0x0 c:/st/stm32cubeide_1.11.0/stm32cubeide/plugins/com.st.stm32cube.ide.mcu.externaltools.gnu-tools-for-stm32.10.3-2021.10.win32_1.0.100.202210260954/tools/bin/../lib/gcc/arm-none-eabi/10.3.1/../../../../arm-none-eabi/lib/thumb/v7-m/nofp\libc_nano.a(lib_a-memset.o)
 .text.memset   0x0000000000000000       0x10 c:/st/stm32cubeide_1.11.0/stm32cubeide/plugins/com.st.stm32cube.ide.mcu.externaltools.gnu-tools-for-stm32.10.3-2021.10.win32_1.0.100.202210260954/tools/bin/../lib/gcc/arm-none-eabi/10.3.1/../../../../arm-none-eabi/lib/thumb/v7-m/nofp\libc_nano.a(lib_a-memset.o)
 .debug_frame   0x0000000000000000       0x20 c:/st/stm32cubeide_1.11.0/stm32cubeide/plugins/com.st.stm32cube.ide.mcu.externaltools.gnu-tools-for-stm32.10.3-2021.10.win32_1.0.100.202210260954/tools/bin/../lib/gcc/arm-none-eabi/10.3.1/../../../../arm-none-eabi/lib/thumb/v7-m/nofp\libc_nano.a(lib_a-memset.o)
 .ARM.attributes
                0x0000000000000000       0x2d c:/st/stm32cubeide_1.11.0/stm32cubeide/plugins/com.st.stm32cube.ide.mcu.externaltools.gnu-tools-for-stm32.10.3-2021.10.win32_1.0.100.202210260954/tools/bin/../lib/gcc/arm-none-eabi/10.3.1/../../../../arm-none-eabi/lib/thumb/v7-m/nofp\libc_nano.a(lib_a-memset.o)
 .text          0x0000000000000000        0x0 c:/st/stm32cubeide_1.11.0/stm32cubeide/plugins/com.st.stm32cube.ide.mcu.externaltools.gnu-tools-for-stm32.10.3-2021.10.win32_1.0.100.202210260954/tools/bin/../lib/gcc/arm-none-eabi/10.3.1/thumb/v7-m/nofp/crtend.o
 .data          0x0000000000000000        0x0 c:/st/stm32cubeide_1.11.0/stm32cubeide/plugins/com.st.stm32cube.ide.mcu.externaltools.gnu-tools-for-stm32.10.3-2021.10.win32_1.0.100.202210260954/tools/bin/../lib/gcc/arm-none-eabi/10.3.1/thumb/v7-m/nofp/crtend.o
 .bss           0x0000000000000000        0x0 c:/st/stm32cubeide_1.11.0/stm32cubeide/plugins/com.st.stm32cube.ide.mcu.externaltools.gnu-tools-for-stm32.10.3-2021.10.win32_1.0.100.202210260954/tools/bin/../lib/gcc/arm-none-eabi/10.3.1/thumb/v7-m/nofp/crtend.o
 .rodata        0x0000000000000000       0x24 c:/st/stm32cubeide_1.11.0/stm32cubeide/plugins/com.st.stm32cube.ide.mcu.externaltools.gnu-tools-for-stm32.10.3-2021.10.win32_1.0.100.202210260954/tools/bin/../lib/gcc/arm-none-eabi/10.3.1/thumb/v7-m/nofp/crtend.o
 .eh_frame      0x0000000000000000        0x4 c:/st/stm32cubeide_1.11.0/stm32cubeide/plugins/com.st.stm32cube.ide.mcu.externaltools.gnu-tools-for-stm32.10.3-2021.10.win32_1.0.100.202210260954/tools/bin/../lib/gcc/arm-none-eabi/10.3.1/thumb/v7-m/nofp/crtend.o
 .ARM.attributes
                0x0000000000000000       0x2d c:/st/stm32cubeide_1.11.0/stm32cubeide/plugins/com.st.stm32cube.ide.mcu.externaltools.gnu-tools-for-stm32.10.3-2021.10.win32_1.0.100.202210260954/tools/bin/../lib/gcc/arm-none-eabi/10.3.1/thumb/v7-m/nofp/crtend.o
 .text          0x0000000000000000        0x0 c:/st/stm32cubeide_1.11.0/stm32cubeide/plugins/com.st.stm32cube.ide.mcu.externaltools.gnu-tools-for-stm32.10.3-2021.10.win32_1.0.100.202210260954/tools/bin/../lib/gcc/arm-none-eabi/10.3.1/thumb/v7-m/nofp/crtn.o
 .data          0x0000000000000000        0x0 c:/st/stm32cubeide_1.11.0/stm32cubeide/plugins/com.st.stm32cube.ide.mcu.externaltools.gnu-tools-for-stm32.10.3-2021.10.win32_1.0.100.202210260954/tools/bin/../lib/gcc/arm-none-eabi/10.3.1/thumb/v7-m/nofp/crtn.o
 .bss           0x0000000000000000        0x0 c:/st/stm32cubeide_1.11.0/stm32cubeide/plugins/com.st.stm32cube.ide.mcu.externaltools.gnu-tools-for-stm32.10.3-2021.10.win32_1.0.100.202210260954/tools/bin/../lib/gcc/arm-none-eabi/10.3.1/thumb/v7-m/nofp/crtn.o

Memory Configuration

Name             Origin             Length             Attributes
RAM              0x0000000020000000 0x0000000000005000 xrw
ROM              0x0000000008000000 0x0000000000020000 xr
*default*        0x0000000000000000 0xffffffffffffffff

Linker script and memory map

LOAD c:/st/stm32cubeide_1.11.0/stm32cubeide/plugins/com.st.stm32cube.ide.mcu.externaltools.gnu-tools-for-stm32.10.3-2021.10.win32_1.0.100.202210260954/tools/bin/../lib/gcc/arm-none-eabi/10.3.1/thumb/v7-m/nofp/crti.o
LOAD c:/st/stm32cubeide_1.11.0/stm32cubeide/plugins/com.st.stm32cube.ide.mcu.externaltools.gnu-tools-for-stm32.10.3-2021.10.win32_1.0.100.202210260954/tools/bin/../lib/gcc/arm-none-eabi/10.3.1/thumb/v7-m/nofp/crtbegin.o
LOAD c:/st/stm32cubeide_1.11.0/stm32cubeide/plugins/com.st.stm32cube.ide.mcu.externaltools.gnu-tools-for-stm32.10.3-2021.10.win32_1.0.100.202210260954/tools/bin/../lib/gcc/arm-none-eabi/10.3.1/../../../../arm-none-eabi/lib/thumb/v7-m/nofp/crt0.o
LOAD ./HAL/7Segment_Driver/7segment.o
LOAD ./HAL/EEPROM_Driver/EEPROM.o
LOAD ./HAL/Keypad_Driver/Keypad.o
LOAD ./HAL/LCD_Driver/LCD.o
LOAD ./STM32F103C6_Drivers/EXTI/stm32f103c6_exti_driver.o
LOAD ./STM32F103C6_Drivers/GPIO/stm32f103c6_gpio_driver.o
LOAD ./STM32F103C6_Drivers/I2C/stm32f103c6_i2c_driver.o
LOAD ./STM32F103C6_Drivers/RCC/stm32f103c6_rcc_driver.o
LOAD ./STM32F103C6_Drivers/SPI/stm32f103c6_spi_driver.o
LOAD ./STM32F103C6_Drivers/USART/stm32f103c6_usart_driver.o
LOAD ./Src/main.o
LOAD ./Src/syscalls.o
LOAD ./Src/sysmem.o
LOAD ./Startup/startup_stm32f103c6tx.o
START GROUP
LOAD c:/st/stm32cubeide_1.11.0/stm32cubeide/plugins/com.st.stm32cube.ide.mcu.externaltools.gnu-tools-for-stm32.10.3-2021.10.win32_1.0.100.202210260954/tools/bin/../lib/gcc/arm-none-eabi/10.3.1/../../../../arm-none-eabi/lib/thumb/v7-m/nofp\libc_nano.a
LOAD c:/st/stm32cubeide_1.11.0/stm32cubeide/plugins/com.st.stm32cube.ide.mcu.externaltools.gnu-tools-for-stm32.10.3-2021.10.win32_1.0.100.202210260954/tools/bin/../lib/gcc/arm-none-eabi/10.3.1/../../../../arm-none-eabi/lib/thumb/v7-m/nofp\libm.a
END GROUP
START GROUP
LOAD c:/st/stm32cubeide_1.11.0/stm32cubeide/plugins/com.st.stm32cube.ide.mcu.externaltools.gnu-tools-for-stm32.10.3-2021.10.win32_1.0.100.202210260954/tools/bin/../lib/gcc/arm-none-eabi/10.3.1/thumb/v7-m/nofp\libgcc.a
LOAD c:/st/stm32cubeide_1.11.0/stm32cubeide/plugins/com.st.stm32cube.ide.mcu.externaltools.gnu-tools-for-stm32.10.3-2021.10.win32_1.0.100.202210260954/tools/bin/../lib/gcc/arm-none-eabi/10.3.1/../../../../arm-none-eabi/lib/thumb/v7-m/nofp\libg_nano.a
LOAD c:/st/stm32cubeide_1.11.0/stm32cubeide/plugins/com.st.stm32cube.ide.mcu.externaltools.gnu-tools-for-stm32.10.3-2021.10.win32_1.0.100.202210260954/tools/bin/../lib/gcc/arm-none-eabi/10.3.1/../../../../arm-none-eabi/lib/thumb/v7-m/nofp\libc_nano.a
END GROUP
START GROUP
LOAD c:/st/stm32cubeide_1.11.0/stm32cubeide/plugins/com.st.stm32cube.ide.mcu.externaltools.gnu-tools-for-stm32.10.3-2021.10.win32_1.0.100.202210260954/tools/bin/../lib/gcc/arm-none-eabi/10.3.1/thumb/v7-m/nofp\libgcc.a
LOAD c:/st/stm32cubeide_1.11.0/stm32cubeide/plugins/com.st.stm32cube.ide.mcu.externaltools.gnu-tools-for-stm32.10.3-2021.10.win32_1.0.100.202210260954/tools/bin/../lib/gcc/arm-none-eabi/10.3.1/../../../../arm-none-eabi/lib/thumb/v7-m/nofp\libc_nano.a
LOAD c:/st/stm32cubeide_1.11.0/stm32cubeide/plugins/com.st.stm32cube.ide.mcu.externaltools.gnu-tools-for-stm32.10.3-2021.10.win32_1.0.100.202210260954/tools/bin/../lib/gcc/arm-none-eabi/10.3.1/../../../../arm-none-eabi/lib/thumb/v7-m/nofp\libnosys.a
END GROUP
START GROUP
LOAD c:/st/stm32cubeide_1.11.0/stm32cubeide/plugins/com.st.stm32cube.ide.mcu.externaltools.gnu-tools-for-stm32.10.3-2021.10.win32_1.0.100.202210260954/tools/bin/../lib/gcc/arm-none-eabi/10.3.1/thumb/v7-m/nofp\libgcc.a
LOAD c:/st/stm32cubeide_1.11.0/stm32cubeide/plugins/com.st.stm32cube.ide.mcu.externaltools.gnu-tools-for-stm32.10.3-2021.10.win32_1.0.100.202210260954/tools/bin/../lib/gcc/arm-none-eabi/10.3.1/../../../../arm-none-eabi/lib/thumb/v7-m/nofp\libc_nano.a
LOAD c:/st/stm32cubeide_1.11.0/stm32cubeide/plugins/com.st.stm32cube.ide.mcu.externaltools.gnu-tools-for-stm32.10.3-2021.10.win32_1.0.100.202210260954/tools/bin/../lib/gcc/arm-none-eabi/10.3.1/../../../../arm-none-eabi/lib/thumb/v7-m/nofp\libnosys.a
END GROUP
LOAD c:/st/stm32cubeide_1.11.0/stm32cubeide/plugins/com.st.stm32cube.ide.mcu.externaltools.gnu-tools-for-stm32.10.3-2021.10.win32_1.0.100.202210260954/tools/bin/../lib/gcc/arm-none-eabi/10.3.1/thumb/v7-m/nofp/crtend.o
LOAD c:/st/stm32cubeide_1.11.0/stm32cubeide/plugins/com.st.stm32cube.ide.mcu.externaltools.gnu-tools-for-stm32.10.3-2021.10.win32_1.0.100.202210260954/tools/bin/../lib/gcc/arm-none-eabi/10.3.1/thumb/v7-m/nofp/crtn.o
                0x0000000020005000                _estack = (ORIGIN (RAM) + LENGTH (RAM))
                0x0000000000000200                _Min_Heap_Size = 0x200
                0x0000000000000400                _Min_Stack_Size = 0x400

.isr_vector     0x0000000008000000      0x130
                0x0000000008000000                . = ALIGN (0x4)
 *(.isr_vector)
 .isr_vector    0x0000000008000000      0x130 ./Startup/startup_stm32f103c6tx.o
                0x0000000008000000                g_pfnVectors
                0x0000000008000130                . = ALIGN (0x4)

.text           0x0000000008000130     0x1b48
                0x0000000008000130                . = ALIGN (0x4)
 *(.text)
 .text          0x0000000008000130       0x40 c:/st/stm32cubeide_1.11.0/stm32cubeide/plugins/com.st.stm32cube.ide.mcu.externaltools.gnu-tools-for-stm32.10.3-2021.10.win32_1.0.100.202210260954/tools/bin/../lib/gcc/arm-none-eabi/10.3.1/thumb/v7-m/nofp/crtbegin.o
 *(.text*)
 .text.update_EXTI
                0x0000000008000170      0x2fc ./STM32F103C6_Drivers/EXTI/stm32f103c6_exti_driver.o
                0x0000000008000170                update_EXTI
 .text.MCAL_EXTI_init
                0x000000000800046c       0x16 ./STM32F103C6_Drivers/EXTI/stm32f103c6_exti_driver.o
                0x000000000800046c                MCAL_EXTI_init
 *fill*         0x0000000008000482        0x2 
 .text.EXTI0_IRQHandler
                0x0000000008000484       0x20 ./STM32F103C6_Drivers/EXTI/stm32f103c6_exti_driver.o
                0x0000000008000484                EXTI0_IRQHandler
 .text.EXTI1_IRQHandler
                0x00000000080004a4       0x20 ./STM32F103C6_Drivers/EXTI/stm32f103c6_exti_driver.o
                0x00000000080004a4                EXTI1_IRQHandler
 .text.EXTI2_IRQHandler
                0x00000000080004c4       0x20 ./STM32F103C6_Drivers/EXTI/stm32f103c6_exti_driver.o
                0x00000000080004c4                EXTI2_IRQHandler
 .text.EXTI3_IRQHandler
                0x00000000080004e4       0x20 ./STM32F103C6_Drivers/EXTI/stm32f103c6_exti_driver.o
                0x00000000080004e4                EXTI3_IRQHandler
 .text.EXTI4_IRQHandler
                0x0000000008000504       0x20 ./STM32F103C6_Drivers/EXTI/stm32f103c6_exti_driver.o
                0x0000000008000504                EXTI4_IRQHandler
 .text.EXTI9_5_IRQHandler
                0x0000000008000524       0xb0 ./STM32F103C6_Drivers/EXTI/stm32f103c6_exti_driver.o
                0x0000000008000524                EXTI9_5_IRQHandler
 .text.EXTI15_10_IRQHandler
                0x00000000080005d4       0xd0 ./STM32F103C6_Drivers/EXTI/stm32f103c6_exti_driver.o
                0x00000000080005d4                EXTI15_10_IRQHandler
 .text.MCAL_GPIO_init
                0x00000000080006a4     0x1420 ./STM32F103C6_Drivers/GPIO/stm32f103c6_gpio_driver.o
                0x00000000080006a4                MCAL_GPIO_init
 .text.I2C1_EV_IRQHandler
                0x0000000008001ac4        0xc ./STM32F103C6_Drivers/I2C/stm32f103c6_i2c_driver.o
                0x0000000008001ac4                I2C1_EV_IRQHandler
 .text.I2C2_EV_IRQHandler
                0x0000000008001ad0        0xc ./STM32F103C6_Drivers/I2C/stm32f103c6_i2c_driver.o
                0x0000000008001ad0                I2C2_EV_IRQHandler
 .text.SPI1_IRQHandler
                0x0000000008001adc       0x14 ./STM32F103C6_Drivers/SPI/stm32f103c6_spi_driver.o
                0x0000000008001adc                SPI1_IRQHandler
 .text.SPI2_IRQHandler
                0x0000000008001af0       0x14 ./STM32F103C6_Drivers/SPI/stm32f103c6_spi_driver.o
                0x0000000008001af0                SPI2_IRQHandler
 .text.USART1_IRQHandler
                0x0000000008001b04       0x14 ./STM32F103C6_Drivers/USART/stm32f103c6_usart_driver.o
                0x0000000008001b04                USART1_IRQHandler
 .text.USART2_IRQHandler
                0x0000000008001b18       0x14 ./STM32F103C6_Drivers/USART/stm32f103c6_usart_driver.o
                0x0000000008001b18                USART2_IRQHandler
 .text.USART3_IRQHandler
                0x0000000008001b2c       0x14 ./STM32F103C6_Drivers/USART/stm32f103c6_usart_driver.o
                0x0000000008001b2c                USART3_IRQHandler
 .text.clockInit
                0x0000000008001b40       0x24 ./Src/main.o
                0x0000000008001b40                clockInit
 .text.EXTI_CallBack
                0x0000000008001b64       0x18 ./Src/main.o
                0x0000000008001b64                EXTI_CallBack
 .text.main     0x0000000008001b7c       0x48 ./Src/main.o
                0x0000000008001b7c                main
 .text.Reset_Handler
                0x0000000008001bc4       0x50 ./Startup/startup_stm32f103c6tx.o
                0x0000000008001bc4                Reset_Handler
 .text.Default_Handler
                0x0000000008001c14        0x2 ./Startup/startup_stm32f103c6tx.o
                0x0000000008001c14                TIM8_TRG_COM_IRQHandler
                0x0000000008001c14                TIM8_CC_IRQHandler
                0x0000000008001c14                DebugMon_Handler
                0x0000000008001c14                TIM1_CC_IRQHandler
                0x0000000008001c14                HardFault_Handler
                0x0000000008001c14                TIM6_IRQHandler
                0x0000000008001c14                SysTick_Handler
                0x0000000008001c14                PVD_IRQHandler
                0x0000000008001c14                SDIO_IRQHandler
                0x0000000008001c14                PendSV_Handler
                0x0000000008001c14                NMI_Handler
                0x0000000008001c14                USB_HP_CAN_TX_IRQHandler
                0x0000000008001c14                UsageFault_Handler
                0x0000000008001c14                ADC1_2_IRQHandler
                0x0000000008001c14                CAN_SCE_IRQHandler
                0x0000000008001c14                TAMPER_IRQHandler
                0x0000000008001c14                TIM8_UP_IRQHandler
                0x0000000008001c14                DMA2_Channel2_IRQHandler
                0x0000000008001c14                DMA1_Channel4_IRQHandler
                0x0000000008001c14                RTC_IRQHandler
                0x0000000008001c14                DMA1_Channel7_IRQHandler
                0x0000000008001c14                UART5_IRQHandler
                0x0000000008001c14                ADC3_IRQHandler
                0x0000000008001c14                TIM4_IRQHandler
                0x0000000008001c14                CAN_RX1_IRQHandler
                0x0000000008001c14                DMA2_Channel1_IRQHandler
                0x0000000008001c14                DMA1_Channel6_IRQHandler
                0x0000000008001c14                UART4_IRQHandler
                0x0000000008001c14                TIM3_IRQHandler
                0x0000000008001c14                RCC_IRQHandler
                0x0000000008001c14                TIM1_TRG_COM_IRQHandler
                0x0000000008001c14                DMA1_Channel1_IRQHandler
                0x0000000008001c14                Default_Handler
                0x0000000008001c14                TIM7_IRQHandler
                0x0000000008001c14                TIM5_IRQHandler
                0x0000000008001c14                USB_LP_CAN_RX0_IRQHandler
                0x0000000008001c14                MemManage_Handler
                0x0000000008001c14                SVC_Handler
                0x0000000008001c14                DMA1_Channel5_IRQHandler
                0x0000000008001c14                DMA1_Channel3_IRQHandler
                0x0000000008001c14                FSMC_IRQHandler
                0x0000000008001c14                TIM1_UP_IRQHandler
                0x0000000008001c14                WWDG_IRQHandler
                0x0000000008001c14                TIM2_IRQHandler
                0x0000000008001c14                TIM1_BRK_IRQHandler
                0x0000000008001c14                RTCAlarm_IRQHandler
                0x0000000008001c14                DMA2_Channel4_5_IRQHandler
                0x0000000008001c14                I2C2_ER_IRQHandler
                0x0000000008001c14                DMA1_Channel2_IRQHandler
                0x0000000008001c14                TIM8_BRK_IRQHandler
                0x0000000008001c14                FLASH_IRQHandler
                0x0000000008001c14                BusFault_Handler
                0x0000000008001c14                SPI3_IRQHandler
                0x0000000008001c14                I2C1_ER_IRQHandler
                0x0000000008001c14                DMA2_Channel3_IRQHandler
 *fill*         0x0000000008001c16        0x2 
 .text.__libc_init_array
                0x0000000008001c18       0x48 c:/st/stm32cubeide_1.11.0/stm32cubeide/plugins/com.st.stm32cube.ide.mcu.externaltools.gnu-tools-for-stm32.10.3-2021.10.win32_1.0.100.202210260954/tools/bin/../lib/gcc/arm-none-eabi/10.3.1/../../../../arm-none-eabi/lib/thumb/v7-m/nofp\libc_nano.a(lib_a-init.o)
                0x0000000008001c18                __libc_init_array
 *(.glue_7)
 .glue_7        0x0000000008001c60        0x0 linker stubs
 *(.glue_7t)
 .glue_7t       0x0000000008001c60        0x0 linker stubs
 *(.eh_frame)
 .eh_frame      0x0000000008001c60        0x0 c:/st/stm32cubeide_1.11.0/stm32cubeide/plugins/com.st.stm32cube.ide.mcu.externaltools.gnu-tools-for-stm32.10.3-2021.10.win32_1.0.100.202210260954/tools/bin/../lib/gcc/arm-none-eabi/10.3.1/thumb/v7-m/nofp/crtbegin.o
 *(.init)
 .init          0x0000000008001c60        0x4 c:/st/stm32cubeide_1.11.0/stm32cubeide/plugins/com.st.stm32cube.ide.mcu.externaltools.gnu-tools-for-stm32.10.3-2021.10.win32_1.0.100.202210260954/tools/bin/../lib/gcc/arm-none-eabi/10.3.1/thumb/v7-m/nofp/crti.o
                0x0000000008001c60                _init
 .init          0x0000000008001c64        0x8 c:/st/stm32cubeide_1.11.0/stm32cubeide/plugins/com.st.stm32cube.ide.mcu.externaltools.gnu-tools-for-stm32.10.3-2021.10.win32_1.0.100.202210260954/tools/bin/../lib/gcc/arm-none-eabi/10.3.1/thumb/v7-m/nofp/crtn.o
 *(.fini)
 .fini          0x0000000008001c6c        0x4 c:/st/stm32cubeide_1.11.0/stm32cubeide/plugins/com.st.stm32cube.ide.mcu.externaltools.gnu-tools-for-stm32.10.3-2021.10.win32_1.0.100.202210260954/tools/bin/../lib/gcc/arm-none-eabi/10.3.1/thumb/v7-m/nofp/crti.o
                0x0000000008001c6c                _fini
 .fini          0x0000000008001c70        0x8 c:/st/stm32cubeide_1.11.0/stm32cubeide/plugins/com.st.stm32cube.ide.mcu.externaltools.gnu-tools-for-stm32.10.3-2021.10.win32_1.0.100.202210260954/tools/bin/../lib/gcc/arm-none-eabi/10.3.1/thumb/v7-m/nofp/crtn.o
                0x0000000008001c78                . = ALIGN (0x4)
                0x0000000008001c78                _etext = .

.vfp11_veneer   0x0000000008001c78        0x0
 .vfp11_veneer  0x0000000008001c78        0x0 linker stubs

.v4_bx          0x0000000008001c78        0x0
 .v4_bx         0x0000000008001c78        0x0 linker stubs

.iplt           0x0000000008001c78        0x0
 .iplt          0x0000000008001c78        0x0 c:/st/stm32cubeide_1.11.0/stm32cubeide/plugins/com.st.stm32cube.ide.mcu.externaltools.gnu-tools-for-stm32.10.3-2021.10.win32_1.0.100.202210260954/tools/bin/../lib/gcc/arm-none-eabi/10.3.1/thumb/v7-m/nofp/crtbegin.o

.rodata         0x0000000008001c78        0xc
                0x0000000008001c78                . = ALIGN (0x4)
 *(.rodata)
 .rodata        0x0000000008001c78        0xc ./Src/main.o
 *(.rodata*)
                0x0000000008001c84                . = ALIGN (0x4)

.rel.dyn        0x0000000008001c84        0x0
 .rel.iplt      0x0000000008001c84        0x0 c:/st/stm32cubeide_1.11.0/stm32cubeide/plugins/com.st.stm32cube.ide.mcu.externaltools.gnu-tools-for-stm32.10.3-2021.10.win32_1.0.100.202210260954/tools/bin/../lib/gcc/arm-none-eabi/10.3.1/thumb/v7-m/nofp/crtbegin.o

.ARM.extab      0x0000000008001c84        0x0
                0x0000000008001c84                . = ALIGN (0x4)
 *(.ARM.extab* .gnu.linkonce.armextab.*)
                0x0000000008001c84                . = ALIGN (0x4)

.ARM            0x0000000008001c84        0x0
                0x0000000008001c84                . = ALIGN (0x4)
                0x0000000008001c84                __exidx_start = .
 *(.ARM.exidx*)
                0x0000000008001c84                __exidx_end = .
                0x0000000008001c84                . = ALIGN (0x4)

.preinit_array  0x0000000008001c84        0x0
                0x0000000008001c84                . = ALIGN (0x4)
                0x0000000008001c84                PROVIDE (__preinit_array_start = .)
 *(.preinit_array*)
                0x0000000008001c84                PROVIDE (__preinit_array_end = .)
                0x0000000008001c84                . = ALIGN (0x4)

.init_array     0x0000000008001c84        0x4
                0x0000000008001c84                . = ALIGN (0x4)
                0x0000000008001c84                PROVIDE (__init_array_start = .)
 *(SORT_BY_NAME(.init_array.*))
 *(.init_array*)
 .init_array    0x0000000008001c84        0x4 c:/st/stm32cubeide_1.11.0/stm32cubeide/plugins/com.st.stm32cube.ide.mcu.externaltools.gnu-tools-for-stm32.10.3-2021.10.win32_1.0.100.202210260954/tools/bin/../lib/gcc/arm-none-eabi/10.3.1/thumb/v7-m/nofp/crtbegin.o
                0x0000000008001c88                PROVIDE (__init_array_end = .)
                0x0000000008001c88                . = ALIGN (0x4)

.fini_array     0x0000000008001c88        0x4
                0x0000000008001c88                . = ALIGN (0x4)
                [!provide]                        PROVIDE (__fini_array_start = .)
 *(SORT_BY_NAME(.fini_array.*))
 *(.fini_array*)
 .fini_array    0x0000000008001c88        0x4 c:/st/stm32cubeide_1.11.0/stm32cubeide/plugins/com.st.stm32cube.ide.mcu.externaltools.gnu-tools-for-stm32.10.3-2021.10.win32_1.0.100.202210260954/tools/bin/../lib/gcc/arm-none-eabi/10.3.1/thumb/v7-m/nofp/crtbegin.o
                [!provide]                        PROVIDE (__fini_array_end = .)
                0x0000000008001c8c                . = ALIGN (0x4)
                0x0000000008001c8c                _sidata = LOADADDR (.data)

.data           0x0000000020000000        0x0 load address 0x0000000008001c8c
                0x0000000020000000                . = ALIGN (0x4)
                0x0000000020000000                _sdata = .
 *(.data)
 *(.data*)
                0x0000000020000000                . = ALIGN (0x4)
                0x0000000020000000                _edata = .

.igot.plt       0x0000000020000000        0x0 load address 0x0000000008001c8c
 .igot.plt      0x0000000020000000        0x0 c:/st/stm32cubeide_1.11.0/stm32cubeide/plugins/com.st.stm32cube.ide.mcu.externaltools.gnu-tools-for-stm32.10.3-2021.10.win32_1.0.100.202210260954/tools/bin/../lib/gcc/arm-none-eabi/10.3.1/thumb/v7-m/nofp/crtbegin.o
                0x0000000020000000                . = ALIGN (0x4)

.bss            0x0000000020000000       0x68 load address 0x0000000008001c8c
                0x0000000020000000                _sbss = .
                0x0000000020000000                __bss_start__ = _sbss
 *(.bss)
 .bss           0x0000000020000000       0x1c c:/st/stm32cubeide_1.11.0/stm32cubeide/plugins/com.st.stm32cube.ide.mcu.externaltools.gnu-tools-for-stm32.10.3-2021.10.win32_1.0.100.202210260954/tools/bin/../lib/gcc/arm-none-eabi/10.3.1/thumb/v7-m/nofp/crtbegin.o
 *(.bss*)
 .bss.GP_IRQHanderler
                0x000000002000001c       0x40 ./STM32F103C6_Drivers/EXTI/stm32f103c6_exti_driver.o
                0x000000002000001c                GP_IRQHanderler
 .bss.P_ISR_CallBack_SPI
                0x000000002000005c        0x4 ./STM32F103C6_Drivers/SPI/stm32f103c6_spi_driver.o
                0x000000002000005c                P_ISR_CallBack_SPI
 .bss.P_ISR_CallBack
                0x0000000020000060        0x4 ./STM32F103C6_Drivers/USART/stm32f103c6_usart_driver.o
                0x0000000020000060                P_ISR_CallBack
 .bss.IRQ_Flag  0x0000000020000064        0x1 ./Src/main.o
                0x0000000020000064                IRQ_Flag
 *(COMMON)
                0x0000000020000068                . = ALIGN (0x4)
 *fill*         0x0000000020000065        0x3 
                0x0000000020000068                _ebss = .
                0x0000000020000068                __bss_end__ = _ebss

._user_heap_stack
                0x0000000020000068      0x600 load address 0x0000000008001c8c
                0x0000000020000068                . = ALIGN (0x8)
                [!provide]                        PROVIDE (end = .)
                0x0000000020000068                PROVIDE (_end = .)
                0x0000000020000268                . = (. + _Min_Heap_Size)
 *fill*         0x0000000020000068      0x200 
                0x0000000020000668                . = (. + _Min_Stack_Size)
 *fill*         0x0000000020000268      0x400 
                0x0000000020000668                . = ALIGN (0x8)

/DISCARD/
 libc.a(*)
 libm.a(*)
 libgcc.a(*)

.ARM.attributes
                0x0000000000000000       0x29
 *(.ARM.attributes)
 .ARM.attributes
                0x0000000000000000       0x1d c:/st/stm32cubeide_1.11.0/stm32cubeide/plugins/com.st.stm32cube.ide.mcu.externaltools.gnu-tools-for-stm32.10.3-2021.10.win32_1.0.100.202210260954/tools/bin/../lib/gcc/arm-none-eabi/10.3.1/thumb/v7-m/nofp/crti.o
 .ARM.attributes
                0x000000000000001d       0x2d c:/st/stm32cubeide_1.11.0/stm32cubeide/plugins/com.st.stm32cube.ide.mcu.externaltools.gnu-tools-for-stm32.10.3-2021.10.win32_1.0.100.202210260954/tools/bin/../lib/gcc/arm-none-eabi/10.3.1/thumb/v7-m/nofp/crtbegin.o
 .ARM.attributes
                0x000000000000004a       0x2d ./STM32F103C6_Drivers/EXTI/stm32f103c6_exti_driver.o
 .ARM.attributes
                0x0000000000000077       0x2d ./STM32F103C6_Drivers/GPIO/stm32f103c6_gpio_driver.o
 .ARM.attributes
                0x00000000000000a4       0x2d ./STM32F103C6_Drivers/I2C/stm32f103c6_i2c_driver.o
 .ARM.attributes
                0x00000000000000d1       0x2d ./STM32F103C6_Drivers/SPI/stm32f103c6_spi_driver.o
 .ARM.attributes
                0x00000000000000fe       0x2d ./STM32F103C6_Drivers/USART/stm32f103c6_usart_driver.o
 .ARM.attributes
                0x000000000000012b       0x2d ./Src/main.o
 .ARM.attributes
                0x0000000000000158       0x21 ./Startup/startup_stm32f103c6tx.o
 .ARM.attributes
                0x0000000000000179       0x2d c:/st/stm32cubeide_1.11.0/stm32cubeide/plugins/com.st.stm32cube.ide.mcu.externaltools.gnu-tools-for-stm32.10.3-2021.10.win32_1.0.100.202210260954/tools/bin/../lib/gcc/arm-none-eabi/10.3.1/../../../../arm-none-eabi/lib/thumb/v7-m/nofp\libc_nano.a(lib_a-init.o)
 .ARM.attributes
                0x00000000000001a6       0x1d c:/st/stm32cubeide_1.11.0/stm32cubeide/plugins/com.st.stm32cube.ide.mcu.externaltools.gnu-tools-for-stm32.10.3-2021.10.win32_1.0.100.202210260954/tools/bin/../lib/gcc/arm-none-eabi/10.3.1/thumb/v7-m/nofp/crtn.o
OUTPUT(Drivers.axf elf32-littlearm)
LOAD linker stubs
LOAD c:/st/stm32cubeide_1.11.0/stm32cubeide/plugins/com.st.stm32cube.ide.mcu.externaltools.gnu-tools-for-stm32.10.3-2021.10.win32_1.0.100.202210260954/tools/bin/../lib/gcc/arm-none-eabi/10.3.1/../../../../arm-none-eabi/lib/thumb/v7-m/nofp\libc.a
LOAD c:/st/stm32cubeide_1.11.0/stm32cubeide/plugins/com.st.stm32cube.ide.mcu.externaltools.gnu-tools-for-stm32.10.3-2021.10.win32_1.0.100.202210260954/tools/bin/../lib/gcc/arm-none-eabi/10.3.1/../../../../arm-none-eabi/lib/thumb/v7-m/nofp\libm.a
LOAD c:/st/stm32cubeide_1.11.0/stm32cubeide/plugins/com.st.stm32cube.ide.mcu.externaltools.gnu-tools-for-stm32.10.3-2021.10.win32_1.0.100.202210260954/tools/bin/../lib/gcc/arm-none-eabi/10.3.1/thumb/v7-m/nofp\libgcc.a

.debug_info     0x0000000000000000     0xf7ea
 .debug_info    0x0000000000000000     0x2d28 ./STM32F103C6_Drivers/EXTI/stm32f103c6_exti_driver.o
 .debug_info    0x0000000000002d28     0x1ee5 ./STM32F103C6_Drivers/GPIO/stm32f103c6_gpio_driver.o
 .debug_info    0x0000000000004c0d     0x379b ./STM32F103C6_Drivers/I2C/stm32f103c6_i2c_driver.o
 .debug_info    0x00000000000083a8     0x2a35 ./STM32F103C6_Drivers/SPI/stm32f103c6_spi_driver.o
 .debug_info    0x000000000000addd     0x2c3b ./STM32F103C6_Drivers/USART/stm32f103c6_usart_driver.o
 .debug_info    0x000000000000da18     0x1db0 ./Src/main.o
 .debug_info    0x000000000000f7c8       0x22 ./Startup/startup_stm32f103c6tx.o

.debug_abbrev   0x0000000000000000      0xc93
 .debug_abbrev  0x0000000000000000      0x205 ./STM32F103C6_Drivers/EXTI/stm32f103c6_exti_driver.o
 .debug_abbrev  0x0000000000000205      0x1c5 ./STM32F103C6_Drivers/GPIO/stm32f103c6_gpio_driver.o
 .debug_abbrev  0x00000000000003ca      0x2a4 ./STM32F103C6_Drivers/I2C/stm32f103c6_i2c_driver.o
 .debug_abbrev  0x000000000000066e      0x23b ./STM32F103C6_Drivers/SPI/stm32f103c6_spi_driver.o
 .debug_abbrev  0x00000000000008a9      0x250 ./STM32F103C6_Drivers/USART/stm32f103c6_usart_driver.o
 .debug_abbrev  0x0000000000000af9      0x188 ./Src/main.o
 .debug_abbrev  0x0000000000000c81       0x12 ./Startup/startup_stm32f103c6tx.o

.debug_loc      0x0000000000000000      0xdec
 .debug_loc     0x0000000000000000      0x268 ./STM32F103C6_Drivers/EXTI/stm32f103c6_exti_driver.o
 .debug_loc     0x0000000000000268      0x2d4 ./STM32F103C6_Drivers/GPIO/stm32f103c6_gpio_driver.o
 .debug_loc     0x000000000000053c      0x3f0 ./STM32F103C6_Drivers/I2C/stm32f103c6_i2c_driver.o
 .debug_loc     0x000000000000092c      0x160 ./STM32F103C6_Drivers/SPI/stm32f103c6_spi_driver.o
 .debug_loc     0x0000000000000a8c      0x2a0 ./STM32F103C6_Drivers/USART/stm32f103c6_usart_driver.o
 .debug_loc     0x0000000000000d2c       0xc0 ./Src/main.o

.debug_aranges  0x0000000000000000      0x238
 .debug_aranges
                0x0000000000000000       0x70 ./STM32F103C6_Drivers/EXTI/stm32f103c6_exti_driver.o
 .debug_aranges
                0x0000000000000070       0x58 ./STM32F103C6_Drivers/GPIO/stm32f103c6_gpio_driver.o
 .debug_aranges
                0x00000000000000c8       0x78 ./STM32F103C6_Drivers/I2C/stm32f103c6_i2c_driver.o
 .debug_aranges
                0x0000000000000140       0x40 ./STM32F103C6_Drivers/SPI/stm32f103c6_spi_driver.o
 .debug_aranges
                0x0000000000000180       0x60 ./STM32F103C6_Drivers/USART/stm32f103c6_usart_driver.o
 .debug_aranges
                0x00000000000001e0       0x30 ./Src/main.o
 .debug_aranges
                0x0000000000000210       0x28 ./Startup/startup_stm32f103c6tx.o

.debug_ranges   0x0000000000000000      0x1d0
 .debug_ranges  0x0000000000000000       0x60 ./STM32F103C6_Drivers/EXTI/stm32f103c6_exti_driver.o
 .debug_ranges  0x0000000000000060       0x48 ./STM32F103C6_Drivers/GPIO/stm32f103c6_gpio_driver.o
 .debug_ranges  0x00000000000000a8       0x68 ./STM32F103C6_Drivers/I2C/stm32f103c6_i2c_driver.o
 .debug_ranges  0x0000000000000110       0x30 ./STM32F103C6_Drivers/SPI/stm32f103c6_spi_driver.o
 .debug_ranges  0x0000000000000140       0x50 ./STM32F103C6_Drivers/USART/stm32f103c6_usart_driver.o
 .debug_ranges  0x0000000000000190       0x20 ./Src/main.o
 .debug_ranges  0x00000000000001b0       0x20 ./Startup/startup_stm32f103c6tx.o

.debug_macro    0x0000000000000000      0x4f4
 .debug_macro   0x0000000000000000       0x3f ./STM32F103C6_Drivers/EXTI/stm32f103c6_exti_driver.o
 .debug_macro   0x000000000000003f      0x21b ./STM32F103C6_Drivers/EXTI/stm32f103c6_exti_driver.o
 .debug_macro   0x000000000000025a       0x2c ./STM32F103C6_Drivers/GPIO/stm32f103c6_gpio_driver.o
 .debug_macro   0x0000000000000286       0x46 ./STM32F103C6_Drivers/I2C/stm32f103c6_i2c_driver.o
 .debug_macro   0x00000000000002cc       0x16 ./STM32F103C6_Drivers/I2C/stm32f103c6_i2c_driver.o
 .debug_macro   0x00000000000002e2       0x39 ./STM32F103C6_Drivers/SPI/stm32f103c6_spi_driver.o
 .debug_macro   0x000000000000031b       0xac ./STM32F103C6_Drivers/SPI/stm32f103c6_spi_driver.o
 .debug_macro   0x00000000000003c7       0x46 ./STM32F103C6_Drivers/USART/stm32f103c6_usart_driver.o
 .debug_macro   0x000000000000040d       0xa0 ./STM32F103C6_Drivers/USART/stm32f103c6_usart_driver.o
 .debug_macro   0x00000000000004ad       0x47 ./Src/main.o

.debug_line     0x0000000000000000     0x2088
 .debug_line    0x0000000000000000      0x49f ./STM32F103C6_Drivers/EXTI/stm32f103c6_exti_driver.o
 .debug_line    0x000000000000049f      0xe68 ./STM32F103C6_Drivers/GPIO/stm32f103c6_gpio_driver.o
 .debug_line    0x0000000000001307      0x4f5 ./STM32F103C6_Drivers/I2C/stm32f103c6_i2c_driver.o
 .debug_line    0x00000000000017fc      0x31c ./STM32F103C6_Drivers/SPI/stm32f103c6_spi_driver.o
 .debug_line    0x0000000000001b18      0x3aa ./STM32F103C6_Drivers/USART/stm32f103c6_usart_driver.o
 .debug_line    0x0000000000001ec2      0x142 ./Src/main.o
 .debug_line    0x0000000000002004       0x84 ./Startup/startup_stm32f103c6tx.o

.debug_str      0x0000000000000000     0x7256
 .debug_str     0x0000000000000000     0x5c21 ./STM32F103C6_Drivers/EXTI/stm32f103c6_exti_driver.o
                                       0x5cb9 (size before relaxing)
 .debug_str     0x0000000000005c21      0x560 ./STM32F103C6_Drivers/GPIO/stm32f103c6_gpio_driver.o
                                       0x47e4 (size before relaxing)
 .debug_str     0x0000000000006181      0x682 ./STM32F103C6_Drivers/I2C/stm32f103c6_i2c_driver.o
                                       0x53e1 (size before relaxing)
 .debug_str     0x0000000000006803      0x4ea ./STM32F103C6_Drivers/SPI/stm32f103c6_spi_driver.o
                                       0x4f00 (size before relaxing)
 .debug_str     0x0000000000006ced      0x504 ./STM32F103C6_Drivers/USART/stm32f103c6_usart_driver.o
                                       0x4fad (size before relaxing)
 .debug_str     0x00000000000071f1       0x34 ./Src/main.o
                                       0x5702 (size before relaxing)
 .debug_str     0x0000000000007225       0x31 ./Startup/startup_stm32f103c6tx.o
                                         0x78 (size before relaxing)

.comment        0x0000000000000000       0x50
 .comment       0x0000000000000000       0x50 ./STM32F103C6_Drivers/EXTI/stm32f103c6_exti_driver.o
                                         0x51 (size before relaxing)
 .comment       0x0000000000000050       0x51 ./STM32F103C6_Drivers/GPIO/stm32f103c6_gpio_driver.o
 .comment       0x0000000000000050       0x51 ./STM32F103C6_Drivers/I2C/stm32f103c6_i2c_driver.o
 .comment       0x0000000000000050       0x51 ./STM32F103C6_Drivers/SPI/stm32f103c6_spi_driver.o
 .comment       0x0000000000000050       0x51 ./STM32F103C6_Drivers/USART/stm32f103c6_usart_driver.o
 .comment       0x0000000000000050       0x51 ./Src/main.o

.debug_frame    0x0000000000000000      0x730
 .debug_frame   0x0000000000000000      0x164 ./STM32F103C6_Drivers/EXTI/stm32f103c6_exti_driver.o
 .debug_frame   0x0000000000000164      0x14c ./STM32F103C6_Drivers/GPIO/stm32f103c6_gpio_driver.o
 .debug_frame   0x00000000000002b0      0x1d4 ./STM32F103C6_Drivers/I2C/stm32f103c6_i2c_driver.o
 .debug_frame   0x0000000000000484       0xc0 ./STM32F103C6_Drivers/SPI/stm32f103c6_spi_driver.o
 .debug_frame   0x0000000000000544      0x150 ./STM32F103C6_Drivers/USART/stm32f103c6_usart_driver.o
 .debug_frame   0x0000000000000694       0x70 ./Src/main.o
 .debug_frame   0x0000000000000704       0x2c c:/st/stm32cubeide_1.11.0/stm32cubeide/plugins/com.st.stm32cube.ide.mcu.externaltools.gnu-tools-for-stm32.10.3-2021.10.win32_1.0.100.202210260954/tools/bin/../lib/gcc/arm-none-eabi/10.3.1/../../../../arm-none-eabi/lib/thumb/v7-m/nofp\libc_nano.a(lib_a-init.o)
