Allocating common symbols
Common symbol       size              file

PC_alarmstate       0x1               PC.o
AA_state            0x4               AA.o
PC_state            0x4               PC.o
AA_state_id         0x1               AA.o
PS_state            0x4               PS.o
PS_state_id         0x1               main.o
PC_state_id         0x1               main.o
AA_alarmstate       0x1               AA.o

Memory Configuration

Name             Origin             Length             Attributes
flash            0x08000000         0x00020000         xr
sram             0x20000000         0x00005000         xrw
*default*        0x00000000         0xffffffff

Linker script and memory map


.text           0x08000000      0x440
 *(.vectors)
 .vectors       0x08000000       0x1c startup.o
                0x08000000                vectors
 *(.text*)
 .text          0x0800001c       0x9c AA.o
                0x0800001c                setAlarm
                0x08000070                ST_AA_alarmOn
                0x08000094                ST_AA_alarmOff
 .text          0x080000b8      0x10c driver.o
                0x080000b8                Delay
                0x080000dc                getPressureVal
                0x080000f4                Set_Alarm_actuator
                0x08000144                GPIO_INITIALIZATION
 .text          0x080001c4       0x54 main.o
                0x080001c4                setup
                0x080001f4                main
 .text          0x08000218      0x124 PC.o
                0x08000218                getPressureValue
                0x08000274                ST_PC_waiting
                0x080002b4                ST_PC_HPdetected
 .text          0x0800033c       0x48 PS.o
                0x0800033c                ST_PS_busy
 .text          0x08000384       0xbc startup.o
                0x08000384                MM_Handler
                0x08000384                Bus_Fault_Handler
                0x08000384                Hard_Fault_Handler
                0x08000384                Default_Handler
                0x08000384                Usage_Fault_Handler
                0x08000384                NMI_Handler
                0x08000390                Reset_Handler
 *(.rodata)
                0x08000440                _E_text = .

.glue_7         0x08000440        0x0
 .glue_7        0x00000000        0x0 linker stubs

.glue_7t        0x08000440        0x0
 .glue_7t       0x00000000        0x0 linker stubs

.vfp11_veneer   0x08000440        0x0
 .vfp11_veneer  0x00000000        0x0 linker stubs

.v4_bx          0x08000440        0x0
 .v4_bx         0x00000000        0x0 linker stubs

.iplt           0x08000440        0x0
 .iplt          0x00000000        0x0 AA.o

.rel.dyn        0x08000440        0x0
 .rel.iplt      0x00000000        0x0 AA.o

.data           0x20000000        0x4 load address 0x08000440
                0x20000000                _S_data = .
 *(.data*)
 .data          0x20000000        0x0 AA.o
 .data          0x20000000        0x0 driver.o
 .data          0x20000000        0x0 main.o
 .data          0x20000000        0x4 PC.o
                0x20000000                PC_threshold
 .data          0x20000004        0x0 PS.o
 .data          0x20000004        0x0 startup.o
                0x20000004                . = ALIGN (0x4)
                0x20000004                _E_data = .

.igot.plt       0x20000004        0x0 load address 0x08000444
 .igot.plt      0x00000000        0x0 AA.o

.bss            0x20000004     0x101c load address 0x08000444
                0x20000004                _S_bss = .
 *(.bss*)
 .bss           0x20000004        0x0 AA.o
 .bss           0x20000004        0x0 driver.o
 .bss           0x20000004        0x0 main.o
 .bss           0x20000004        0x4 PC.o
                0x20000004                PC_pressure
 .bss           0x20000008        0x4 PS.o
                0x20000008                PS_pressure
 .bss           0x2000000c        0x0 startup.o
                0x2000000c                . = ALIGN (0x4)
                0x2000000c                _E_bss = .
                0x2000100c                . = (. + 0x1000)
 *fill*         0x2000000c     0x1000 
                0x2000100c                _stack_top = .
 COMMON         0x2000100c        0x6 AA.o
                0x2000100c                AA_state
                0x20001010                AA_state_id
                0x20001011                AA_alarmstate
 COMMON         0x20001012        0x2 main.o
                0x20001012                PS_state_id
                0x20001013                PC_state_id
 COMMON         0x20001014        0x8 PC.o
                0x20001014                PC_alarmstate
                0x20001018                PC_state
 COMMON         0x2000101c        0x4 PS.o
                0x2000101c                PS_state
LOAD AA.o
LOAD driver.o
LOAD main.o
LOAD PC.o
LOAD PS.o
LOAD startup.o
OUTPUT(Pressure_Controller.elf elf32-littlearm)

.comment        0x00000000       0x11
 .comment       0x00000000       0x11 AA.o
                                 0x12 (size before relaxing)
 .comment       0x00000000       0x12 driver.o
 .comment       0x00000000       0x12 main.o
 .comment       0x00000000       0x12 PC.o
 .comment       0x00000000       0x12 PS.o
 .comment       0x00000000       0x12 startup.o

.ARM.attributes
                0x00000000       0x33
 .ARM.attributes
                0x00000000       0x33 AA.o
 .ARM.attributes
                0x00000033       0x33 driver.o
 .ARM.attributes
                0x00000066       0x33 main.o
 .ARM.attributes
                0x00000099       0x33 PC.o
 .ARM.attributes
                0x000000cc       0x33 PS.o
 .ARM.attributes
                0x000000ff       0x33 startup.o



